Archive member included to satisfy reference by file (symbol)

I:/ARM-GN~1.3/133167~1.3RE/bin/../lib/gcc/arm-none-eabi/13.3.1/thumb/v7e-m+fp/hard\libgcc.a(_arm_muldf3.o)
                              CMakeFiles/CtrBoard-H7_ALL.elf.dir/USER/Module/Vofa+/vofa.c.obj (__aeabi_dmul)
I:/ARM-GN~1.3/133167~1.3RE/bin/../lib/gcc/arm-none-eabi/13.3.1/thumb/v7e-m+fp/hard\libgcc.a(_arm_addsubdf3.o)
                              CMakeFiles/CtrBoard-H7_ALL.elf.dir/USER/Module/Vofa+/vofa.c.obj (__aeabi_dadd)
I:/ARM-GN~1.3/133167~1.3RE/bin/../lib/gcc/arm-none-eabi/13.3.1/thumb/v7e-m+fp/hard\libgcc.a(_arm_muldivdf3.o)
                              CMakeFiles/CtrBoard-H7_ALL.elf.dir/USER/Module/Vofa+/vofa.c.obj (__aeabi_ddiv)
I:/ARM-GN~1.3/133167~1.3RE/bin/../lib/gcc/arm-none-eabi/13.3.1/thumb/v7e-m+fp/hard\libgcc.a(_arm_truncdfsf2.o)
                              CMakeFiles/CtrBoard-H7_ALL.elf.dir/USER/Algorithm/MahonyAHRS/MahonyAHRS.c.obj (__aeabi_d2f)
I:/ARM-GN~1.3/133167~1.3RE/bin/../lib/gcc/arm-none-eabi/13.3.1/thumb/v7e-m+fp/hard\libgcc.a(_aeabi_uldivmod.o)
                              CMakeFiles/CtrBoard-H7_ALL.elf.dir/Drivers/STM32H7xx_HAL_Driver/Src/stm32h7xx_hal_uart.c.obj (__aeabi_uldivmod)
I:/ARM-GN~1.3/133167~1.3RE/bin/../lib/gcc/arm-none-eabi/13.3.1/thumb/v7e-m+fp/hard\libgcc.a(_udivmoddi4.o)
                              I:/ARM-GN~1.3/133167~1.3RE/bin/../lib/gcc/arm-none-eabi/13.3.1/thumb/v7e-m+fp/hard\libgcc.a(_aeabi_uldivmod.o) (__udivmoddi4)
I:/ARM-GN~1.3/133167~1.3RE/bin/../lib/gcc/arm-none-eabi/13.3.1/thumb/v7e-m+fp/hard\libgcc.a(_dvmd_tls.o)
                              I:/ARM-GN~1.3/133167~1.3RE/bin/../lib/gcc/arm-none-eabi/13.3.1/thumb/v7e-m+fp/hard\libgcc.a(_aeabi_uldivmod.o) (__aeabi_ldiv0)
I:/ARM-GN~1.3/133167~1.3RE/bin/../lib/gcc/arm-none-eabi/13.3.1/thumb/v7e-m+fp/hard\libg.a(libc_a-exit.o)
                              I:/ARM-GN~1.3/133167~1.3RE/bin/../lib/gcc/arm-none-eabi/13.3.1/thumb/v7e-m+fp/hard/crt0.o (exit)
I:/ARM-GN~1.3/133167~1.3RE/bin/../lib/gcc/arm-none-eabi/13.3.1/thumb/v7e-m+fp/hard\libg.a(libc_a-findfp.o)
                              I:/ARM-GN~1.3/133167~1.3RE/bin/../lib/gcc/arm-none-eabi/13.3.1/thumb/v7e-m+fp/hard\libg.a(libc_a-exit.o) (__stdio_exit_handler)
I:/ARM-GN~1.3/133167~1.3RE/bin/../lib/gcc/arm-none-eabi/13.3.1/thumb/v7e-m+fp/hard\libg.a(libc_a-fwalk.o)
                              I:/ARM-GN~1.3/133167~1.3RE/bin/../lib/gcc/arm-none-eabi/13.3.1/thumb/v7e-m+fp/hard\libg.a(libc_a-findfp.o) (_fwalk_sglue)
I:/ARM-GN~1.3/133167~1.3RE/bin/../lib/gcc/arm-none-eabi/13.3.1/thumb/v7e-m+fp/hard\libg.a(libc_a-stdio.o)
                              I:/ARM-GN~1.3/133167~1.3RE/bin/../lib/gcc/arm-none-eabi/13.3.1/thumb/v7e-m+fp/hard\libg.a(libc_a-findfp.o) (__sread)
I:/ARM-GN~1.3/133167~1.3RE/bin/../lib/gcc/arm-none-eabi/13.3.1/thumb/v7e-m+fp/hard\libg.a(libc_a-memset.o)
                              I:/ARM-GN~1.3/133167~1.3RE/bin/../lib/gcc/arm-none-eabi/13.3.1/thumb/v7e-m+fp/hard/crt0.o (memset)
I:/ARM-GN~1.3/133167~1.3RE/bin/../lib/gcc/arm-none-eabi/13.3.1/thumb/v7e-m+fp/hard\libg.a(libc_a-closer.o)
                              I:/ARM-GN~1.3/133167~1.3RE/bin/../lib/gcc/arm-none-eabi/13.3.1/thumb/v7e-m+fp/hard\libg.a(libc_a-stdio.o) (_close_r)
I:/ARM-GN~1.3/133167~1.3RE/bin/../lib/gcc/arm-none-eabi/13.3.1/thumb/v7e-m+fp/hard\libg.a(libc_a-reent.o)
                              I:/ARM-GN~1.3/133167~1.3RE/bin/../lib/gcc/arm-none-eabi/13.3.1/thumb/v7e-m+fp/hard\libg.a(libc_a-closer.o) (errno)
I:/ARM-GN~1.3/133167~1.3RE/bin/../lib/gcc/arm-none-eabi/13.3.1/thumb/v7e-m+fp/hard\libg.a(libc_a-impure.o)
                              I:/ARM-GN~1.3/133167~1.3RE/bin/../lib/gcc/arm-none-eabi/13.3.1/thumb/v7e-m+fp/hard\libg.a(libc_a-reent.o) (_impure_ptr)
I:/ARM-GN~1.3/133167~1.3RE/bin/../lib/gcc/arm-none-eabi/13.3.1/thumb/v7e-m+fp/hard\libg.a(libc_a-lseekr.o)
                              I:/ARM-GN~1.3/133167~1.3RE/bin/../lib/gcc/arm-none-eabi/13.3.1/thumb/v7e-m+fp/hard\libg.a(libc_a-stdio.o) (_lseek_r)
I:/ARM-GN~1.3/133167~1.3RE/bin/../lib/gcc/arm-none-eabi/13.3.1/thumb/v7e-m+fp/hard\libg.a(libc_a-readr.o)
                              I:/ARM-GN~1.3/133167~1.3RE/bin/../lib/gcc/arm-none-eabi/13.3.1/thumb/v7e-m+fp/hard\libg.a(libc_a-stdio.o) (_read_r)
I:/ARM-GN~1.3/133167~1.3RE/bin/../lib/gcc/arm-none-eabi/13.3.1/thumb/v7e-m+fp/hard\libg.a(libc_a-writer.o)
                              I:/ARM-GN~1.3/133167~1.3RE/bin/../lib/gcc/arm-none-eabi/13.3.1/thumb/v7e-m+fp/hard\libg.a(libc_a-stdio.o) (_write_r)
I:/ARM-GN~1.3/133167~1.3RE/bin/../lib/gcc/arm-none-eabi/13.3.1/thumb/v7e-m+fp/hard\libg.a(libc_a-errno.o)
                              CMakeFiles/CtrBoard-H7_ALL.elf.dir/Core/Src/syscalls.c.obj (__errno)
I:/ARM-GN~1.3/133167~1.3RE/bin/../lib/gcc/arm-none-eabi/13.3.1/thumb/v7e-m+fp/hard\libg.a(libc_a-init.o)
                              I:/ARM-GN~1.3/133167~1.3RE/bin/../lib/gcc/arm-none-eabi/13.3.1/thumb/v7e-m+fp/hard/crt0.o (__libc_init_array)
[...]
Memory Configuration

Name             Origin             Length             Attributes
ITCMRAM          0x00000000         0x00010000         xrw
DTCMRAM          0x20000000         0x00020000         xrw
FLASH            0x08000000         0x00100000         xr
RAM_D1           0x24000000         0x00050000         xrw
RAM_D2           0x30000000         0x00008000         xrw
RAM_D3           0x38000000         0x00004000         xrw
*default*        0x00000000         0xffffffff

Linker script and memory map

LOAD I:/ARM-GN~1.3/133167~1.3RE/bin/../lib/gcc/arm-none-eabi/13.3.1/thumb/v7e-m+fp/hard/crti.o
LOAD I:/ARM-GN~1.3/133167~1.3RE/bin/../lib/gcc/arm-none-eabi/13.3.1/thumb/v7e-m+fp/hard/crtbegin.o
LOAD I:/ARM-GN~1.3/133167~1.3RE/bin/../lib/gcc/arm-none-eabi/13.3.1/thumb/v7e-m+fp/hard/crt0.o
LOAD CMakeFiles/CtrBoard-H7_ALL.elf.dir/Core/Src/adc.c.obj
LOAD CMakeFiles/CtrBoard-H7_ALL.elf.dir/Core/Src/dma.c.obj
LOAD CMakeFiles/CtrBoard-H7_ALL.elf.dir/Core/Src/fdcan.c.obj
LOAD CMakeFiles/CtrBoard-H7_ALL.elf.dir/Core/Src/freertos.c.obj
LOAD CMakeFiles/CtrBoard-H7_ALL.elf.dir/Core/Src/gpio.c.obj
LOAD CMakeFiles/CtrBoard-H7_ALL.elf.dir/Core/Src/main.c.obj
LOAD CMakeFiles/CtrBoard-H7_ALL.elf.dir/Core/Src/memorymap.c.obj
LOAD CMakeFiles/CtrBoard-H7_ALL.elf.dir/Core/Src/octospi.c.obj
LOAD CMakeFiles/CtrBoard-H7_ALL.elf.dir/Core/Src/spi.c.obj
LOAD CMakeFiles/CtrBoard-H7_ALL.elf.dir/Core/Src/stm32h7xx_hal_msp.c.obj
LOAD CMakeFiles/CtrBoard-H7_ALL.elf.dir/Core/Src/stm32h7xx_hal_timebase_tim.c.obj
LOAD CMakeFiles/CtrBoard-H7_ALL.elf.dir/Core/Src/stm32h7xx_it.c.obj
LOAD CMakeFiles/CtrBoard-H7_ALL.elf.dir/Core/Src/syscalls.c.obj
LOAD CMakeFiles/CtrBoard-H7_ALL.elf.dir/Core/Src/sysmem.c.obj
LOAD CMakeFiles/CtrBoard-H7_ALL.elf.dir/Core/Src/system_stm32h7xx.c.obj
LOAD CMakeFiles/CtrBoard-H7_ALL.elf.dir/Core/Src/tim.c.obj
LOAD CMakeFiles/CtrBoard-H7_ALL.elf.dir/Core/Src/usart.c.obj
LOAD CMakeFiles/CtrBoard-H7_ALL.elf.dir/Core/Startup/startup_stm32h723vgtx.s.obj
LOAD CMakeFiles/CtrBoard-H7_ALL.elf.dir/Drivers/STM32H7xx_HAL_Driver/Src/stm32h7xx_hal.c.obj
LOAD CMakeFiles/CtrBoard-H7_ALL.elf.dir/Drivers/STM32H7xx_HAL_Driver/Src/stm32h7xx_hal_adc.c.obj
LOAD CMakeFiles/CtrBoard-H7_ALL.elf.dir/Drivers/STM32H7xx_HAL_Driver/Src/stm32h7xx_hal_adc_ex.c.obj
LOAD CMakeFiles/CtrBoard-H7_ALL.elf.dir/Drivers/STM32H7xx_HAL_Driver/Src/stm32h7xx_hal_cortex.c.obj
LOAD CMakeFiles/CtrBoard-H7_ALL.elf.dir/Drivers/STM32H7xx_HAL_Driver/Src/stm32h7xx_hal_dma.c.obj
LOAD CMakeFiles/CtrBoard-H7_ALL.elf.dir/Drivers/STM32H7xx_HAL_Driver/Src/stm32h7xx_hal_dma_ex.c.obj
LOAD CMakeFiles/CtrBoard-H7_ALL.elf.dir/Drivers/STM32H7xx_HAL_Driver/Src/stm32h7xx_hal_exti.c.obj
LOAD CMakeFiles/CtrBoard-H7_ALL.elf.dir/Drivers/STM32H7xx_HAL_Driver/Src/stm32h7xx_hal_fdcan.c.obj
LOAD CMakeFiles/CtrBoard-H7_ALL.elf.dir/Drivers/STM32H7xx_HAL_Driver/Src/stm32h7xx_hal_flash.c.obj
LOAD CMakeFiles/CtrBoard-H7_ALL.elf.dir/Drivers/STM32H7xx_HAL_Driver/Src/stm32h7xx_hal_flash_ex.c.obj
LOAD CMakeFiles/CtrBoard-H7_ALL.elf.dir/Drivers/STM32H7xx_HAL_Driver/Src/stm32h7xx_hal_gpio.c.obj
LOAD CMakeFiles/CtrBoard-H7_ALL.elf.dir/Drivers/STM32H7xx_HAL_Driver/Src/stm32h7xx_hal_hsem.c.obj
LOAD CMakeFiles/CtrBoard-H7_ALL.elf.dir/Drivers/STM32H7xx_HAL_Driver/Src/stm32h7xx_hal_i2c.c.obj
LOAD CMakeFiles/CtrBoard-H7_ALL.elf.dir/Drivers/STM32H7xx_HAL_Driver/Src/stm32h7xx_hal_i2c_ex.c.obj
LOAD CMakeFiles/CtrBoard-H7_ALL.elf.dir/Drivers/STM32H7xx_HAL_Driver/Src/stm32h7xx_hal_mdma.c.obj
LOAD CMakeFiles/CtrBoard-H7_ALL.elf.dir/Drivers/STM32H7xx_HAL_Driver/Src/stm32h7xx_hal_ospi.c.obj
LOAD CMakeFiles/CtrBoard-H7_ALL.elf.dir/Drivers/STM32H7xx_HAL_Driver/Src/stm32h7xx_hal_pcd.c.obj
LOAD CMakeFiles/CtrBoard-H7_ALL.elf.dir/Drivers/STM32H7xx_HAL_Driver/Src/stm32h7xx_hal_pcd_ex.c.obj
LOAD CMakeFiles/CtrBoard-H7_ALL.elf.dir/Drivers/STM32H7xx_HAL_Driver/Src/stm32h7xx_hal_pwr.c.obj
LOAD CMakeFiles/CtrBoard-H7_ALL.elf.dir/Drivers/STM32H7xx_HAL_Driver/Src/stm32h7xx_hal_pwr_ex.c.obj
LOAD CMakeFiles/CtrBoard-H7_ALL.elf.dir/Drivers/STM32H7xx_HAL_Driver/Src/stm32h7xx_hal_rcc.c.obj
LOAD CMakeFiles/CtrBoard-H7_ALL.elf.dir/Drivers/STM32H7xx_HAL_Driver/Src/stm32h7xx_hal_rcc_ex.c.obj
LOAD CMakeFiles/CtrBoard-H7_ALL.elf.dir/Drivers/STM32H7xx_HAL_Driver/Src/stm32h7xx_hal_spi.c.obj
LOAD CMakeFiles/CtrBoard-H7_ALL.elf.dir/Drivers/STM32H7xx_HAL_Driver/Src/stm32h7xx_hal_spi_ex.c.obj
LOAD CMakeFiles/CtrBoard-H7_ALL.elf.dir/Drivers/STM32H7xx_HAL_Driver/Src/stm32h7xx_hal_tim.c.obj
LOAD CMakeFiles/CtrBoard-H7_ALL.elf.dir/Drivers/STM32H7xx_HAL_Driver/Src/stm32h7xx_hal_tim_ex.c.obj
LOAD CMakeFiles/CtrBoard-H7_ALL.elf.dir/Drivers/STM32H7xx_HAL_Driver/Src/stm32h7xx_hal_uart.c.obj
LOAD CMakeFiles/CtrBoard-H7_ALL.elf.dir/Drivers/STM32H7xx_HAL_Driver/Src/stm32h7xx_hal_uart_ex.c.obj
LOAD CMakeFiles/CtrBoard-H7_ALL.elf.dir/Drivers/STM32H7xx_HAL_Driver/Src/stm32h7xx_ll_usb.c.obj
LOAD CMakeFiles/CtrBoard-H7_ALL.elf.dir/Middlewares/ST/STM32_USB_Device_Library/Class/CDC/Src/usbd_cdc.c.obj
LOAD CMakeFiles/CtrBoard-H7_ALL.elf.dir/Middlewares/ST/STM32_USB_Device_Library/Core/Src/usbd_core.c.obj
LOAD CMakeFiles/CtrBoard-H7_ALL.elf.dir/Middlewares/ST/STM32_USB_Device_Library/Core/Src/usbd_ctlreq.c.obj
LOAD CMakeFiles/CtrBoard-H7_ALL.elf.dir/Middlewares/ST/STM32_USB_Device_Library/Core/Src/usbd_ioreq.c.obj
LOAD CMakeFiles/CtrBoard-H7_ALL.elf.dir/Middlewares/Third_Party/FreeRTOS/Source/CMSIS_RTOS/cmsis_os.c.obj
LOAD CMakeFiles/CtrBoard-H7_ALL.elf.dir/Middlewares/Third_Party/FreeRTOS/Source/croutine.c.obj
LOAD CMakeFiles/CtrBoard-H7_ALL.elf.dir/Middlewares/Third_Party/FreeRTOS/Source/event_groups.c.obj
LOAD CMakeFiles/CtrBoard-H7_ALL.elf.dir/Middlewares/Third_Party/FreeRTOS/Source/list.c.obj
LOAD CMakeFiles/CtrBoard-H7_ALL.elf.dir/Middlewares/Third_Party/FreeRTOS/Source/portable/GCC/ARM_CM4F/port.c.obj
LOAD CMakeFiles/CtrBoard-H7_ALL.elf.dir/Middlewares/Third_Party/FreeRTOS/Source/portable/MemMang/heap_4.c.obj
LOAD CMakeFiles/CtrBoard-H7_ALL.elf.dir/Middlewares/Third_Party/FreeRTOS/Source/queue.c.obj
LOAD CMakeFiles/CtrBoard-H7_ALL.elf.dir/Middlewares/Third_Party/FreeRTOS/Source/stream_buffer.c.obj
LOAD CMakeFiles/CtrBoard-H7_ALL.elf.dir/Middlewares/Third_Party/FreeRTOS/Source/tasks.c.obj
LOAD CMakeFiles/CtrBoard-H7_ALL.elf.dir/Middlewares/Third_Party/FreeRTOS/Source/timers.c.obj
LOAD CMakeFiles/CtrBoard-H7_ALL.elf.dir/USB_DEVICE/App/usb_device.c.obj
LOAD CMakeFiles/CtrBoard-H7_ALL.elf.dir/USB_DEVICE/App/usbd_cdc_if.c.obj
LOAD CMakeFiles/CtrBoard-H7_ALL.elf.dir/USB_DEVICE/App/usbd_desc.c.obj
LOAD CMakeFiles/CtrBoard-H7_ALL.elf.dir/USB_DEVICE/Target/usbd_conf.c.obj
LOAD CMakeFiles/CtrBoard-H7_ALL.elf.dir/USER/Algorithm/MahonyAHRS/MahonyAHRS.c.obj
LOAD CMakeFiles/CtrBoard-H7_ALL.elf.dir/USER/Module/Bmi088/BMI088Middleware.c.obj
LOAD CMakeFiles/CtrBoard-H7_ALL.elf.dir/USER/Module/Bmi088/BMI088driver.c.obj
LOAD CMakeFiles/CtrBoard-H7_ALL.elf.dir/USER/Module/Vofa+/vofa.c.obj
LOAD CMakeFiles/CtrBoard-H7_ALL.elf.dir/USER/Task/Imu/imu_task.c.obj
START GROUP
LOAD I:/ARM-GN~1.3/133167~1.3RE/bin/../lib/gcc/arm-none-eabi/13.3.1/thumb/v7e-m+fp/hard\libgcc.a
LOAD I:/ARM-GN~1.3/133167~1.3RE/bin/../lib/gcc/arm-none-eabi/13.3.1/thumb/v7e-m+fp/hard\libg.a
LOAD I:/ARM-GN~1.3/133167~1.3RE/bin/../lib/gcc/arm-none-eabi/13.3.1/thumb/v7e-m+fp/hard\libc.a
END GROUP
LOAD I:/ARM-GN~1.3/133167~1.3RE/bin/../lib/gcc/arm-none-eabi/13.3.1/thumb/v7e-m+fp/hard/crtend.o
LOAD I:/ARM-GN~1.3/133167~1.3RE/bin/../lib/gcc/arm-none-eabi/13.3.1/thumb/v7e-m+fp/hard/crtn.o
                0x24050000                        _estack = (ORIGIN (RAM_D1) + LENGTH (RAM_D1))
                0x00000200                        _Min_Heap_Size = 0x200
                0x00000800                        _Min_Stack_Size = 0x800

.isr_vector     0x08000000      0x2cc
                0x08000000                        . = ALIGN (0x4)
 *(.isr_vector)
 .isr_vector    0x08000000      0x2cc CMakeFiles/CtrBoard-H7_ALL.elf.dir/Core/Startup/startup_stm32h723vgtx.s.obj
                0x08000000                g_pfnVectors
                0x080002cc                        . = ALIGN (0x4)

.text           0x080002d0    0x11120
                0x080002d0                        . = ALIGN (0x4)
 *(.text)
 .text          0x080002d0      0x378 I:/ARM-GN~1.3/133167~1.3RE/bin/../lib/gcc/arm-none-eabi/13.3.1/thumb/v7e-m+fp/hard\libgcc.a(_arm_addsubdf3.o)
                0x080002d0                __aeabi_drsub
                0x080002d8                __aeabi_dsub
                0x080002d8                __subdf3
                0x080002dc                __aeabi_dadd
                0x080002dc                __adddf3
                0x08000554                __floatunsidf
                0x08000554                __aeabi_ui2d
                0x08000574                __floatsidf
                0x08000574                __aeabi_i2d
                0x08000598                __aeabi_f2d
                0x08000598                __extendsfdf2
                0x080005dc                __floatundidf
                0x080005dc                __aeabi_ul2d
                0x080005ec                __floatdidf
                0x080005ec                __aeabi_l2d
 .text          0x08000648      0x424 I:/ARM-GN~1.3/133167~1.3RE/bin/../lib/gcc/arm-none-eabi/13.3.1/thumb/v7e-m+fp/hard\libgcc.a(_arm_muldivdf3.o)
                0x08000648                __aeabi_dmul
                0x08000648                __muldf3
                0x0800089c                __divdf3
                0x0800089c                __aeabi_ddiv
 .text          0x08000a6c       0xa0 I:/ARM-GN~1.3/133167~1.3RE/bin/../lib/gcc/arm-none-eabi/13.3.1/thumb/v7e-m+fp/hard\libgcc.a(_arm_truncdfsf2.o)
                0x08000a6c                __truncdfsf2
                0x08000a6c                __aeabi_d2f
 .text          0x08000b0c       0x30 I:/ARM-GN~1.3/133167~1.3RE/bin/../lib/gcc/arm-none-eabi/13.3.1/thumb/v7e-m+fp/hard\libgcc.a(_aeabi_uldivmod.o)
                0x08000b0c                __aeabi_uldivmod
 .text          0x08000b3c        0x4 I:/ARM-GN~1.3/133167~1.3RE/bin/../lib/gcc/arm-none-eabi/13.3.1/thumb/v7e-m+fp/hard\libgcc.a(_dvmd_tls.o)
                0x08000b3c                __aeabi_idiv0
                0x08000b3c                __aeabi_ldiv0
 .text          0x08000b40      0x134 I:/ARM-GN~1.3/133167~1.3RE/bin/../lib/gcc/arm-none-eabi/13.3.1/thumb/v7e-m+fp/hard\libg.a(libc_a-memcpy.o)
                0x08000b40                memcpy
 .text          0x08000c74      0x110 I:/ARM-GN~1.3/133167~1.3RE/bin/../lib/gcc/arm-none-eabi/13.3.1/thumb/v7e-m+fp/hard\libgcc.a(_arm_cmpdf2.o)
                0x08000c74                __gtdf2
                0x08000c74                __gedf2
                0x08000c7c                __ltdf2
                0x08000c7c                __ledf2
                0x08000c84                __nedf2
                0x08000c84                __eqdf2
                0x08000c84                __cmpdf2
                0x08000d00                __aeabi_cdrcmple
                0x08000d10                __aeabi_cdcmpeq
                0x08000d10                __aeabi_cdcmple
                0x08000d20                __aeabi_dcmpeq
                0x08000d34                __aeabi_dcmplt
                0x08000d48                __aeabi_dcmple
                0x08000d5c                __aeabi_dcmpge
                0x08000d70                __aeabi_dcmpgt
 .text          0x08000d84       0x50 I:/ARM-GN~1.3/133167~1.3RE/bin/../lib/gcc/arm-none-eabi/13.3.1/thumb/v7e-m+fp/hard\libgcc.a(_arm_fixdfsi.o)
                0x08000d84                __aeabi_d2iz
                0x08000d84                __fixdfsi
 *(.text*)
 .text.deregister_tm_clones
                0x08000dd4       0x1c I:/ARM-GN~1.3/133167~1.3RE/bin/../lib/gcc/arm-none-eabi/13.3.1/thumb/v7e-m+fp/hard/crtbegin.o
 .text.register_tm_clones
                0x08000df0       0x24 I:/ARM-GN~1.3/133167~1.3RE/bin/../lib/gcc/arm-none-eabi/13.3.1/thumb/v7e-m+fp/hard/crtbegin.o
 .text.__do_global_dtors_aux
                0x08000e14       0x28 I:/ARM-GN~1.3/133167~1.3RE/bin/../lib/gcc/arm-none-eabi/13.3.1/thumb/v7e-m+fp/hard/crtbegin.o
 .text.frame_dummy
                0x08000e3c       0x24 I:/ARM-GN~1.3/133167~1.3RE/bin/../lib/gcc/arm-none-eabi/13.3.1/thumb/v7e-m+fp/hard/crtbegin.o
 .text.MX_ADC1_Init
                0x08000e60       0xc4 CMakeFiles/CtrBoard-H7_ALL.elf.dir/Core/Src/adc.c.obj
                0x08000e60                MX_ADC1_Init
 .text.HAL_ADC_MspInit
                0x08000f24      0x118 CMakeFiles/CtrBoard-H7_ALL.elf.dir/Core/Src/adc.c.obj
                0x08000f24                HAL_ADC_MspInit
 .text.MX_DMA_Init
                0x0800103c       0x38 CMakeFiles/CtrBoard-H7_ALL.elf.dir/Core/Src/dma.c.obj
                0x0800103c                MX_DMA_Init
 .text.MX_FDCAN1_Init
                0x08001074       0x60 CMakeFiles/CtrBoard-H7_ALL.elf.dir/Core/Src/fdcan.c.obj
                0x08001074                MX_FDCAN1_Init
 .text.MX_FDCAN2_Init
                0x080010d4       0x64 CMakeFiles/CtrBoard-H7_ALL.elf.dir/Core/Src/fdcan.c.obj
                0x080010d4                MX_FDCAN2_Init
 .text.MX_FDCAN3_Init
                0x08001138       0x64 CMakeFiles/CtrBoard-H7_ALL.elf.dir/Core/Src/fdcan.c.obj
                0x08001138                MX_FDCAN3_Init
 .text.HAL_FDCAN_MspInit
                0x0800119c      0x228 CMakeFiles/CtrBoard-H7_ALL.elf.dir/Core/Src/fdcan.c.obj
                0x0800119c                HAL_FDCAN_MspInit
 .text.StartDefaultTask
                0x080013c4        0xe CMakeFiles/CtrBoard-H7_ALL.elf.dir/Core/Src/freertos.c.obj
                0x080013c4                StartDefaultTask
 .text.KeyTask_Entry
                0x080013d2        0xa CMakeFiles/CtrBoard-H7_ALL.elf.dir/Core/Src/freertos.c.obj
                0x080013d2                KeyTask_Entry
 .text.LcdTask_Entry
                0x080013dc        0xa CMakeFiles/CtrBoard-H7_ALL.elf.dir/Core/Src/freertos.c.obj
                0x080013dc                LcdTask_Entry
 .text.FunTest_Entry
                0x080013e6        0xa CMakeFiles/CtrBoard-H7_ALL.elf.dir/Core/Src/freertos.c.obj
                0x080013e6                FunTest_Entry
 .text.vApplicationGetIdleTaskMemory
                0x080013f0       0x18 CMakeFiles/CtrBoard-H7_ALL.elf.dir/Core/Src/freertos.c.obj
                0x080013f0                vApplicationGetIdleTaskMemory
 .text.vApplicationGetTimerTaskMemory
                0x08001408       0x18 CMakeFiles/CtrBoard-H7_ALL.elf.dir/Core/Src/freertos.c.obj
                0x08001408                vApplicationGetTimerTaskMemory
 .text.MX_FREERTOS_Init
                0x08001420       0xd4 CMakeFiles/CtrBoard-H7_ALL.elf.dir/Core/Src/freertos.c.obj
                0x08001420                MX_FREERTOS_Init
 .text.MX_GPIO_Init
                0x080014f4      0x1cc CMakeFiles/CtrBoard-H7_ALL.elf.dir/Core/Src/gpio.c.obj
                0x080014f4                MX_GPIO_Init
 .text.HAL_TIM_PeriodElapsedCallback
                0x080016c0       0x18 CMakeFiles/CtrBoard-H7_ALL.elf.dir/Core/Src/main.c.obj
                0x080016c0                HAL_TIM_PeriodElapsedCallback
 .text.Error_Handler
                0x080016d8        0x4 CMakeFiles/CtrBoard-H7_ALL.elf.dir/Core/Src/main.c.obj
                0x080016d8                Error_Handler
 .text.SystemClock_Config
                0x080016dc       0xc0 CMakeFiles/CtrBoard-H7_ALL.elf.dir/Core/Src/main.c.obj
                0x080016dc                SystemClock_Config
 .text.main     0x0800179c       0x60 CMakeFiles/CtrBoard-H7_ALL.elf.dir/Core/Src/main.c.obj
                0x0800179c                main
 .text.MX_OCTOSPI2_Init
                0x080017fc       0x7c CMakeFiles/CtrBoard-H7_ALL.elf.dir/Core/Src/octospi.c.obj
                0x080017fc                MX_OCTOSPI2_Init
 .text.HAL_OSPI_MspInit
                0x08001878      0x184 CMakeFiles/CtrBoard-H7_ALL.elf.dir/Core/Src/octospi.c.obj
                0x08001878                HAL_OSPI_MspInit
 .text.MX_SPI1_Init
                0x080019fc       0x64 CMakeFiles/CtrBoard-H7_ALL.elf.dir/Core/Src/spi.c.obj
                0x080019fc                MX_SPI1_Init
 .text.MX_SPI2_Init
                0x08001a60       0x60 CMakeFiles/CtrBoard-H7_ALL.elf.dir/Core/Src/spi.c.obj
                0x08001a60                MX_SPI2_Init
 .text.MX_SPI6_Init
                0x08001ac0       0x64 CMakeFiles/CtrBoard-H7_ALL.elf.dir/Core/Src/spi.c.obj
                0x08001ac0                MX_SPI6_Init
 .text.HAL_SPI_MspInit
                0x08001b24      0x220 CMakeFiles/CtrBoard-H7_ALL.elf.dir/Core/Src/spi.c.obj
                0x08001b24                HAL_SPI_MspInit
 .text.HAL_MspInit
                0x08001d44       0x34 CMakeFiles/CtrBoard-H7_ALL.elf.dir/Core/Src/stm32h7xx_hal_msp.c.obj
                0x08001d44                HAL_MspInit
 .text.HAL_InitTick
                0x08001d78       0x90 CMakeFiles/CtrBoard-H7_ALL.elf.dir/Core/Src/stm32h7xx_hal_timebase_tim.c.obj
                0x08001d78                HAL_InitTick
 .text.NMI_Handler
                0x08001e08        0x2 CMakeFiles/CtrBoard-H7_ALL.elf.dir/Core/Src/stm32h7xx_it.c.obj
                0x08001e08                NMI_Handler
 .text.HardFault_Handler
                0x08001e0a        0x2 CMakeFiles/CtrBoard-H7_ALL.elf.dir/Core/Src/stm32h7xx_it.c.obj
                0x08001e0a                HardFault_Handler
 .text.MemManage_Handler
                0x08001e0c        0x2 CMakeFiles/CtrBoard-H7_ALL.elf.dir/Core/Src/stm32h7xx_it.c.obj
                0x08001e0c                MemManage_Handler
 .text.BusFault_Handler
                0x08001e0e        0x2 CMakeFiles/CtrBoard-H7_ALL.elf.dir/Core/Src/stm32h7xx_it.c.obj
                0x08001e0e                BusFault_Handler
 .text.UsageFault_Handler
                0x08001e10        0x2 CMakeFiles/CtrBoard-H7_ALL.elf.dir/Core/Src/stm32h7xx_it.c.obj
                0x08001e10                UsageFault_Handler
 .text.DebugMon_Handler
                0x08001e12        0x2 CMakeFiles/CtrBoard-H7_ALL.elf.dir/Core/Src/stm32h7xx_it.c.obj
                0x08001e12                DebugMon_Handler
 .text.DMA1_Stream0_IRQHandler
                0x08001e14       0x10 CMakeFiles/CtrBoard-H7_ALL.elf.dir/Core/Src/stm32h7xx_it.c.obj
                0x08001e14                DMA1_Stream0_IRQHandler
 .text.FDCAN1_IT0_IRQHandler
                0x08001e24       0x10 CMakeFiles/CtrBoard-H7_ALL.elf.dir/Core/Src/stm32h7xx_it.c.obj
                0x08001e24                FDCAN1_IT0_IRQHandler
 .text.FDCAN2_IT0_IRQHandler
                0x08001e34       0x10 CMakeFiles/CtrBoard-H7_ALL.elf.dir/Core/Src/stm32h7xx_it.c.obj
                0x08001e34                FDCAN2_IT0_IRQHandler
 .text.FDCAN1_IT1_IRQHandler
                0x08001e44       0x10 CMakeFiles/CtrBoard-H7_ALL.elf.dir/Core/Src/stm32h7xx_it.c.obj
                0x08001e44                FDCAN1_IT1_IRQHandler
 .text.FDCAN2_IT1_IRQHandler
                0x08001e54       0x10 CMakeFiles/CtrBoard-H7_ALL.elf.dir/Core/Src/stm32h7xx_it.c.obj
                0x08001e54                FDCAN2_IT1_IRQHandler
 .text.USART1_IRQHandler
                0x08001e64       0x10 CMakeFiles/CtrBoard-H7_ALL.elf.dir/Core/Src/stm32h7xx_it.c.obj
                0x08001e64                USART1_IRQHandler
 .text.USART2_IRQHandler
                0x08001e74       0x10 CMakeFiles/CtrBoard-H7_ALL.elf.dir/Core/Src/stm32h7xx_it.c.obj
                0x08001e74                USART2_IRQHandler
 .text.USART3_IRQHandler
                0x08001e84       0x10 CMakeFiles/CtrBoard-H7_ALL.elf.dir/Core/Src/stm32h7xx_it.c.obj
                0x08001e84                USART3_IRQHandler
 .text.OTG_HS_IRQHandler
                0x08001e94       0x10 CMakeFiles/CtrBoard-H7_ALL.elf.dir/Core/Src/stm32h7xx_it.c.obj
                0x08001e94                OTG_HS_IRQHandler
 .text.UART7_IRQHandler
                0x08001ea4       0x10 CMakeFiles/CtrBoard-H7_ALL.elf.dir/Core/Src/stm32h7xx_it.c.obj
                0x08001ea4                UART7_IRQHandler
 .text.USART10_IRQHandler
                0x08001eb4       0x10 CMakeFiles/CtrBoard-H7_ALL.elf.dir/Core/Src/stm32h7xx_it.c.obj
                0x08001eb4                USART10_IRQHandler
 .text.FDCAN3_IT0_IRQHandler
                0x08001ec4       0x10 CMakeFiles/CtrBoard-H7_ALL.elf.dir/Core/Src/stm32h7xx_it.c.obj
                0x08001ec4                FDCAN3_IT0_IRQHandler
 .text.FDCAN3_IT1_IRQHandler
                0x08001ed4       0x10 CMakeFiles/CtrBoard-H7_ALL.elf.dir/Core/Src/stm32h7xx_it.c.obj
                0x08001ed4                FDCAN3_IT1_IRQHandler
 .text.TIM23_IRQHandler
                0x08001ee4       0x10 CMakeFiles/CtrBoard-H7_ALL.elf.dir/Core/Src/stm32h7xx_it.c.obj
                0x08001ee4                TIM23_IRQHandler
 .text.SystemInit
                0x08001ef4       0xac CMakeFiles/CtrBoard-H7_ALL.elf.dir/Core/Src/system_stm32h7xx.c.obj
                0x08001ef4                SystemInit
 .text.HAL_TIM_PWM_MspInit
                0x08001fa0       0xa0 CMakeFiles/CtrBoard-H7_ALL.elf.dir/Core/Src/tim.c.obj
                0x08001fa0                HAL_TIM_PWM_MspInit
 .text.HAL_TIM_MspPostInit
                0x08002040      0x10c CMakeFiles/CtrBoard-H7_ALL.elf.dir/Core/Src/tim.c.obj
                0x08002040                HAL_TIM_MspPostInit
 .text.MX_TIM1_Init
                0x0800214c       0xe0 CMakeFiles/CtrBoard-H7_ALL.elf.dir/Core/Src/tim.c.obj
                0x0800214c                MX_TIM1_Init
 .text.MX_TIM2_Init
                0x0800222c       0x98 CMakeFiles/CtrBoard-H7_ALL.elf.dir/Core/Src/tim.c.obj
                0x0800222c                MX_TIM2_Init
 .text.MX_TIM3_Init
                0x080022c4       0x88 CMakeFiles/CtrBoard-H7_ALL.elf.dir/Core/Src/tim.c.obj
                0x080022c4                MX_TIM3_Init
 .text.MX_TIM12_Init
                0x0800234c       0x84 CMakeFiles/CtrBoard-H7_ALL.elf.dir/Core/Src/tim.c.obj
                0x0800234c                MX_TIM12_Init
 .text.MX_UART7_Init
                0x080023d0       0x68 CMakeFiles/CtrBoard-H7_ALL.elf.dir/Core/Src/usart.c.obj
                0x080023d0                MX_UART7_Init
 .text.MX_USART1_UART_Init
                0x08002438       0x68 CMakeFiles/CtrBoard-H7_ALL.elf.dir/Core/Src/usart.c.obj
                0x08002438                MX_USART1_UART_Init
 .text.MX_USART2_UART_Init
                0x080024a0       0x6c CMakeFiles/CtrBoard-H7_ALL.elf.dir/Core/Src/usart.c.obj
                0x080024a0                MX_USART2_UART_Init
 .text.MX_USART3_UART_Init
                0x0800250c       0x6c CMakeFiles/CtrBoard-H7_ALL.elf.dir/Core/Src/usart.c.obj
                0x0800250c                MX_USART3_UART_Init
 .text.MX_USART10_UART_Init
                0x08002578       0x68 CMakeFiles/CtrBoard-H7_ALL.elf.dir/Core/Src/usart.c.obj
                0x08002578                MX_USART10_UART_Init
 .text.HAL_UART_MspInit
                0x080025e0      0x2fc CMakeFiles/CtrBoard-H7_ALL.elf.dir/Core/Src/usart.c.obj
                0x080025e0                HAL_UART_MspInit
 .text.Reset_Handler
                0x080028dc       0x50 CMakeFiles/CtrBoard-H7_ALL.elf.dir/Core/Startup/startup_stm32h723vgtx.s.obj
                0x080028dc                Reset_Handler
 .text.Default_Handler
                0x0800292c        0x2 CMakeFiles/CtrBoard-H7_ALL.elf.dir/Core/Startup/startup_stm32h723vgtx.s.obj
                0x0800292c                RTC_Alarm_IRQHandler
                0x0800292c                EXTI2_IRQHandler
                0x0800292c                TIM8_CC_IRQHandler
                0x0800292c                UART8_IRQHandler
                0x0800292c                SPI4_IRQHandler
                0x0800292c                TIM1_CC_IRQHandler
                0x0800292c                BDMA_Channel6_IRQHandler
                0x0800292c                DMA2_Stream5_IRQHandler
                0x0800292c                DMA1_Stream5_IRQHandler
                0x0800292c                CORDIC_IRQHandler
                0x0800292c                BDMA_Channel1_IRQHandler
                0x0800292c                TAMP_STAMP_IRQHandler
                0x0800292c                EXTI3_IRQHandler
                0x0800292c                LPTIM4_IRQHandler
                0x0800292c                TIM8_TRG_COM_TIM14_IRQHandler
                0x0800292c                LPTIM2_IRQHandler
                0x0800292c                DFSDM1_FLT1_IRQHandler
                0x0800292c                DMAMUX2_OVR_IRQHandler
                0x0800292c                TIM8_UP_TIM13_IRQHandler
                0x0800292c                I2C3_ER_IRQHandler
                0x0800292c                DFSDM1_FLT2_IRQHandler
                0x0800292c                I2C5_EV_IRQHandler
                0x0800292c                MDMA_IRQHandler
                0x0800292c                LPTIM3_IRQHandler
                0x0800292c                HSEM1_IRQHandler
                0x0800292c                EXTI0_IRQHandler
                0x0800292c                I2C2_EV_IRQHandler
                0x0800292c                DMA1_Stream2_IRQHandler
                0x0800292c                FPU_IRQHandler
                0x0800292c                OTG_HS_WKUP_IRQHandler
                0x0800292c                LTDC_ER_IRQHandler
                0x0800292c                DMA2_Stream2_IRQHandler
                0x0800292c                SPI1_IRQHandler
                0x0800292c                OCTOSPI1_IRQHandler
                0x0800292c                TIM6_DAC_IRQHandler
                0x0800292c                DMA2_Stream3_IRQHandler
                0x0800292c                OCTOSPI2_IRQHandler
                0x0800292c                DFSDM1_FLT3_IRQHandler
                0x0800292c                USART6_IRQHandler
                0x0800292c                TIM17_IRQHandler
                0x0800292c                BDMA_Channel7_IRQHandler
                0x0800292c                LPTIM5_IRQHandler
                0x0800292c                UART5_IRQHandler
                0x0800292c                ADC3_IRQHandler
                0x0800292c                DMA2_Stream0_IRQHandler
                0x0800292c                TIM4_IRQHandler
                0x0800292c                BDMA_Channel2_IRQHandler
                0x0800292c                I2C1_EV_IRQHandler
                0x0800292c                DMA1_Stream6_IRQHandler
                0x0800292c                DMAMUX1_OVR_IRQHandler
                0x0800292c                DMA1_Stream1_IRQHandler
                0x0800292c                TIM16_IRQHandler
                0x0800292c                UART4_IRQHandler
                0x0800292c                BDMA_Channel5_IRQHandler
                0x0800292c                TIM3_IRQHandler
                0x0800292c                RCC_IRQHandler
                0x0800292c                UART9_IRQHandler
                0x0800292c                TIM8_BRK_TIM12_IRQHandler
                0x0800292c                TIM1_TRG_COM_IRQHandler
                0x0800292c                Default_Handler
                0x0800292c                ECC_IRQHandler
                0x0800292c                FMAC_IRQHandler
                0x0800292c                CEC_IRQHandler
                0x0800292c                EXTI15_10_IRQHandler
                0x0800292c                BDMA_Channel0_IRQHandler
                0x0800292c                ADC_IRQHandler
                0x0800292c                I2C5_ER_IRQHandler
                0x0800292c                DMA1_Stream7_IRQHandler
                0x0800292c                SPI5_IRQHandler
                0x0800292c                TIM7_IRQHandler
                0x0800292c                SDMMC1_IRQHandler
                0x0800292c                TIM5_IRQHandler
                0x0800292c                DMA2_Stream7_IRQHandler
                0x0800292c                TIM15_IRQHandler
                0x0800292c                PVD_AVD_IRQHandler
                0x0800292c                I2C3_EV_IRQHandler
                0x0800292c                EXTI9_5_IRQHandler
                0x0800292c                RTC_WKUP_IRQHandler
                0x0800292c                LTDC_IRQHandler
                0x0800292c                ETH_WKUP_IRQHandler
                0x0800292c                SPDIF_RX_IRQHandler
                0x0800292c                SPI2_IRQHandler
                0x0800292c                OTG_HS_EP1_IN_IRQHandler
                0x0800292c                TIM24_IRQHandler
                0x0800292c                CRS_IRQHandler
                0x0800292c                EXTI4_IRQHandler
                0x0800292c                RNG_IRQHandler
                0x0800292c                ETH_IRQHandler
                0x0800292c                TIM1_UP_IRQHandler
                0x0800292c                BDMA_Channel4_IRQHandler
                0x0800292c                OTG_HS_EP1_OUT_IRQHandler
                0x0800292c                WWDG_IRQHandler
                0x0800292c                SPI6_IRQHandler
                0x0800292c                MDIOS_IRQHandler
                0x0800292c                I2C4_EV_IRQHandler
                0x0800292c                LPUART1_IRQHandler
                0x0800292c                TIM2_IRQHandler
                0x0800292c                DMA2D_IRQHandler
                0x0800292c                TIM1_BRK_IRQHandler
                0x0800292c                EXTI1_IRQHandler
                0x0800292c                SDMMC2_IRQHandler
                0x0800292c                BDMA_Channel3_IRQHandler
                0x0800292c                DTS_IRQHandler
                0x0800292c                MDIOS_WKUP_IRQHandler
                0x0800292c                DFSDM1_FLT0_IRQHandler
                0x0800292c                SAI4_IRQHandler
                0x0800292c                I2C2_ER_IRQHandler
                0x0800292c                DMA2_Stream1_IRQHandler
                0x0800292c                FLASH_IRQHandler
                0x0800292c                DMA2_Stream4_IRQHandler
                0x0800292c                SPI3_IRQHandler
                0x0800292c                WAKEUP_PIN_IRQHandler
                0x0800292c                DMA1_Stream4_IRQHandler
                0x0800292c                I2C1_ER_IRQHandler
                0x0800292c                FMC_IRQHandler
                0x0800292c                FDCAN_CAL_IRQHandler
                0x0800292c                SWPMI1_IRQHandler
                0x0800292c                COMP1_IRQHandler
                0x0800292c                LPTIM1_IRQHandler
                0x0800292c                DCMI_PSSI_IRQHandler
                0x0800292c                I2C4_ER_IRQHandler
                0x0800292c                DMA2_Stream6_IRQHandler
                0x0800292c                SAI1_IRQHandler
                0x0800292c                DMA1_Stream3_IRQHandler
 *fill*         0x0800292e        0x2 
 .text.HAL_Init
                0x08002930       0x5c CMakeFiles/CtrBoard-H7_ALL.elf.dir/Drivers/STM32H7xx_HAL_Driver/Src/stm32h7xx_hal.c.obj
                0x08002930                HAL_Init
 .text.HAL_IncTick
                0x0800298c       0x18 CMakeFiles/CtrBoard-H7_ALL.elf.dir/Drivers/STM32H7xx_HAL_Driver/Src/stm32h7xx_hal.c.obj
                0x0800298c                HAL_IncTick
 .text.HAL_GetTick
                0x080029a4        0xc CMakeFiles/CtrBoard-H7_ALL.elf.dir/Drivers/STM32H7xx_HAL_Driver/Src/stm32h7xx_hal.c.obj
                0x080029a4                HAL_GetTick
 .text.HAL_Delay
                0x080029b0       0x28 CMakeFiles/CtrBoard-H7_ALL.elf.dir/Drivers/STM32H7xx_HAL_Driver/Src/stm32h7xx_hal.c.obj
                0x080029b0                HAL_Delay
 .text.LL_ADC_SetOffset
                0x080029d8       0x40 CMakeFiles/CtrBoard-H7_ALL.elf.dir/Drivers/STM32H7xx_HAL_Driver/Src/stm32h7xx_hal_adc.c.obj
 .text.LL_ADC_SetOffsetState
                0x08002a18       0x30 CMakeFiles/CtrBoard-H7_ALL.elf.dir/Drivers/STM32H7xx_HAL_Driver/Src/stm32h7xx_hal_adc.c.obj
 .text.LL_ADC_REG_SetSequencerRanks
                0x08002a48       0x30 CMakeFiles/CtrBoard-H7_ALL.elf.dir/Drivers/STM32H7xx_HAL_Driver/Src/stm32h7xx_hal_adc.c.obj
 .text.LL_ADC_SetChannelSamplingTime
                0x08002a78       0x2c CMakeFiles/CtrBoard-H7_ALL.elf.dir/Drivers/STM32H7xx_HAL_Driver/Src/stm32h7xx_hal_adc.c.obj
 .text.LL_ADC_SetChannelSingleDiff
                0x08002aa4       0x58 CMakeFiles/CtrBoard-H7_ALL.elf.dir/Drivers/STM32H7xx_HAL_Driver/Src/stm32h7xx_hal_adc.c.obj
 .text.HAL_ADC_ConfigChannel
                0x08002afc      0x590 CMakeFiles/CtrBoard-H7_ALL.elf.dir/Drivers/STM32H7xx_HAL_Driver/Src/stm32h7xx_hal_adc.c.obj
                0x08002afc                HAL_ADC_ConfigChannel
 .text.ADC_ConfigureBoostMode
                0x0800308c      0x130 CMakeFiles/CtrBoard-H7_ALL.elf.dir/Drivers/STM32H7xx_HAL_Driver/Src/stm32h7xx_hal_adc.c.obj
                0x0800308c                ADC_ConfigureBoostMode
 .text.HAL_ADC_Init
                0x080031bc      0x2d0 CMakeFiles/CtrBoard-H7_ALL.elf.dir/Drivers/STM32H7xx_HAL_Driver/Src/stm32h7xx_hal_adc.c.obj
                0x080031bc                HAL_ADC_Init
 .text.HAL_ADCEx_MultiModeConfigChannel
                0x0800348c      0x150 CMakeFiles/CtrBoard-H7_ALL.elf.dir/Drivers/STM32H7xx_HAL_Driver/Src/stm32h7xx_hal_adc_ex.c.obj
                0x0800348c                HAL_ADCEx_MultiModeConfigChannel
 .text.__NVIC_EnableIRQ
                0x080035dc       0x1c CMakeFiles/CtrBoard-H7_ALL.elf.dir/Drivers/STM32H7xx_HAL_Driver/Src/stm32h7xx_hal_cortex.c.obj
 .text.__NVIC_SetPriority
                0x080035f8       0x24 CMakeFiles/CtrBoard-H7_ALL.elf.dir/Drivers/STM32H7xx_HAL_Driver/Src/stm32h7xx_hal_cortex.c.obj
 .text.NVIC_EncodePriority
                0x0800361c       0x3e CMakeFiles/CtrBoard-H7_ALL.elf.dir/Drivers/STM32H7xx_HAL_Driver/Src/stm32h7xx_hal_cortex.c.obj
 *fill*         0x0800365a        0x2 
 .text.HAL_NVIC_SetPriorityGrouping
                0x0800365c       0x24 CMakeFiles/CtrBoard-H7_ALL.elf.dir/Drivers/STM32H7xx_HAL_Driver/Src/stm32h7xx_hal_cortex.c.obj
                0x0800365c                HAL_NVIC_SetPriorityGrouping
 .text.HAL_NVIC_SetPriority
                0x08003680       0x20 CMakeFiles/CtrBoard-H7_ALL.elf.dir/Drivers/STM32H7xx_HAL_Driver/Src/stm32h7xx_hal_cortex.c.obj
                0x08003680                HAL_NVIC_SetPriority
 .text.HAL_NVIC_EnableIRQ
                0x080036a0        0x8 CMakeFiles/CtrBoard-H7_ALL.elf.dir/Drivers/STM32H7xx_HAL_Driver/Src/stm32h7xx_hal_cortex.c.obj
                0x080036a0                HAL_NVIC_EnableIRQ
 .text.DMA_CalcBaseAndBitshift
                0x080036a8       0xb0 CMakeFiles/CtrBoard-H7_ALL.elf.dir/Drivers/STM32H7xx_HAL_Driver/Src/stm32h7xx_hal_dma.c.obj
 .text.DMA_CheckFifoParam
                0x08003758       0x92 CMakeFiles/CtrBoard-H7_ALL.elf.dir/Drivers/STM32H7xx_HAL_Driver/Src/stm32h7xx_hal_dma.c.obj
 *fill*         0x080037ea        0x2 
 .text.DMA_CalcDMAMUXChannelBaseAndMask
                0x080037ec       0xac CMakeFiles/CtrBoard-H7_ALL.elf.dir/Drivers/STM32H7xx_HAL_Driver/Src/stm32h7xx_hal_dma.c.obj
 .text.DMA_CalcDMAMUXRequestGenBaseAndMask
                0x08003898       0x7c CMakeFiles/CtrBoard-H7_ALL.elf.dir/Drivers/STM32H7xx_HAL_Driver/Src/stm32h7xx_hal_dma.c.obj
 .text.HAL_DMA_Init
                0x08003914      0x39c CMakeFiles/CtrBoard-H7_ALL.elf.dir/Drivers/STM32H7xx_HAL_Driver/Src/stm32h7xx_hal_dma.c.obj
                0x08003914                HAL_DMA_Init
 .text.HAL_DMA_Abort
                0x08003cb0      0x340 CMakeFiles/CtrBoard-H7_ALL.elf.dir/Drivers/STM32H7xx_HAL_Driver/Src/stm32h7xx_hal_dma.c.obj
                0x08003cb0                HAL_DMA_Abort
 .text.HAL_DMA_Abort_IT
                0x08003ff0      0x270 CMakeFiles/CtrBoard-H7_ALL.elf.dir/Drivers/STM32H7xx_HAL_Driver/Src/stm32h7xx_hal_dma.c.obj
                0x08003ff0                HAL_DMA_Abort_IT
 .text.HAL_DMA_IRQHandler
                0x08004260      0x738 CMakeFiles/CtrBoard-H7_ALL.elf.dir/Drivers/STM32H7xx_HAL_Driver/Src/stm32h7xx_hal_dma.c.obj
                0x08004260                HAL_DMA_IRQHandler
 .text.FDCAN_CalcultateRamBlockAddresses
                0x08004998      0x1d4 CMakeFiles/CtrBoard-H7_ALL.elf.dir/Drivers/STM32H7xx_HAL_Driver/Src/stm32h7xx_hal_fdcan.c.obj
 .text.HAL_FDCAN_Init
                0x08004b6c      0x294 CMakeFiles/CtrBoard-H7_ALL.elf.dir/Drivers/STM32H7xx_HAL_Driver/Src/stm32h7xx_hal_fdcan.c.obj
                0x08004b6c                HAL_FDCAN_Init
 .text.HAL_FDCAN_ClockCalibrationCallback
                0x08004e00        0x2 CMakeFiles/CtrBoard-H7_ALL.elf.dir/Drivers/STM32H7xx_HAL_Driver/Src/stm32h7xx_hal_fdcan.c.obj
                0x08004e00                HAL_FDCAN_ClockCalibrationCallback
 .text.HAL_FDCAN_TxEventFifoCallback
                0x08004e02        0x2 CMakeFiles/CtrBoard-H7_ALL.elf.dir/Drivers/STM32H7xx_HAL_Driver/Src/stm32h7xx_hal_fdcan.c.obj
                0x08004e02                HAL_FDCAN_TxEventFifoCallback
 .text.HAL_FDCAN_RxFifo0Callback
                0x08004e04        0x2 CMakeFiles/CtrBoard-H7_ALL.elf.dir/Drivers/STM32H7xx_HAL_Driver/Src/stm32h7xx_hal_fdcan.c.obj
                0x08004e04                HAL_FDCAN_RxFifo0Callback
 .text.HAL_FDCAN_RxFifo1Callback
                0x08004e06        0x2 CMakeFiles/CtrBoard-H7_ALL.elf.dir/Drivers/STM32H7xx_HAL_Driver/Src/stm32h7xx_hal_fdcan.c.obj
                0x08004e06                HAL_FDCAN_RxFifo1Callback
 .text.HAL_FDCAN_TxFifoEmptyCallback
                0x08004e08        0x2 CMakeFiles/CtrBoard-H7_ALL.elf.dir/Drivers/STM32H7xx_HAL_Driver/Src/stm32h7xx_hal_fdcan.c.obj
                0x08004e08                HAL_FDCAN_TxFifoEmptyCallback
 .text.HAL_FDCAN_TxBufferCompleteCallback
                0x08004e0a        0x2 CMakeFiles/CtrBoard-H7_ALL.elf.dir/Drivers/STM32H7xx_HAL_Driver/Src/stm32h7xx_hal_fdcan.c.obj
                0x08004e0a                HAL_FDCAN_TxBufferCompleteCallback
 .text.HAL_FDCAN_TxBufferAbortCallback
                0x08004e0c        0x2 CMakeFiles/CtrBoard-H7_ALL.elf.dir/Drivers/STM32H7xx_HAL_Driver/Src/stm32h7xx_hal_fdcan.c.obj
                0x08004e0c                HAL_FDCAN_TxBufferAbortCallback
 .text.HAL_FDCAN_RxBufferNewMessageCallback
                0x08004e0e        0x2 CMakeFiles/CtrBoard-H7_ALL.elf.dir/Drivers/STM32H7xx_HAL_Driver/Src/stm32h7xx_hal_fdcan.c.obj
                0x08004e0e                HAL_FDCAN_RxBufferNewMessageCallback
 .text.HAL_FDCAN_TimestampWraparoundCallback
                0x08004e10        0x2 CMakeFiles/CtrBoard-H7_ALL.elf.dir/Drivers/STM32H7xx_HAL_Driver/Src/stm32h7xx_hal_fdcan.c.obj
                0x08004e10                HAL_FDCAN_TimestampWraparoundCallback
 .text.HAL_FDCAN_TimeoutOccurredCallback
                0x08004e12        0x2 CMakeFiles/CtrBoard-H7_ALL.elf.dir/Drivers/STM32H7xx_HAL_Driver/Src/stm32h7xx_hal_fdcan.c.obj
                0x08004e12                HAL_FDCAN_TimeoutOccurredCallback
 .text.HAL_FDCAN_HighPriorityMessageCallback
                0x08004e14        0x2 CMakeFiles/CtrBoard-H7_ALL.elf.dir/Drivers/STM32H7xx_HAL_Driver/Src/stm32h7xx_hal_fdcan.c.obj
                0x08004e14                HAL_FDCAN_HighPriorityMessageCallback
 .text.HAL_FDCAN_ErrorCallback
                0x08004e16        0x2 CMakeFiles/CtrBoard-H7_ALL.elf.dir/Drivers/STM32H7xx_HAL_Driver/Src/stm32h7xx_hal_fdcan.c.obj
                0x08004e16                HAL_FDCAN_ErrorCallback
 .text.HAL_FDCAN_ErrorStatusCallback
                0x08004e18        0x2 CMakeFiles/CtrBoard-H7_ALL.elf.dir/Drivers/STM32H7xx_HAL_Driver/Src/stm32h7xx_hal_fdcan.c.obj
                0x08004e18                HAL_FDCAN_ErrorStatusCallback
 .text.HAL_FDCAN_TT_ScheduleSyncCallback
                0x08004e1a        0x2 CMakeFiles/CtrBoard-H7_ALL.elf.dir/Drivers/STM32H7xx_HAL_Driver/Src/stm32h7xx_hal_fdcan.c.obj
                0x08004e1a                HAL_FDCAN_TT_ScheduleSyncCallback
 .text.HAL_FDCAN_TT_TimeMarkCallback
                0x08004e1c        0x2 CMakeFiles/CtrBoard-H7_ALL.elf.dir/Drivers/STM32H7xx_HAL_Driver/Src/stm32h7xx_hal_fdcan.c.obj
                0x08004e1c                HAL_FDCAN_TT_TimeMarkCallback
 .text.HAL_FDCAN_TT_StopWatchCallback
                0x08004e1e        0x2 CMakeFiles/CtrBoard-H7_ALL.elf.dir/Drivers/STM32H7xx_HAL_Driver/Src/stm32h7xx_hal_fdcan.c.obj
                0x08004e1e                HAL_FDCAN_TT_StopWatchCallback
 .text.HAL_FDCAN_TT_GlobalTimeCallback
                0x08004e20        0x2 CMakeFiles/CtrBoard-H7_ALL.elf.dir/Drivers/STM32H7xx_HAL_Driver/Src/stm32h7xx_hal_fdcan.c.obj
                0x08004e20                HAL_FDCAN_TT_GlobalTimeCallback
 *fill*         0x08004e22        0x2 
 .text.HAL_FDCAN_IRQHandler
                0x08004e24      0x320 CMakeFiles/CtrBoard-H7_ALL.elf.dir/Drivers/STM32H7xx_HAL_Driver/Src/stm32h7xx_hal_fdcan.c.obj
                0x08004e24                HAL_FDCAN_IRQHandler
 .text.HAL_GPIO_Init
                0x08005144      0x214 CMakeFiles/CtrBoard-H7_ALL.elf.dir/Drivers/STM32H7xx_HAL_Driver/Src/stm32h7xx_hal_gpio.c.obj
                0x08005144                HAL_GPIO_Init
 .text.HAL_GPIO_WritePin
                0x08005358        0xc CMakeFiles/CtrBoard-H7_ALL.elf.dir/Drivers/STM32H7xx_HAL_Driver/Src/stm32h7xx_hal_gpio.c.obj
                0x08005358                HAL_GPIO_WritePin
 .text.OSPIM_GetConfig
                0x08005364       0xec CMakeFiles/CtrBoard-H7_ALL.elf.dir/Drivers/STM32H7xx_HAL_Driver/Src/stm32h7xx_hal_ospi.c.obj
 .text.OSPI_WaitFlagStateUntilTimeout
                0x08005450       0x54 CMakeFiles/CtrBoard-H7_ALL.elf.dir/Drivers/STM32H7xx_HAL_Driver/Src/stm32h7xx_hal_ospi.c.obj
 .text.HAL_OSPI_SetTimeout
                0x080054a4        0x6 CMakeFiles/CtrBoard-H7_ALL.elf.dir/Drivers/STM32H7xx_HAL_Driver/Src/stm32h7xx_hal_ospi.c.obj
                0x080054a4                HAL_OSPI_SetTimeout
 *fill*         0x080054aa        0x2 
 .text.HAL_OSPI_Init
                0x080054ac      0x108 CMakeFiles/CtrBoard-H7_ALL.elf.dir/Drivers/STM32H7xx_HAL_Driver/Src/stm32h7xx_hal_ospi.c.obj
                0x080054ac                HAL_OSPI_Init
 .text.HAL_OSPIM_Config
                0x080055b4      0x4f0 CMakeFiles/CtrBoard-H7_ALL.elf.dir/Drivers/STM32H7xx_HAL_Driver/Src/stm32h7xx_hal_ospi.c.obj
                0x080055b4                HAL_OSPIM_Config
 .text.PCD_WriteEmptyTxFifo
                0x08005aa4       0xd0 CMakeFiles/CtrBoard-H7_ALL.elf.dir/Drivers/STM32H7xx_HAL_Driver/Src/stm32h7xx_hal_pcd.c.obj
 .text.HAL_PCD_Init
                0x08005b74      0x102 CMakeFiles/CtrBoard-H7_ALL.elf.dir/Drivers/STM32H7xx_HAL_Driver/Src/stm32h7xx_hal_pcd.c.obj
                0x08005b74                HAL_PCD_Init
 .text.HAL_PCD_Start
                0x08005c76       0x44 CMakeFiles/CtrBoard-H7_ALL.elf.dir/Drivers/STM32H7xx_HAL_Driver/Src/stm32h7xx_hal_pcd.c.obj
                0x08005c76                HAL_PCD_Start
 *fill*         0x08005cba        0x2 
 .text.PCD_EP_OutXfrComplete_int
                0x08005cbc      0x104 CMakeFiles/CtrBoard-H7_ALL.elf.dir/Drivers/STM32H7xx_HAL_Driver/Src/stm32h7xx_hal_pcd.c.obj
 .text.PCD_EP_OutSetupPacket_int
                0x08005dc0       0x50 CMakeFiles/CtrBoard-H7_ALL.elf.dir/Drivers/STM32H7xx_HAL_Driver/Src/stm32h7xx_hal_pcd.c.obj
 .text.HAL_PCD_SetAddress
                0x08005e10       0x26 CMakeFiles/CtrBoard-H7_ALL.elf.dir/Drivers/STM32H7xx_HAL_Driver/Src/stm32h7xx_hal_pcd.c.obj
                0x08005e10                HAL_PCD_SetAddress
 .text.HAL_PCD_EP_Open
                0x08005e36       0x88 CMakeFiles/CtrBoard-H7_ALL.elf.dir/Drivers/STM32H7xx_HAL_Driver/Src/stm32h7xx_hal_pcd.c.obj
                0x08005e36                HAL_PCD_EP_Open
 .text.HAL_PCD_EP_Close
                0x08005ebe       0x70 CMakeFiles/CtrBoard-H7_ALL.elf.dir/Drivers/STM32H7xx_HAL_Driver/Src/stm32h7xx_hal_pcd.c.obj
                0x08005ebe                HAL_PCD_EP_Close
 .text.HAL_PCD_EP_Receive
                0x08005f2e       0x4a CMakeFiles/CtrBoard-H7_ALL.elf.dir/Drivers/STM32H7xx_HAL_Driver/Src/stm32h7xx_hal_pcd.c.obj
                0x08005f2e                HAL_PCD_EP_Receive
 .text.HAL_PCD_EP_GetRxCount
                0x08005f78       0x12 CMakeFiles/CtrBoard-H7_ALL.elf.dir/Drivers/STM32H7xx_HAL_Driver/Src/stm32h7xx_hal_pcd.c.obj
                0x08005f78                HAL_PCD_EP_GetRxCount
 .text.HAL_PCD_EP_Transmit
                0x08005f8a       0x4a CMakeFiles/CtrBoard-H7_ALL.elf.dir/Drivers/STM32H7xx_HAL_Driver/Src/stm32h7xx_hal_pcd.c.obj
                0x08005f8a                HAL_PCD_EP_Transmit
 .text.HAL_PCD_EP_SetStall
                0x08005fd4       0x86 CMakeFiles/CtrBoard-H7_ALL.elf.dir/Drivers/STM32H7xx_HAL_Driver/Src/stm32h7xx_hal_pcd.c.obj
                0x08005fd4                HAL_PCD_EP_SetStall
 .text.HAL_PCD_EP_ClrStall
                0x0800605a       0x74 CMakeFiles/CtrBoard-H7_ALL.elf.dir/Drivers/STM32H7xx_HAL_Driver/Src/stm32h7xx_hal_pcd.c.obj
                0x0800605a                HAL_PCD_EP_ClrStall
 .text.HAL_PCD_EP_Abort
                0x080060ce       0x34 CMakeFiles/CtrBoard-H7_ALL.elf.dir/Drivers/STM32H7xx_HAL_Driver/Src/stm32h7xx_hal_pcd.c.obj
                0x080060ce                HAL_PCD_EP_Abort
 .text.HAL_PCD_IRQHandler
                0x08006102      0x602 CMakeFiles/CtrBoard-H7_ALL.elf.dir/Drivers/STM32H7xx_HAL_Driver/Src/stm32h7xx_hal_pcd.c.obj
                0x08006102                HAL_PCD_IRQHandler
 .text.HAL_PCDEx_SetTxFiFo
                0x08006704       0x4c CMakeFiles/CtrBoard-H7_ALL.elf.dir/Drivers/STM32H7xx_HAL_Driver/Src/stm32h7xx_hal_pcd_ex.c.obj
                0x08006704                HAL_PCDEx_SetTxFiFo
 .text.HAL_PCDEx_SetRxFiFo
                0x08006750        0x8 CMakeFiles/CtrBoard-H7_ALL.elf.dir/Drivers/STM32H7xx_HAL_Driver/Src/stm32h7xx_hal_pcd_ex.c.obj
                0x08006750                HAL_PCDEx_SetRxFiFo
 .text.HAL_PCDEx_ActivateLPM
                0x08006758       0x28 CMakeFiles/CtrBoard-H7_ALL.elf.dir/Drivers/STM32H7xx_HAL_Driver/Src/stm32h7xx_hal_pcd_ex.c.obj
                0x08006758                HAL_PCDEx_ActivateLPM
 .text.HAL_PCDEx_LPM_Callback
                0x08006780        0x2 CMakeFiles/CtrBoard-H7_ALL.elf.dir/Drivers/STM32H7xx_HAL_Driver/Src/stm32h7xx_hal_pcd_ex.c.obj
                0x08006780                HAL_PCDEx_LPM_Callback
 *fill*         0x08006782        0x2 
 .text.HAL_PWREx_ConfigSupply
                0x08006784       0x54 CMakeFiles/CtrBoard-H7_ALL.elf.dir/Drivers/STM32H7xx_HAL_Driver/Src/stm32h7xx_hal_pwr_ex.c.obj
                0x08006784                HAL_PWREx_ConfigSupply
 .text.HAL_PWREx_EnableUSBVoltageDetector
                0x080067d8       0x10 CMakeFiles/CtrBoard-H7_ALL.elf.dir/Drivers/STM32H7xx_HAL_Driver/Src/stm32h7xx_hal_pwr_ex.c.obj
                0x080067d8                HAL_PWREx_EnableUSBVoltageDetector
 .text.HAL_RCC_OscConfig
                0x080067e8      0x5e4 CMakeFiles/CtrBoard-H7_ALL.elf.dir/Drivers/STM32H7xx_HAL_Driver/Src/stm32h7xx_hal_rcc.c.obj
                0x080067e8                HAL_RCC_OscConfig
 .text.HAL_RCC_MCOConfig
                0x08006dcc       0xa4 CMakeFiles/CtrBoard-H7_ALL.elf.dir/Drivers/STM32H7xx_HAL_Driver/Src/stm32h7xx_hal_rcc.c.obj
                0x08006dcc                HAL_RCC_MCOConfig
 .text.HAL_RCC_GetSysClockFreq
                0x08006e70      0x1f8 CMakeFiles/CtrBoard-H7_ALL.elf.dir/Drivers/STM32H7xx_HAL_Driver/Src/stm32h7xx_hal_rcc.c.obj
                0x08006e70                HAL_RCC_GetSysClockFreq
 .text.HAL_RCC_ClockConfig
                0x08007068      0x294 CMakeFiles/CtrBoard-H7_ALL.elf.dir/Drivers/STM32H7xx_HAL_Driver/Src/stm32h7xx_hal_rcc.c.obj
                0x08007068                HAL_RCC_ClockConfig
 .text.HAL_RCC_GetHCLKFreq
                0x080072fc       0x44 CMakeFiles/CtrBoard-H7_ALL.elf.dir/Drivers/STM32H7xx_HAL_Driver/Src/stm32h7xx_hal_rcc.c.obj
                0x080072fc                HAL_RCC_GetHCLKFreq
 .text.HAL_RCC_GetPCLK1Freq
                0x08007340       0x24 CMakeFiles/CtrBoard-H7_ALL.elf.dir/Drivers/STM32H7xx_HAL_Driver/Src/stm32h7xx_hal_rcc.c.obj
                0x08007340                HAL_RCC_GetPCLK1Freq
 .text.HAL_RCC_GetPCLK2Freq
                0x08007364       0x24 CMakeFiles/CtrBoard-H7_ALL.elf.dir/Drivers/STM32H7xx_HAL_Driver/Src/stm32h7xx_hal_rcc.c.obj
                0x08007364                HAL_RCC_GetPCLK2Freq
 .text.HAL_RCC_GetClockConfig
                0x08007388       0x54 CMakeFiles/CtrBoard-H7_ALL.elf.dir/Drivers/STM32H7xx_HAL_Driver/Src/stm32h7xx_hal_rcc.c.obj
                0x08007388                HAL_RCC_GetClockConfig
 .text.RCCEx_PLL2_Config
                0x080073dc      0x108 CMakeFiles/CtrBoard-H7_ALL.elf.dir/Drivers/STM32H7xx_HAL_Driver/Src/stm32h7xx_hal_rcc_ex.c.obj
 .text.RCCEx_PLL3_Config
                0x080074e4      0x108 CMakeFiles/CtrBoard-H7_ALL.elf.dir/Drivers/STM32H7xx_HAL_Driver/Src/stm32h7xx_hal_rcc_ex.c.obj
 .text.HAL_RCCEx_PeriphCLKConfig
                0x080075ec      0xa2c CMakeFiles/CtrBoard-H7_ALL.elf.dir/Drivers/STM32H7xx_HAL_Driver/Src/stm32h7xx_hal_rcc_ex.c.obj
                0x080075ec                HAL_RCCEx_PeriphCLKConfig
 .text.HAL_RCCEx_GetD3PCLK1Freq
                0x08008018       0x24 CMakeFiles/CtrBoard-H7_ALL.elf.dir/Drivers/STM32H7xx_HAL_Driver/Src/stm32h7xx_hal_rcc_ex.c.obj
                0x08008018                HAL_RCCEx_GetD3PCLK1Freq
 .text.HAL_RCCEx_GetPLL2ClockFreq
                0x0800803c      0x200 CMakeFiles/CtrBoard-H7_ALL.elf.dir/Drivers/STM32H7xx_HAL_Driver/Src/stm32h7xx_hal_rcc_ex.c.obj
                0x0800803c                HAL_RCCEx_GetPLL2ClockFreq
 .text.HAL_RCCEx_GetPLL3ClockFreq
                0x0800823c      0x200 CMakeFiles/CtrBoard-H7_ALL.elf.dir/Drivers/STM32H7xx_HAL_Driver/Src/stm32h7xx_hal_rcc_ex.c.obj
                0x0800823c                HAL_RCCEx_GetPLL3ClockFreq
 .text.HAL_RCCEx_GetPLL1ClockFreq
                0x0800843c      0x200 CMakeFiles/CtrBoard-H7_ALL.elf.dir/Drivers/STM32H7xx_HAL_Driver/Src/stm32h7xx_hal_rcc_ex.c.obj
                0x0800843c                HAL_RCCEx_GetPLL1ClockFreq
 .text.HAL_RCCEx_GetPeriphCLKFreq
                0x0800863c      0x608 CMakeFiles/CtrBoard-H7_ALL.elf.dir/Drivers/STM32H7xx_HAL_Driver/Src/stm32h7xx_hal_rcc_ex.c.obj
                0x0800863c                HAL_RCCEx_GetPeriphCLKFreq
 .text.SPI_CloseTransfer
                0x08008c44       0xd0 CMakeFiles/CtrBoard-H7_ALL.elf.dir/Drivers/STM32H7xx_HAL_Driver/Src/stm32h7xx_hal_spi.c.obj
 .text.SPI_GetPacketSize
                0x08008d14       0x10 CMakeFiles/CtrBoard-H7_ALL.elf.dir/Drivers/STM32H7xx_HAL_Driver/Src/stm32h7xx_hal_spi.c.obj
 .text.SPI_WaitOnFlagUntilTimeout
                0x08008d24       0x48 CMakeFiles/CtrBoard-H7_ALL.elf.dir/Drivers/STM32H7xx_HAL_Driver/Src/stm32h7xx_hal_spi.c.obj
 .text.HAL_SPI_Init
                0x08008d6c      0x190 CMakeFiles/CtrBoard-H7_ALL.elf.dir/Drivers/STM32H7xx_HAL_Driver/Src/stm32h7xx_hal_spi.c.obj
                0x08008d6c                HAL_SPI_Init
 .text.HAL_SPI_TransmitReceive
                0x08008efc      0x490 CMakeFiles/CtrBoard-H7_ALL.elf.dir/Drivers/STM32H7xx_HAL_Driver/Src/stm32h7xx_hal_spi.c.obj
                0x08008efc                HAL_SPI_TransmitReceive
 .text.TIM_OC1_SetConfig
                0x0800938c       0xa4 CMakeFiles/CtrBoard-H7_ALL.elf.dir/Drivers/STM32H7xx_HAL_Driver/Src/stm32h7xx_hal_tim.c.obj
 .text.TIM_OC3_SetConfig
                0x08009430       0x94 CMakeFiles/CtrBoard-H7_ALL.elf.dir/Drivers/STM32H7xx_HAL_Driver/Src/stm32h7xx_hal_tim.c.obj
 .text.TIM_OC4_SetConfig
                0x080094c4       0x74 CMakeFiles/CtrBoard-H7_ALL.elf.dir/Drivers/STM32H7xx_HAL_Driver/Src/stm32h7xx_hal_tim.c.obj
 .text.TIM_OC5_SetConfig
                0x08009538       0x74 CMakeFiles/CtrBoard-H7_ALL.elf.dir/Drivers/STM32H7xx_HAL_Driver/Src/stm32h7xx_hal_tim.c.obj
 .text.TIM_OC6_SetConfig
                0x080095ac       0x74 CMakeFiles/CtrBoard-H7_ALL.elf.dir/Drivers/STM32H7xx_HAL_Driver/Src/stm32h7xx_hal_tim.c.obj
 .text.HAL_TIM_Base_MspInit
                0x08009620        0x2 CMakeFiles/CtrBoard-H7_ALL.elf.dir/Drivers/STM32H7xx_HAL_Driver/Src/stm32h7xx_hal_tim.c.obj
                0x08009620                HAL_TIM_Base_MspInit
 *fill*         0x08009622        0x2 
 .text.HAL_TIM_Base_Start_IT
                0x08009624       0xa0 CMakeFiles/CtrBoard-H7_ALL.elf.dir/Drivers/STM32H7xx_HAL_Driver/Src/stm32h7xx_hal_tim.c.obj
                0x08009624                HAL_TIM_Base_Start_IT
 .text.HAL_TIM_OC_DelayElapsedCallback
                0x080096c4        0x2 CMakeFiles/CtrBoard-H7_ALL.elf.dir/Drivers/STM32H7xx_HAL_Driver/Src/stm32h7xx_hal_tim.c.obj
                0x080096c4                HAL_TIM_OC_DelayElapsedCallback
 .text.HAL_TIM_IC_CaptureCallback
                0x080096c6        0x2 CMakeFiles/CtrBoard-H7_ALL.elf.dir/Drivers/STM32H7xx_HAL_Driver/Src/stm32h7xx_hal_tim.c.obj
                0x080096c6                HAL_TIM_IC_CaptureCallback
 .text.HAL_TIM_PWM_PulseFinishedCallback
                0x080096c8        0x2 CMakeFiles/CtrBoard-H7_ALL.elf.dir/Drivers/STM32H7xx_HAL_Driver/Src/stm32h7xx_hal_tim.c.obj
                0x080096c8                HAL_TIM_PWM_PulseFinishedCallback
 .text.HAL_TIM_TriggerCallback
                0x080096ca        0x2 CMakeFiles/CtrBoard-H7_ALL.elf.dir/Drivers/STM32H7xx_HAL_Driver/Src/stm32h7xx_hal_tim.c.obj
                0x080096ca                HAL_TIM_TriggerCallback
 .text.HAL_TIM_IRQHandler
                0x080096cc      0x17a CMakeFiles/CtrBoard-H7_ALL.elf.dir/Drivers/STM32H7xx_HAL_Driver/Src/stm32h7xx_hal_tim.c.obj
                0x080096cc                HAL_TIM_IRQHandler
 *fill*         0x08009846        0x2 
 .text.TIM_Base_SetConfig
                0x08009848      0x130 CMakeFiles/CtrBoard-H7_ALL.elf.dir/Drivers/STM32H7xx_HAL_Driver/Src/stm32h7xx_hal_tim.c.obj
                0x08009848                TIM_Base_SetConfig
 .text.HAL_TIM_Base_Init
                0x08009978       0x60 CMakeFiles/CtrBoard-H7_ALL.elf.dir/Drivers/STM32H7xx_HAL_Driver/Src/stm32h7xx_hal_tim.c.obj
                0x08009978                HAL_TIM_Base_Init
 .text.HAL_TIM_PWM_Init
                0x080099d8       0x60 CMakeFiles/CtrBoard-H7_ALL.elf.dir/Drivers/STM32H7xx_HAL_Driver/Src/stm32h7xx_hal_tim.c.obj
                0x080099d8                HAL_TIM_PWM_Init
 .text.TIM_OC2_SetConfig
                0x08009a38       0x94 CMakeFiles/CtrBoard-H7_ALL.elf.dir/Drivers/STM32H7xx_HAL_Driver/Src/stm32h7xx_hal_tim.c.obj
                0x08009a38                TIM_OC2_SetConfig
 .text.HAL_TIM_PWM_ConfigChannel
                0x08009acc      0x13a CMakeFiles/CtrBoard-H7_ALL.elf.dir/Drivers/STM32H7xx_HAL_Driver/Src/stm32h7xx_hal_tim.c.obj
                0x08009acc                HAL_TIM_PWM_ConfigChannel
 .text.TIM_CCxChannelCmd
                0x08009c06       0x1e CMakeFiles/CtrBoard-H7_ALL.elf.dir/Drivers/STM32H7xx_HAL_Driver/Src/stm32h7xx_hal_tim.c.obj
                0x08009c06                TIM_CCxChannelCmd
 .text.HAL_TIM_PWM_Start
                0x08009c24      0x180 CMakeFiles/CtrBoard-H7_ALL.elf.dir/Drivers/STM32H7xx_HAL_Driver/Src/stm32h7xx_hal_tim.c.obj
                0x08009c24                HAL_TIM_PWM_Start
 .text.HAL_TIMEx_MasterConfigSynchronization
                0x08009da4       0xb0 CMakeFiles/CtrBoard-H7_ALL.elf.dir/Drivers/STM32H7xx_HAL_Driver/Src/stm32h7xx_hal_tim_ex.c.obj
                0x08009da4                HAL_TIMEx_MasterConfigSynchronization
 .text.HAL_TIMEx_ConfigBreakDeadTime
                0x08009e54       0xa0 CMakeFiles/CtrBoard-H7_ALL.elf.dir/Drivers/STM32H7xx_HAL_Driver/Src/stm32h7xx_hal_tim_ex.c.obj
                0x08009e54                HAL_TIMEx_ConfigBreakDeadTime
 .text.HAL_TIMEx_CommutCallback
                0x08009ef4        0x2 CMakeFiles/CtrBoard-H7_ALL.elf.dir/Drivers/STM32H7xx_HAL_Driver/Src/stm32h7xx_hal_tim_ex.c.obj
                0x08009ef4                HAL_TIMEx_CommutCallback
 .text.HAL_TIMEx_BreakCallback
                0x08009ef6        0x2 CMakeFiles/CtrBoard-H7_ALL.elf.dir/Drivers/STM32H7xx_HAL_Driver/Src/stm32h7xx_hal_tim_ex.c.obj
                0x08009ef6                HAL_TIMEx_BreakCallback
 .text.HAL_TIMEx_Break2Callback
                0x08009ef8        0x2 CMakeFiles/CtrBoard-H7_ALL.elf.dir/Drivers/STM32H7xx_HAL_Driver/Src/stm32h7xx_hal_tim_ex.c.obj
                0x08009ef8                HAL_TIMEx_Break2Callback
 *fill*         0x08009efa        0x2 
 .text.UART_EndRxTransfer
                0x08009efc       0x58 CMakeFiles/CtrBoard-H7_ALL.elf.dir/Drivers/STM32H7xx_HAL_Driver/Src/stm32h7xx_hal_uart.c.obj
 .text.HAL_UART_TxCpltCallback
                0x08009f54        0x2 CMakeFiles/CtrBoard-H7_ALL.elf.dir/Drivers/STM32H7xx_HAL_Driver/Src/stm32h7xx_hal_uart.c.obj
                0x08009f54                HAL_UART_TxCpltCallback
 .text.UART_EndTransmit_IT
                0x08009f56       0x24 CMakeFiles/CtrBoard-H7_ALL.elf.dir/Drivers/STM32H7xx_HAL_Driver/Src/stm32h7xx_hal_uart.c.obj
 .text.HAL_UART_ErrorCallback
                0x08009f7a        0x2 CMakeFiles/CtrBoard-H7_ALL.elf.dir/Drivers/STM32H7xx_HAL_Driver/Src/stm32h7xx_hal_uart.c.obj
                0x08009f7a                HAL_UART_ErrorCallback
 .text.UART_DMAAbortOnError
                0x08009f7c       0x14 CMakeFiles/CtrBoard-H7_ALL.elf.dir/Drivers/STM32H7xx_HAL_Driver/Src/stm32h7xx_hal_uart.c.obj
 .text.HAL_UARTEx_RxEventCallback
                0x08009f90        0x2 CMakeFiles/CtrBoard-H7_ALL.elf.dir/Drivers/STM32H7xx_HAL_Driver/Src/stm32h7xx_hal_uart.c.obj
                0x08009f90                HAL_UARTEx_RxEventCallback
 *fill*         0x08009f92        0x2 
 .text.HAL_UART_IRQHandler
                0x08009f94      0x3b4 CMakeFiles/CtrBoard-H7_ALL.elf.dir/Drivers/STM32H7xx_HAL_Driver/Src/stm32h7xx_hal_uart.c.obj
                0x08009f94                HAL_UART_IRQHandler
 .text.UART_SetConfig
                0x0800a348      0x6c4 CMakeFiles/CtrBoard-H7_ALL.elf.dir/Drivers/STM32H7xx_HAL_Driver/Src/stm32h7xx_hal_uart.c.obj
                0x0800a348                UART_SetConfig
 .text.UART_AdvFeatureConfig
                0x0800aa0c       0xca CMakeFiles/CtrBoard-H7_ALL.elf.dir/Drivers/STM32H7xx_HAL_Driver/Src/stm32h7xx_hal_uart.c.obj
                0x0800aa0c                UART_AdvFeatureConfig
 .text.UART_WaitOnFlagUntilTimeout
                0x0800aad6       0xa6 CMakeFiles/CtrBoard-H7_ALL.elf.dir/Drivers/STM32H7xx_HAL_Driver/Src/stm32h7xx_hal_uart.c.obj
                0x0800aad6                UART_WaitOnFlagUntilTimeout
 .text.UART_CheckIdleState
                0x0800ab7c       0xca CMakeFiles/CtrBoard-H7_ALL.elf.dir/Drivers/STM32H7xx_HAL_Driver/Src/stm32h7xx_hal_uart.c.obj
                0x0800ab7c                UART_CheckIdleState
 .text.HAL_UART_Init
                0x0800ac46       0x66 CMakeFiles/CtrBoard-H7_ALL.elf.dir/Drivers/STM32H7xx_HAL_Driver/Src/stm32h7xx_hal_uart.c.obj
                0x0800ac46                HAL_UART_Init
 .text.UARTEx_SetNbDataToProcess
                0x0800acac       0x4c CMakeFiles/CtrBoard-H7_ALL.elf.dir/Drivers/STM32H7xx_HAL_Driver/Src/stm32h7xx_hal_uart_ex.c.obj
 .text.HAL_RS485Ex_Init
                0x0800acf8       0x82 CMakeFiles/CtrBoard-H7_ALL.elf.dir/Drivers/STM32H7xx_HAL_Driver/Src/stm32h7xx_hal_uart_ex.c.obj
                0x0800acf8                HAL_RS485Ex_Init
 .text.HAL_UARTEx_WakeupCallback
                0x0800ad7a        0x2 CMakeFiles/CtrBoard-H7_ALL.elf.dir/Drivers/STM32H7xx_HAL_Driver/Src/stm32h7xx_hal_uart_ex.c.obj
                0x0800ad7a                HAL_UARTEx_WakeupCallback
 .text.HAL_UARTEx_RxFifoFullCallback
                0x0800ad7c        0x2 CMakeFiles/CtrBoard-H7_ALL.elf.dir/Drivers/STM32H7xx_HAL_Driver/Src/stm32h7xx_hal_uart_ex.c.obj
                0x0800ad7c                HAL_UARTEx_RxFifoFullCallback
 .text.HAL_UARTEx_TxFifoEmptyCallback
                0x0800ad7e        0x2 CMakeFiles/CtrBoard-H7_ALL.elf.dir/Drivers/STM32H7xx_HAL_Driver/Src/stm32h7xx_hal_uart_ex.c.obj
                0x0800ad7e                HAL_UARTEx_TxFifoEmptyCallback
 .text.HAL_UARTEx_DisableFifoMode
                0x0800ad80       0x3e CMakeFiles/CtrBoard-H7_ALL.elf.dir/Drivers/STM32H7xx_HAL_Driver/Src/stm32h7xx_hal_uart_ex.c.obj
                0x0800ad80                HAL_UARTEx_DisableFifoMode
 .text.HAL_UARTEx_SetTxFifoThreshold
                0x0800adbe       0x4a CMakeFiles/CtrBoard-H7_ALL.elf.dir/Drivers/STM32H7xx_HAL_Driver/Src/stm32h7xx_hal_uart_ex.c.obj
                0x0800adbe                HAL_UARTEx_SetTxFifoThreshold
 .text.HAL_UARTEx_SetRxFifoThreshold
                0x0800ae08       0x4a CMakeFiles/CtrBoard-H7_ALL.elf.dir/Drivers/STM32H7xx_HAL_Driver/Src/stm32h7xx_hal_uart_ex.c.obj
                0x0800ae08                HAL_UARTEx_SetRxFifoThreshold
 .text.USB_CoreReset
                0x0800ae52       0x4a CMakeFiles/CtrBoard-H7_ALL.elf.dir/Drivers/STM32H7xx_HAL_Driver/Src/stm32h7xx_ll_usb.c.obj
 .text.USB_CoreInit
                0x0800ae9c       0xa4 CMakeFiles/CtrBoard-H7_ALL.elf.dir/Drivers/STM32H7xx_HAL_Driver/Src/stm32h7xx_ll_usb.c.obj
                0x0800ae9c                USB_CoreInit
 .text.USB_SetTurnaroundTime
                0x0800af40       0xe4 CMakeFiles/CtrBoard-H7_ALL.elf.dir/Drivers/STM32H7xx_HAL_Driver/Src/stm32h7xx_ll_usb.c.obj
                0x0800af40                USB_SetTurnaroundTime
 .text.USB_EnableGlobalInt
                0x0800b024        0xc CMakeFiles/CtrBoard-H7_ALL.elf.dir/Drivers/STM32H7xx_HAL_Driver/Src/stm32h7xx_ll_usb.c.obj
                0x0800b024                USB_EnableGlobalInt
 .text.USB_DisableGlobalInt
                0x0800b030        0xc CMakeFiles/CtrBoard-H7_ALL.elf.dir/Drivers/STM32H7xx_HAL_Driver/Src/stm32h7xx_ll_usb.c.obj
                0x0800b030                USB_DisableGlobalInt
 .text.USB_FlushTxFifo
                0x0800b03c       0x4a CMakeFiles/CtrBoard-H7_ALL.elf.dir/Drivers/STM32H7xx_HAL_Driver/Src/stm32h7xx_ll_usb.c.obj
                0x0800b03c                USB_FlushTxFifo
 .text.USB_FlushRxFifo
                0x0800b086       0x46 CMakeFiles/CtrBoard-H7_ALL.elf.dir/Drivers/STM32H7xx_HAL_Driver/Src/stm32h7xx_ll_usb.c.obj
                0x0800b086                USB_FlushRxFifo
 .text.USB_SetDevSpeed
                0x0800b0cc        0xe CMakeFiles/CtrBoard-H7_ALL.elf.dir/Drivers/STM32H7xx_HAL_Driver/Src/stm32h7xx_ll_usb.c.obj
                0x0800b0cc                USB_SetDevSpeed
 *fill*         0x0800b0da        0x2 
 .text.USB_DevInit
                0x0800b0dc      0x18c CMakeFiles/CtrBoard-H7_ALL.elf.dir/Drivers/STM32H7xx_HAL_Driver/Src/stm32h7xx_ll_usb.c.obj
                0x0800b0dc                USB_DevInit
 .text.USB_GetDevSpeed
                0x0800b268       0x22 CMakeFiles/CtrBoard-H7_ALL.elf.dir/Drivers/STM32H7xx_HAL_Driver/Src/stm32h7xx_ll_usb.c.obj
                0x0800b268                USB_GetDevSpeed
 *fill*         0x0800b28a        0x2 
 .text.USB_ActivateEndpoint
                0x0800b28c       0x98 CMakeFiles/CtrBoard-H7_ALL.elf.dir/Drivers/STM32H7xx_HAL_Driver/Src/stm32h7xx_ll_usb.c.obj
                0x0800b28c                USB_ActivateEndpoint
 .text.USB_DeactivateEndpoint
                0x0800b324       0xe0 CMakeFiles/CtrBoard-H7_ALL.elf.dir/Drivers/STM32H7xx_HAL_Driver/Src/stm32h7xx_ll_usb.c.obj
                0x0800b324                USB_DeactivateEndpoint
 .text.USB_EPStopXfer
                0x0800b404       0xbe CMakeFiles/CtrBoard-H7_ALL.elf.dir/Drivers/STM32H7xx_HAL_Driver/Src/stm32h7xx_ll_usb.c.obj
                0x0800b404                USB_EPStopXfer
 .text.USB_WritePacket
                0x0800b4c2       0x2e CMakeFiles/CtrBoard-H7_ALL.elf.dir/Drivers/STM32H7xx_HAL_Driver/Src/stm32h7xx_ll_usb.c.obj
                0x0800b4c2                USB_WritePacket
 .text.USB_EPStartXfer
                0x0800b4f0      0x238 CMakeFiles/CtrBoard-H7_ALL.elf.dir/Drivers/STM32H7xx_HAL_Driver/Src/stm32h7xx_ll_usb.c.obj
                0x0800b4f0                USB_EPStartXfer
 .text.USB_ReadPacket
                0x0800b728       0x46 CMakeFiles/CtrBoard-H7_ALL.elf.dir/Drivers/STM32H7xx_HAL_Driver/Src/stm32h7xx_ll_usb.c.obj
                0x0800b728                USB_ReadPacket
 .text.USB_EPSetStall
                0x0800b76e       0x5a CMakeFiles/CtrBoard-H7_ALL.elf.dir/Drivers/STM32H7xx_HAL_Driver/Src/stm32h7xx_ll_usb.c.obj
                0x0800b76e                USB_EPSetStall
 .text.USB_EPClearStall
                0x0800b7c8       0x5c CMakeFiles/CtrBoard-H7_ALL.elf.dir/Drivers/STM32H7xx_HAL_Driver/Src/stm32h7xx_ll_usb.c.obj
                0x0800b7c8                USB_EPClearStall
 .text.USB_SetDevAddress
                0x0800b824       0x20 CMakeFiles/CtrBoard-H7_ALL.elf.dir/Drivers/STM32H7xx_HAL_Driver/Src/stm32h7xx_ll_usb.c.obj
                0x0800b824                USB_SetDevAddress
 .text.USB_DevConnect
                0x0800b844       0x1c CMakeFiles/CtrBoard-H7_ALL.elf.dir/Drivers/STM32H7xx_HAL_Driver/Src/stm32h7xx_ll_usb.c.obj
                0x0800b844                USB_DevConnect
 .text.USB_DevDisconnect
                0x0800b860       0x1c CMakeFiles/CtrBoard-H7_ALL.elf.dir/Drivers/STM32H7xx_HAL_Driver/Src/stm32h7xx_ll_usb.c.obj
                0x0800b860                USB_DevDisconnect
 .text.USB_ReadInterrupts
                0x0800b87c        0x8 CMakeFiles/CtrBoard-H7_ALL.elf.dir/Drivers/STM32H7xx_HAL_Driver/Src/stm32h7xx_ll_usb.c.obj
                0x0800b87c                USB_ReadInterrupts
 .text.USB_ReadDevAllOutEpInterrupt
                0x0800b884       0x10 CMakeFiles/CtrBoard-H7_ALL.elf.dir/Drivers/STM32H7xx_HAL_Driver/Src/stm32h7xx_ll_usb.c.obj
                0x0800b884                USB_ReadDevAllOutEpInterrupt
 .text.USB_ReadDevAllInEpInterrupt
                0x0800b894       0x10 CMakeFiles/CtrBoard-H7_ALL.elf.dir/Drivers/STM32H7xx_HAL_Driver/Src/stm32h7xx_ll_usb.c.obj
                0x0800b894                USB_ReadDevAllInEpInterrupt
 .text.USB_ReadDevOutEPInterrupt
                0x0800b8a4       0x12 CMakeFiles/CtrBoard-H7_ALL.elf.dir/Drivers/STM32H7xx_HAL_Driver/Src/stm32h7xx_ll_usb.c.obj
                0x0800b8a4                USB_ReadDevOutEPInterrupt
 .text.USB_ReadDevInEPInterrupt
                0x0800b8b6       0x24 CMakeFiles/CtrBoard-H7_ALL.elf.dir/Drivers/STM32H7xx_HAL_Driver/Src/stm32h7xx_ll_usb.c.obj
                0x0800b8b6                USB_ReadDevInEPInterrupt
 .text.USB_GetMode
                0x0800b8da        0x8 CMakeFiles/CtrBoard-H7_ALL.elf.dir/Drivers/STM32H7xx_HAL_Driver/Src/stm32h7xx_ll_usb.c.obj
                0x0800b8da                USB_GetMode
 .text.USB_SetCurrentMode
                0x0800b8e2       0x62 CMakeFiles/CtrBoard-H7_ALL.elf.dir/Drivers/STM32H7xx_HAL_Driver/Src/stm32h7xx_ll_usb.c.obj
                0x0800b8e2                USB_SetCurrentMode
 .text.USB_ActivateSetup
                0x0800b944       0x1c CMakeFiles/CtrBoard-H7_ALL.elf.dir/Drivers/STM32H7xx_HAL_Driver/Src/stm32h7xx_ll_usb.c.obj
                0x0800b944                USB_ActivateSetup
 .text.USB_EP0_OutStart
                0x0800b960       0x60 CMakeFiles/CtrBoard-H7_ALL.elf.dir/Drivers/STM32H7xx_HAL_Driver/Src/stm32h7xx_ll_usb.c.obj
                0x0800b960                USB_EP0_OutStart
 .text.USBD_CDC_EP0_RxReady
                0x0800b9c0       0x40 CMakeFiles/CtrBoard-H7_ALL.elf.dir/Middlewares/ST/STM32_USB_Device_Library/Class/CDC/Src/usbd_cdc.c.obj
 .text.USBD_CDC_GetDeviceQualifierDescriptor
                0x0800ba00        0xc CMakeFiles/CtrBoard-H7_ALL.elf.dir/Middlewares/ST/STM32_USB_Device_Library/Class/CDC/Src/usbd_cdc.c.obj
                0x0800ba00                USBD_CDC_GetDeviceQualifierDescriptor
 .text.USBD_CDC_GetOtherSpeedCfgDesc
                0x0800ba0c       0x48 CMakeFiles/CtrBoard-H7_ALL.elf.dir/Middlewares/ST/STM32_USB_Device_Library/Class/CDC/Src/usbd_cdc.c.obj
 .text.USBD_CDC_GetFSCfgDesc
                0x0800ba54       0x48 CMakeFiles/CtrBoard-H7_ALL.elf.dir/Middlewares/ST/STM32_USB_Device_Library/Class/CDC/Src/usbd_cdc.c.obj
 .text.USBD_CDC_GetHSCfgDesc
                0x0800ba9c       0x48 CMakeFiles/CtrBoard-H7_ALL.elf.dir/Middlewares/ST/STM32_USB_Device_Library/Class/CDC/Src/usbd_cdc.c.obj
 .text.USBD_CDC_DataOut
                0x0800bae4       0x38 CMakeFiles/CtrBoard-H7_ALL.elf.dir/Middlewares/ST/STM32_USB_Device_Library/Class/CDC/Src/usbd_cdc.c.obj
 .text.USBD_CDC_DataIn
                0x0800bb1c       0x7c CMakeFiles/CtrBoard-H7_ALL.elf.dir/Middlewares/ST/STM32_USB_Device_Library/Class/CDC/Src/usbd_cdc.c.obj
 .text.USBD_CDC_Setup
                0x0800bb98      0x11a CMakeFiles/CtrBoard-H7_ALL.elf.dir/Middlewares/ST/STM32_USB_Device_Library/Class/CDC/Src/usbd_cdc.c.obj
 .text.USBD_CDC_DeInit
                0x0800bcb2       0x64 CMakeFiles/CtrBoard-H7_ALL.elf.dir/Middlewares/ST/STM32_USB_Device_Library/Class/CDC/Src/usbd_cdc.c.obj
 .text.USBD_CDC_Init
                0x0800bd16       0xee CMakeFiles/CtrBoard-H7_ALL.elf.dir/Middlewares/ST/STM32_USB_Device_Library/Class/CDC/Src/usbd_cdc.c.obj
 .text.USBD_CDC_RegisterInterface
                0x0800be04       0x16 CMakeFiles/CtrBoard-H7_ALL.elf.dir/Middlewares/ST/STM32_USB_Device_Library/Class/CDC/Src/usbd_cdc.c.obj
                0x0800be04                USBD_CDC_RegisterInterface
 .text.USBD_CDC_SetTxBuffer
                0x0800be1a       0x1c CMakeFiles/CtrBoard-H7_ALL.elf.dir/Middlewares/ST/STM32_USB_Device_Library/Class/CDC/Src/usbd_cdc.c.obj
                0x0800be1a                USBD_CDC_SetTxBuffer
 .text.USBD_CDC_SetRxBuffer
                0x0800be36       0x18 CMakeFiles/CtrBoard-H7_ALL.elf.dir/Middlewares/ST/STM32_USB_Device_Library/Class/CDC/Src/usbd_cdc.c.obj
                0x0800be36                USBD_CDC_SetRxBuffer
 .text.USBD_CDC_TransmitPacket
                0x0800be4e       0x36 CMakeFiles/CtrBoard-H7_ALL.elf.dir/Middlewares/ST/STM32_USB_Device_Library/Class/CDC/Src/usbd_cdc.c.obj
                0x0800be4e                USBD_CDC_TransmitPacket
 .text.USBD_CDC_ReceivePacket
                0x0800be84       0x38 CMakeFiles/CtrBoard-H7_ALL.elf.dir/Middlewares/ST/STM32_USB_Device_Library/Class/CDC/Src/usbd_cdc.c.obj
                0x0800be84                USBD_CDC_ReceivePacket
 .text.USBD_Init
                0x0800bebc       0x2e CMakeFiles/CtrBoard-H7_ALL.elf.dir/Middlewares/ST/STM32_USB_Device_Library/Core/Src/usbd_core.c.obj
                0x0800bebc                USBD_Init
 .text.USBD_RegisterClass
                0x0800beea       0x40 CMakeFiles/CtrBoard-H7_ALL.elf.dir/Middlewares/ST/STM32_USB_Device_Library/Core/Src/usbd_core.c.obj
                0x0800beea                USBD_RegisterClass
 .text.USBD_Start
                0x0800bf2a        0x8 CMakeFiles/CtrBoard-H7_ALL.elf.dir/Middlewares/ST/STM32_USB_Device_Library/Core/Src/usbd_core.c.obj
                0x0800bf2a                USBD_Start
 .text.USBD_SetClassConfig
                0x0800bf32       0x12 CMakeFiles/CtrBoard-H7_ALL.elf.dir/Middlewares/ST/STM32_USB_Device_Library/Core/Src/usbd_core.c.obj
                0x0800bf32                USBD_SetClassConfig
 .text.USBD_ClrClassConfig
                0x0800bf44       0x12 CMakeFiles/CtrBoard-H7_ALL.elf.dir/Middlewares/ST/STM32_USB_Device_Library/Core/Src/usbd_core.c.obj
                0x0800bf44                USBD_ClrClassConfig
 .text.USBD_LL_SetupStage
                0x0800bf56       0x58 CMakeFiles/CtrBoard-H7_ALL.elf.dir/Middlewares/ST/STM32_USB_Device_Library/Core/Src/usbd_core.c.obj
                0x0800bf56                USBD_LL_SetupStage
 .text.USBD_LL_Reset
                0x0800bfae       0x64 CMakeFiles/CtrBoard-H7_ALL.elf.dir/Middlewares/ST/STM32_USB_Device_Library/Core/Src/usbd_core.c.obj
                0x0800bfae                USBD_LL_Reset
 .text.USBD_LL_SetSpeed
                0x0800c012        0x6 CMakeFiles/CtrBoard-H7_ALL.elf.dir/Middlewares/ST/STM32_USB_Device_Library/Core/Src/usbd_core.c.obj
                0x0800c012                USBD_LL_SetSpeed
 .text.USBD_LL_Suspend
                0x0800c018       0x1e CMakeFiles/CtrBoard-H7_ALL.elf.dir/Middlewares/ST/STM32_USB_Device_Library/Core/Src/usbd_core.c.obj
                0x0800c018                USBD_LL_Suspend
 .text.USBD_LL_Resume
                0x0800c036       0x1a CMakeFiles/CtrBoard-H7_ALL.elf.dir/Middlewares/ST/STM32_USB_Device_Library/Core/Src/usbd_core.c.obj
                0x0800c036                USBD_LL_Resume
 .text.USBD_LL_SOF
                0x0800c050       0x22 CMakeFiles/CtrBoard-H7_ALL.elf.dir/Middlewares/ST/STM32_USB_Device_Library/Core/Src/usbd_core.c.obj
                0x0800c050                USBD_LL_SOF
 .text.USBD_LL_IsoINIncomplete
                0x0800c072       0x2e CMakeFiles/CtrBoard-H7_ALL.elf.dir/Middlewares/ST/STM32_USB_Device_Library/Core/Src/usbd_core.c.obj
                0x0800c072                USBD_LL_IsoINIncomplete
 .text.USBD_LL_IsoOUTIncomplete
                0x0800c0a0       0x2e CMakeFiles/CtrBoard-H7_ALL.elf.dir/Middlewares/ST/STM32_USB_Device_Library/Core/Src/usbd_core.c.obj
                0x0800c0a0                USBD_LL_IsoOUTIncomplete
 .text.USBD_LL_DevConnected
                0x0800c0ce        0x4 CMakeFiles/CtrBoard-H7_ALL.elf.dir/Middlewares/ST/STM32_USB_Device_Library/Core/Src/usbd_core.c.obj
                0x0800c0ce                USBD_LL_DevConnected
 .text.USBD_LL_DevDisconnected
                0x0800c0d2       0x20 CMakeFiles/CtrBoard-H7_ALL.elf.dir/Middlewares/ST/STM32_USB_Device_Library/Core/Src/usbd_core.c.obj
                0x0800c0d2                USBD_LL_DevDisconnected
 .text.USBD_CoreFindIF
                0x0800c0f2        0x4 CMakeFiles/CtrBoard-H7_ALL.elf.dir/Middlewares/ST/STM32_USB_Device_Library/Core/Src/usbd_core.c.obj
                0x0800c0f2                USBD_CoreFindIF
 .text.USBD_CoreFindEP
                0x0800c0f6        0x4 CMakeFiles/CtrBoard-H7_ALL.elf.dir/Middlewares/ST/STM32_USB_Device_Library/Core/Src/usbd_core.c.obj
                0x0800c0f6                USBD_CoreFindEP
 .text.USBD_LL_DataOutStage
                0x0800c0fa       0xc4 CMakeFiles/CtrBoard-H7_ALL.elf.dir/Middlewares/ST/STM32_USB_Device_Library/Core/Src/usbd_core.c.obj
                0x0800c0fa                USBD_LL_DataOutStage
 .text.USBD_LL_DataInStage
                0x0800c1be       0xd6 CMakeFiles/CtrBoard-H7_ALL.elf.dir/Middlewares/ST/STM32_USB_Device_Library/Core/Src/usbd_core.c.obj
                0x0800c1be                USBD_LL_DataInStage
 .text.USBD_GetNextDesc
                0x0800c294        0xe CMakeFiles/CtrBoard-H7_ALL.elf.dir/Middlewares/ST/STM32_USB_Device_Library/Core/Src/usbd_core.c.obj
                0x0800c294                USBD_GetNextDesc
 .text.USBD_GetEpDesc
                0x0800c2a2       0x3e CMakeFiles/CtrBoard-H7_ALL.elf.dir/Middlewares/ST/STM32_USB_Device_Library/Core/Src/usbd_core.c.obj
                0x0800c2a2                USBD_GetEpDesc
 .text.USBD_GetLen
                0x0800c2e0       0x14 CMakeFiles/CtrBoard-H7_ALL.elf.dir/Middlewares/ST/STM32_USB_Device_Library/Core/Src/usbd_ctlreq.c.obj
 .text.USBD_ParseSetupRequest
                0x0800c2f4       0x28 CMakeFiles/CtrBoard-H7_ALL.elf.dir/Middlewares/ST/STM32_USB_Device_Library/Core/Src/usbd_ctlreq.c.obj
                0x0800c2f4                USBD_ParseSetupRequest
 .text.USBD_CtlError
                0x0800c31c       0x14 CMakeFiles/CtrBoard-H7_ALL.elf.dir/Middlewares/ST/STM32_USB_Device_Library/Core/Src/usbd_ctlreq.c.obj
                0x0800c31c                USBD_CtlError
 .text.USBD_GetDescriptor
                0x0800c330      0x1ac CMakeFiles/CtrBoard-H7_ALL.elf.dir/Middlewares/ST/STM32_USB_Device_Library/Core/Src/usbd_ctlreq.c.obj
 .text.USBD_SetAddress
                0x0800c4dc       0x50 CMakeFiles/CtrBoard-H7_ALL.elf.dir/Middlewares/ST/STM32_USB_Device_Library/Core/Src/usbd_ctlreq.c.obj
 .text.USBD_SetConfig
                0x0800c52c       0xcc CMakeFiles/CtrBoard-H7_ALL.elf.dir/Middlewares/ST/STM32_USB_Device_Library/Core/Src/usbd_ctlreq.c.obj
 .text.USBD_GetConfig
                0x0800c5f8       0x40 CMakeFiles/CtrBoard-H7_ALL.elf.dir/Middlewares/ST/STM32_USB_Device_Library/Core/Src/usbd_ctlreq.c.obj
 .text.USBD_GetStatus
                0x0800c638       0x38 CMakeFiles/CtrBoard-H7_ALL.elf.dir/Middlewares/ST/STM32_USB_Device_Library/Core/Src/usbd_ctlreq.c.obj
 .text.USBD_SetFeature
                0x0800c670       0x2a CMakeFiles/CtrBoard-H7_ALL.elf.dir/Middlewares/ST/STM32_USB_Device_Library/Core/Src/usbd_ctlreq.c.obj
 .text.USBD_ClrFeature
                0x0800c69a       0x26 CMakeFiles/CtrBoard-H7_ALL.elf.dir/Middlewares/ST/STM32_USB_Device_Library/Core/Src/usbd_ctlreq.c.obj
 .text.USBD_StdDevReq
                0x0800c6c0       0x76 CMakeFiles/CtrBoard-H7_ALL.elf.dir/Middlewares/ST/STM32_USB_Device_Library/Core/Src/usbd_ctlreq.c.obj
                0x0800c6c0                USBD_StdDevReq
 .text.USBD_StdItfReq
                0x0800c736       0x84 CMakeFiles/CtrBoard-H7_ALL.elf.dir/Middlewares/ST/STM32_USB_Device_Library/Core/Src/usbd_ctlreq.c.obj
                0x0800c736                USBD_StdItfReq
 .text.USBD_StdEPReq
                0x0800c7ba      0x232 CMakeFiles/CtrBoard-H7_ALL.elf.dir/Middlewares/ST/STM32_USB_Device_Library/Core/Src/usbd_ctlreq.c.obj
                0x0800c7ba                USBD_StdEPReq
 .text.USBD_GetString
                0x0800c9ec       0x46 CMakeFiles/CtrBoard-H7_ALL.elf.dir/Middlewares/ST/STM32_USB_Device_Library/Core/Src/usbd_ctlreq.c.obj
                0x0800c9ec                USBD_GetString
 .text.USBD_CtlSendData
                0x0800ca32       0x1a CMakeFiles/CtrBoard-H7_ALL.elf.dir/Middlewares/ST/STM32_USB_Device_Library/Core/Src/usbd_ioreq.c.obj
                0x0800ca32                USBD_CtlSendData
 .text.USBD_CtlContinueSendData
                0x0800ca4c       0x10 CMakeFiles/CtrBoard-H7_ALL.elf.dir/Middlewares/ST/STM32_USB_Device_Library/Core/Src/usbd_ioreq.c.obj
                0x0800ca4c                USBD_CtlContinueSendData
 .text.USBD_CtlPrepareRx
                0x0800ca5c       0x1e CMakeFiles/CtrBoard-H7_ALL.elf.dir/Middlewares/ST/STM32_USB_Device_Library/Core/Src/usbd_ioreq.c.obj
                0x0800ca5c                USBD_CtlPrepareRx
 .text.USBD_CtlContinueRx
                0x0800ca7a       0x10 CMakeFiles/CtrBoard-H7_ALL.elf.dir/Middlewares/ST/STM32_USB_Device_Library/Core/Src/usbd_ioreq.c.obj
                0x0800ca7a                USBD_CtlContinueRx
 .text.USBD_CtlSendStatus
                0x0800ca8a       0x16 CMakeFiles/CtrBoard-H7_ALL.elf.dir/Middlewares/ST/STM32_USB_Device_Library/Core/Src/usbd_ioreq.c.obj
                0x0800ca8a                USBD_CtlSendStatus
 .text.USBD_CtlReceiveStatus
                0x0800caa0       0x16 CMakeFiles/CtrBoard-H7_ALL.elf.dir/Middlewares/ST/STM32_USB_Device_Library/Core/Src/usbd_ioreq.c.obj
                0x0800caa0                USBD_CtlReceiveStatus
 .text.makeFreeRtosPriority
                0x0800cab6        0xc CMakeFiles/CtrBoard-H7_ALL.elf.dir/Middlewares/Third_Party/FreeRTOS/Source/CMSIS_RTOS/cmsis_os.c.obj
 .text.osKernelStart
                0x0800cac2        0xa CMakeFiles/CtrBoard-H7_ALL.elf.dir/Middlewares/Third_Party/FreeRTOS/Source/CMSIS_RTOS/cmsis_os.c.obj
                0x0800cac2                osKernelStart
 .text.osThreadCreate
                0x0800cacc       0x66 CMakeFiles/CtrBoard-H7_ALL.elf.dir/Middlewares/Third_Party/FreeRTOS/Source/CMSIS_RTOS/cmsis_os.c.obj
                0x0800cacc                osThreadCreate
 .text.osDelay  0x0800cb32        0xe CMakeFiles/CtrBoard-H7_ALL.elf.dir/Middlewares/Third_Party/FreeRTOS/Source/CMSIS_RTOS/cmsis_os.c.obj
                0x0800cb32                osDelay
 .text.vListInitialise
                0x0800cb40       0x16 CMakeFiles/CtrBoard-H7_ALL.elf.dir/Middlewares/Third_Party/FreeRTOS/Source/list.c.obj
                0x0800cb40                vListInitialise
 .text.vListInitialiseItem
                0x0800cb56        0x6 CMakeFiles/CtrBoard-H7_ALL.elf.dir/Middlewares/Third_Party/FreeRTOS/Source/list.c.obj
                0x0800cb56                vListInitialiseItem
 .text.vListInsertEnd
                0x0800cb5c       0x16 CMakeFiles/CtrBoard-H7_ALL.elf.dir/Middlewares/Third_Party/FreeRTOS/Source/list.c.obj
                0x0800cb5c                vListInsertEnd
 .text.vListInsert
                0x0800cb72       0x32 CMakeFiles/CtrBoard-H7_ALL.elf.dir/Middlewares/Third_Party/FreeRTOS/Source/list.c.obj
                0x0800cb72                vListInsert
 .text.uxListRemove
                0x0800cba4       0x26 CMakeFiles/CtrBoard-H7_ALL.elf.dir/Middlewares/Third_Party/FreeRTOS/Source/list.c.obj
                0x0800cba4                uxListRemove
 *fill*         0x0800cbca        0x2 
 .text.prvTaskExitError
                0x0800cbcc       0x40 CMakeFiles/CtrBoard-H7_ALL.elf.dir/Middlewares/Third_Party/FreeRTOS/Source/portable/GCC/ARM_CM4F/port.c.obj
 .text.prvPortStartFirstTask
                0x0800cc0c       0x28 CMakeFiles/CtrBoard-H7_ALL.elf.dir/Middlewares/Third_Party/FreeRTOS/Source/portable/GCC/ARM_CM4F/port.c.obj
 .text.vPortEnableVFP
                0x0800cc34       0x14 CMakeFiles/CtrBoard-H7_ALL.elf.dir/Middlewares/Third_Party/FreeRTOS/Source/portable/GCC/ARM_CM4F/port.c.obj
 .text.pxPortInitialiseStack
                0x0800cc48       0x2c CMakeFiles/CtrBoard-H7_ALL.elf.dir/Middlewares/Third_Party/FreeRTOS/Source/portable/GCC/ARM_CM4F/port.c.obj
                0x0800cc48                pxPortInitialiseStack
 *fill*         0x0800cc74        0xc 
 .text.SVC_Handler
                0x0800cc80       0x24 CMakeFiles/CtrBoard-H7_ALL.elf.dir/Middlewares/Third_Party/FreeRTOS/Source/portable/GCC/ARM_CM4F/port.c.obj
                0x0800cc80                SVC_Handler
 .text.vPortEnterCritical
                0x0800cca4       0x44 CMakeFiles/CtrBoard-H7_ALL.elf.dir/Middlewares/Third_Party/FreeRTOS/Source/portable/GCC/ARM_CM4F/port.c.obj
                0x0800cca4                vPortEnterCritical
 .text.vPortExitCritical
                0x0800cce8       0x2c CMakeFiles/CtrBoard-H7_ALL.elf.dir/Middlewares/Third_Party/FreeRTOS/Source/portable/GCC/ARM_CM4F/port.c.obj
                0x0800cce8                vPortExitCritical
 *fill*         0x0800cd14        0xc 
 .text.PendSV_Handler
                0x0800cd20       0x64 CMakeFiles/CtrBoard-H7_ALL.elf.dir/Middlewares/Third_Party/FreeRTOS/Source/portable/GCC/ARM_CM4F/port.c.obj
                0x0800cd20                PendSV_Handler
 .text.SysTick_Handler
                0x0800cd84       0x2c CMakeFiles/CtrBoard-H7_ALL.elf.dir/Middlewares/Third_Party/FreeRTOS/Source/portable/GCC/ARM_CM4F/port.c.obj
                0x0800cd84                SysTick_Handler
 .text.vPortSetupTimerInterrupt
                0x0800cdb0       0x28 CMakeFiles/CtrBoard-H7_ALL.elf.dir/Middlewares/Third_Party/FreeRTOS/Source/portable/GCC/ARM_CM4F/port.c.obj
                0x0800cdb0                vPortSetupTimerInterrupt
 .text.xPortStartScheduler
                0x0800cdd8      0x118 CMakeFiles/CtrBoard-H7_ALL.elf.dir/Middlewares/Third_Party/FreeRTOS/Source/portable/GCC/ARM_CM4F/port.c.obj
                0x0800cdd8                xPortStartScheduler
 .text.vPortValidateInterruptPriority
                0x0800cef0       0x5c CMakeFiles/CtrBoard-H7_ALL.elf.dir/Middlewares/Third_Party/FreeRTOS/Source/portable/GCC/ARM_CM4F/port.c.obj
                0x0800cef0                vPortValidateInterruptPriority
 .text.prvHeapInit
                0x0800cf4c       0x64 CMakeFiles/CtrBoard-H7_ALL.elf.dir/Middlewares/Third_Party/FreeRTOS/Source/portable/MemMang/heap_4.c.obj
 .text.prvInsertBlockIntoFreeList
                0x0800cfb0       0x64 CMakeFiles/CtrBoard-H7_ALL.elf.dir/Middlewares/Third_Party/FreeRTOS/Source/portable/MemMang/heap_4.c.obj
 .text.pvPortMalloc
                0x0800d014      0x104 CMakeFiles/CtrBoard-H7_ALL.elf.dir/Middlewares/Third_Party/FreeRTOS/Source/portable/MemMang/heap_4.c.obj
                0x0800d014                pvPortMalloc
 .text.vPortFree
                0x0800d118       0x7c CMakeFiles/CtrBoard-H7_ALL.elf.dir/Middlewares/Third_Party/FreeRTOS/Source/portable/MemMang/heap_4.c.obj
                0x0800d118                vPortFree
 .text.prvIsQueueFull
                0x0800d194       0x1e CMakeFiles/CtrBoard-H7_ALL.elf.dir/Middlewares/Third_Party/FreeRTOS/Source/queue.c.obj
 .text.prvIsQueueEmpty
                0x0800d1b2       0x1a CMakeFiles/CtrBoard-H7_ALL.elf.dir/Middlewares/Third_Party/FreeRTOS/Source/queue.c.obj
 .text.prvCopyDataToQueue
                0x0800d1cc       0x76 CMakeFiles/CtrBoard-H7_ALL.elf.dir/Middlewares/Third_Party/FreeRTOS/Source/queue.c.obj
 .text.prvCopyDataFromQueue
                0x0800d242       0x24 CMakeFiles/CtrBoard-H7_ALL.elf.dir/Middlewares/Third_Party/FreeRTOS/Source/queue.c.obj
 .text.prvUnlockQueue
                0x0800d266       0x6e CMakeFiles/CtrBoard-H7_ALL.elf.dir/Middlewares/Third_Party/FreeRTOS/Source/queue.c.obj
 .text.xQueueGenericReset
                0x0800d2d4       0x84 CMakeFiles/CtrBoard-H7_ALL.elf.dir/Middlewares/Third_Party/FreeRTOS/Source/queue.c.obj
                0x0800d2d4                xQueueGenericReset
 .text.prvInitialiseNewQueue
                0x0800d358       0x22 CMakeFiles/CtrBoard-H7_ALL.elf.dir/Middlewares/Third_Party/FreeRTOS/Source/queue.c.obj
 .text.xQueueGenericCreateStatic
                0x0800d37a       0xa6 CMakeFiles/CtrBoard-H7_ALL.elf.dir/Middlewares/Third_Party/FreeRTOS/Source/queue.c.obj
                0x0800d37a                xQueueGenericCreateStatic
 .text.xQueueGenericSend
                0x0800d420      0x188 CMakeFiles/CtrBoard-H7_ALL.elf.dir/Middlewares/Third_Party/FreeRTOS/Source/queue.c.obj
                0x0800d420                xQueueGenericSend
 .text.xQueueGenericSendFromISR
                0x0800d5a8       0xce CMakeFiles/CtrBoard-H7_ALL.elf.dir/Middlewares/Third_Party/FreeRTOS/Source/queue.c.obj
                0x0800d5a8                xQueueGenericSendFromISR
 .text.xQueueReceive
                0x0800d676      0x15e CMakeFiles/CtrBoard-H7_ALL.elf.dir/Middlewares/Third_Party/FreeRTOS/Source/queue.c.obj
                0x0800d676                xQueueReceive
 .text.vQueueAddToRegistry
                0x0800d7d4       0x28 CMakeFiles/CtrBoard-H7_ALL.elf.dir/Middlewares/Third_Party/FreeRTOS/Source/queue.c.obj
                0x0800d7d4                vQueueAddToRegistry
 .text.vQueueWaitForMessageRestricted
                0x0800d7fc       0x52 CMakeFiles/CtrBoard-H7_ALL.elf.dir/Middlewares/Third_Party/FreeRTOS/Source/queue.c.obj
                0x0800d7fc                vQueueWaitForMessageRestricted
 *fill*         0x0800d84e        0x2 
 .text.prvResetNextTaskUnblockTime
                0x0800d850       0x2c CMakeFiles/CtrBoard-H7_ALL.elf.dir/Middlewares/Third_Party/FreeRTOS/Source/tasks.c.obj
 .text.prvInitialiseNewTask
                0x0800d87c       0xa2 CMakeFiles/CtrBoard-H7_ALL.elf.dir/Middlewares/Third_Party/FreeRTOS/Source/tasks.c.obj
 *fill*         0x0800d91e        0x2 
 .text.prvInitialiseTaskLists
                0x0800d920       0x68 CMakeFiles/CtrBoard-H7_ALL.elf.dir/Middlewares/Third_Party/FreeRTOS/Source/tasks.c.obj
 .text.prvAddNewTaskToReadyList
                0x0800d988       0xac CMakeFiles/CtrBoard-H7_ALL.elf.dir/Middlewares/Third_Party/FreeRTOS/Source/tasks.c.obj
 .text.prvDeleteTCB
                0x0800da34       0x38 CMakeFiles/CtrBoard-H7_ALL.elf.dir/Middlewares/Third_Party/FreeRTOS/Source/tasks.c.obj
 .text.prvCheckTasksWaitingTermination
                0x0800da6c       0x4c CMakeFiles/CtrBoard-H7_ALL.elf.dir/Middlewares/Third_Party/FreeRTOS/Source/tasks.c.obj
 .text.prvIdleTask
                0x0800dab8       0x28 CMakeFiles/CtrBoard-H7_ALL.elf.dir/Middlewares/Third_Party/FreeRTOS/Source/tasks.c.obj
 .text.prvAddCurrentTaskToDelayedList
                0x0800dae0       0xa0 CMakeFiles/CtrBoard-H7_ALL.elf.dir/Middlewares/Third_Party/FreeRTOS/Source/tasks.c.obj
 .text.xTaskCreateStatic
                0x0800db80       0x76 CMakeFiles/CtrBoard-H7_ALL.elf.dir/Middlewares/Third_Party/FreeRTOS/Source/tasks.c.obj
                0x0800db80                xTaskCreateStatic
 .text.xTaskCreate
                0x0800dbf6       0x64 CMakeFiles/CtrBoard-H7_ALL.elf.dir/Middlewares/Third_Party/FreeRTOS/Source/tasks.c.obj
                0x0800dbf6                xTaskCreate
 *fill*         0x0800dc5a        0x2 
 .text.vTaskStartScheduler
                0x0800dc5c       0x98 CMakeFiles/CtrBoard-H7_ALL.elf.dir/Middlewares/Third_Party/FreeRTOS/Source/tasks.c.obj
                0x0800dc5c                vTaskStartScheduler
 .text.vTaskSuspendAll
                0x0800dcf4       0x10 CMakeFiles/CtrBoard-H7_ALL.elf.dir/Middlewares/Third_Party/FreeRTOS/Source/tasks.c.obj
                0x0800dcf4                vTaskSuspendAll
 .text.xTaskGetTickCount
                0x0800dd04        0xc CMakeFiles/CtrBoard-H7_ALL.elf.dir/Middlewares/Third_Party/FreeRTOS/Source/tasks.c.obj
                0x0800dd04                xTaskGetTickCount
 .text.xTaskIncrementTick
                0x0800dd10      0x118 CMakeFiles/CtrBoard-H7_ALL.elf.dir/Middlewares/Third_Party/FreeRTOS/Source/tasks.c.obj
                0x0800dd10                xTaskIncrementTick
 .text.xTaskResumeAll
                0x0800de28       0xf8 CMakeFiles/CtrBoard-H7_ALL.elf.dir/Middlewares/Third_Party/FreeRTOS/Source/tasks.c.obj
                0x0800de28                xTaskResumeAll
 .text.vTaskDelay
                0x0800df20       0x4c CMakeFiles/CtrBoard-H7_ALL.elf.dir/Middlewares/Third_Party/FreeRTOS/Source/tasks.c.obj
                0x0800df20                vTaskDelay
 .text.vTaskSwitchContext
                0x0800df6c       0x98 CMakeFiles/CtrBoard-H7_ALL.elf.dir/Middlewares/Third_Party/FreeRTOS/Source/tasks.c.obj
                0x0800df6c                vTaskSwitchContext
 .text.vTaskPlaceOnEventList
                0x0800e004       0x30 CMakeFiles/CtrBoard-H7_ALL.elf.dir/Middlewares/Third_Party/FreeRTOS/Source/tasks.c.obj
                0x0800e004                vTaskPlaceOnEventList
 .text.vTaskPlaceOnEventListRestricted
                0x0800e034       0x38 CMakeFiles/CtrBoard-H7_ALL.elf.dir/Middlewares/Third_Party/FreeRTOS/Source/tasks.c.obj
                0x0800e034                vTaskPlaceOnEventListRestricted
 .text.xTaskRemoveFromEventList
                0x0800e06c       0x8c CMakeFiles/CtrBoard-H7_ALL.elf.dir/Middlewares/Third_Party/FreeRTOS/Source/tasks.c.obj
                0x0800e06c                xTaskRemoveFromEventList
 .text.vTaskInternalSetTimeOutState
                0x0800e0f8       0x18 CMakeFiles/CtrBoard-H7_ALL.elf.dir/Middlewares/Third_Party/FreeRTOS/Source/tasks.c.obj
                0x0800e0f8                vTaskInternalSetTimeOutState
 .text.xTaskCheckForTimeOut
                0x0800e110       0x84 CMakeFiles/CtrBoard-H7_ALL.elf.dir/Middlewares/Third_Party/FreeRTOS/Source/tasks.c.obj
                0x0800e110                xTaskCheckForTimeOut
 .text.vTaskMissedYield
                0x0800e194        0xc CMakeFiles/CtrBoard-H7_ALL.elf.dir/Middlewares/Third_Party/FreeRTOS/Source/tasks.c.obj
                0x0800e194                vTaskMissedYield
 .text.xTaskGetSchedulerState
                0x0800e1a0       0x20 CMakeFiles/CtrBoard-H7_ALL.elf.dir/Middlewares/Third_Party/FreeRTOS/Source/tasks.c.obj
                0x0800e1a0                xTaskGetSchedulerState
 .text.xTaskPriorityDisinherit
                0x0800e1c0       0xb0 CMakeFiles/CtrBoard-H7_ALL.elf.dir/Middlewares/Third_Party/FreeRTOS/Source/tasks.c.obj
                0x0800e1c0                xTaskPriorityDisinherit
 .text.prvGetNextExpireTime
                0x0800e270       0x20 CMakeFiles/CtrBoard-H7_ALL.elf.dir/Middlewares/Third_Party/FreeRTOS/Source/timers.c.obj
 .text.prvInsertTimerInActiveList
                0x0800e290       0x50 CMakeFiles/CtrBoard-H7_ALL.elf.dir/Middlewares/Third_Party/FreeRTOS/Source/timers.c.obj
 .text.prvCheckForValidListAndQueue
                0x0800e2e0       0x70 CMakeFiles/CtrBoard-H7_ALL.elf.dir/Middlewares/Third_Party/FreeRTOS/Source/timers.c.obj
 .text.xTimerCreateTimerTask
                0x0800e350       0x64 CMakeFiles/CtrBoard-H7_ALL.elf.dir/Middlewares/Third_Party/FreeRTOS/Source/timers.c.obj
                0x0800e350                xTimerCreateTimerTask
 .text.xTimerGenericCommand
                0x0800e3b4       0x6c CMakeFiles/CtrBoard-H7_ALL.elf.dir/Middlewares/Third_Party/FreeRTOS/Source/timers.c.obj
                0x0800e3b4                xTimerGenericCommand
 .text.prvSwitchTimerLists
                0x0800e420       0x7c CMakeFiles/CtrBoard-H7_ALL.elf.dir/Middlewares/Third_Party/FreeRTOS/Source/timers.c.obj
 .text.prvSampleTimeNow
                0x0800e49c       0x2c CMakeFiles/CtrBoard-H7_ALL.elf.dir/Middlewares/Third_Party/FreeRTOS/Source/timers.c.obj
 .text.prvProcessExpiredTimer
                0x0800e4c8       0x6c CMakeFiles/CtrBoard-H7_ALL.elf.dir/Middlewares/Third_Party/FreeRTOS/Source/timers.c.obj
 .text.prvProcessTimerOrBlockTask
                0x0800e534       0x78 CMakeFiles/CtrBoard-H7_ALL.elf.dir/Middlewares/Third_Party/FreeRTOS/Source/timers.c.obj
 .text.prvProcessReceivedCommands
                0x0800e5ac      0x10c CMakeFiles/CtrBoard-H7_ALL.elf.dir/Middlewares/Third_Party/FreeRTOS/Source/timers.c.obj
 .text.prvTimerTask
                0x0800e6b8       0x16 CMakeFiles/CtrBoard-H7_ALL.elf.dir/Middlewares/Third_Party/FreeRTOS/Source/timers.c.obj
 *fill*         0x0800e6ce        0x2 
 .text.MX_USB_DEVICE_Init
                0x0800e6d0       0x58 CMakeFiles/CtrBoard-H7_ALL.elf.dir/USB_DEVICE/App/usb_device.c.obj
                0x0800e6d0                MX_USB_DEVICE_Init
 .text.CDC_DeInit_HS
                0x0800e728        0x4 CMakeFiles/CtrBoard-H7_ALL.elf.dir/USB_DEVICE/App/usbd_cdc_if.c.obj
 .text.CDC_Control_HS
                0x0800e72c        0x4 CMakeFiles/CtrBoard-H7_ALL.elf.dir/USB_DEVICE/App/usbd_cdc_if.c.obj
 .text.CDC_TransmitCplt_HS
                0x0800e730        0x4 CMakeFiles/CtrBoard-H7_ALL.elf.dir/USB_DEVICE/App/usbd_cdc_if.c.obj
 .text.CDC_Receive_HS
                0x0800e734       0x1c CMakeFiles/CtrBoard-H7_ALL.elf.dir/USB_DEVICE/App/usbd_cdc_if.c.obj
 .text.CDC_Init_HS
                0x0800e750       0x28 CMakeFiles/CtrBoard-H7_ALL.elf.dir/USB_DEVICE/App/usbd_cdc_if.c.obj
 .text.CDC_Transmit_HS
                0x0800e778       0x2c CMakeFiles/CtrBoard-H7_ALL.elf.dir/USB_DEVICE/App/usbd_cdc_if.c.obj
                0x0800e778                CDC_Transmit_HS
 .text.USBD_HS_DeviceDescriptor
                0x0800e7a4        0xc CMakeFiles/CtrBoard-H7_ALL.elf.dir/USB_DEVICE/App/usbd_desc.c.obj
                0x0800e7a4                USBD_HS_DeviceDescriptor
 .text.USBD_HS_LangIDStrDescriptor