Archive member included to satisfy reference by file (symbol)

D:\GitHub_Project\Engineering_Robot_H723\Middlewares\ST\ARM\DSP\Lib\libarm_cortexM7lfsp_math.a(arm_sin_f32.o)
                              CMakeFiles/CtrBoard-H7_ALL.elf.dir/USER/Task/Referee/referee_task.c.obj (arm_sin_f32)
D:\GitHub_Project\Engineering_Robot_H723\Middlewares\ST\ARM\DSP\Lib\libarm_cortexM7lfsp_math.a(arm_common_tables.o)
                              D:\GitHub_Project\Engineering_Robot_H723\Middlewares\ST\ARM\DSP\Lib\libarm_cortexM7lfsp_math.a(arm_sin_f32.o) (sinTable_f32)
I:/ARM-GN~1.3/133167~1.3RE/bin/../lib/gcc/arm-none-eabi/13.3.1/thumb/v7e-m+fp/hard\libgcc.a(_arm_muldf3.o)
                              CMakeFiles/CtrBoard-H7_ALL.elf.dir/USER/Task/DMmotor/DMmotor_task.c.obj (__aeabi_dmul)
I:/ARM-GN~1.3/133167~1.3RE/bin/../lib/gcc/arm-none-eabi/13.3.1/thumb/v7e-m+fp/hard\libgcc.a(_arm_addsubdf3.o)
                              CMakeFiles/CtrBoard-H7_ALL.elf.dir/USER/Task/DMmotor/DMmotor_task.c.obj (__aeabi_dsub)
I:/ARM-GN~1.3/133167~1.3RE/bin/../lib/gcc/arm-none-eabi/13.3.1/thumb/v7e-m+fp/hard\libgcc.a(_arm_muldivdf3.o)
                              CMakeFiles/CtrBoard-H7_ALL.elf.dir/USER/Algorithm/Dwt/drv_dwt.c.obj (__aeabi_ddiv)
I:/ARM-GN~1.3/133167~1.3RE/bin/../lib/gcc/arm-none-eabi/13.3.1/thumb/v7e-m+fp/hard\libgcc.a(_arm_cmpdf2.o)
                              CMakeFiles/CtrBoard-H7_ALL.elf.dir/USER/Task/DMmotor/DMmotor_task.c.obj (__aeabi_dcmplt)
I:/ARM-GN~1.3/133167~1.3RE/bin/../lib/gcc/arm-none-eabi/13.3.1/thumb/v7e-m+fp/hard\libgcc.a(_arm_truncdfsf2.o)
                              CMakeFiles/CtrBoard-H7_ALL.elf.dir/USER/Algorithm/MahonyAHRS/MahonyAHRS.c.obj (__aeabi_d2f)
I:/ARM-GN~1.3/133167~1.3RE/bin/../lib/gcc/arm-none-eabi/13.3.1/thumb/v7e-m+fp/hard\libgcc.a(_aeabi_uldivmod.o)
                              CMakeFiles/CtrBoard-H7_ALL.elf.dir/Drivers/STM32H7xx_HAL_Driver/Src/stm32h7xx_hal_uart.c.obj (__aeabi_uldivmod)
I:/ARM-GN~1.3/133167~1.3RE/bin/../lib/gcc/arm-none-eabi/13.3.1/thumb/v7e-m+fp/hard\libgcc.a(_udivmoddi4.o)
                              I:/ARM-GN~1.3/133167~1.3RE/bin/../lib/gcc/arm-none-eabi/13.3.1/thumb/v7e-m+fp/hard\libgcc.a(_aeabi_uldivmod.o) (__udivmoddi4)
I:/ARM-GN~1.3/133167~1.3RE/bin/../lib/gcc/arm-none-eabi/13.3.1/thumb/v7e-m+fp/hard\libgcc.a(_dvmd_tls.o)
                              I:/ARM-GN~1.3/133167~1.3RE/bin/../lib/gcc/arm-none-eabi/13.3.1/thumb/v7e-m+fp/hard\libgcc.a(_aeabi_uldivmod.o) (__aeabi_ldiv0)
I:/ARM-GN~1.3/133167~1.3RE/bin/../lib/gcc/arm-none-eabi/13.3.1/thumb/v7e-m+fp/hard\libg.a(libc_a-exit.o)
                              I:/ARM-GN~1.3/133167~1.3RE/bin/../lib/gcc/arm-none-eabi/13.3.1/thumb/v7e-m+fp/hard/crt0.o (exit)
I:/ARM-GN~1.3/133167~1.3RE/bin/../lib/gcc/arm-none-eabi/13.3.1/thumb/v7e-m+fp/hard\libg.a(libc_a-malloc.o)
                              CMakeFiles/CtrBoard-H7_ALL.elf.dir/USER/Algorithm/PID/PID.c.obj (malloc)
I:/ARM-GN~1.3/133167~1.3RE/bin/../lib/gcc/arm-none-eabi/13.3.1/thumb/v7e-m+fp/hard\libg.a(libc_a-mallocr.o)
                              I:/ARM-GN~1.3/133167~1.3RE/bin/../lib/gcc/arm-none-eabi/13.3.1/thumb/v7e-m+fp/hard\libg.a(libc_a-malloc.o) (_malloc_r)
I:/ARM-GN~1.3/133167~1.3RE/bin/../lib/gcc/arm-none-eabi/13.3.1/thumb/v7e-m+fp/hard\libg.a(libc_a-mlock.o)
                              I:/ARM-GN~1.3/133167~1.3RE/bin/../lib/gcc/arm-none-eabi/13.3.1/thumb/v7e-m+fp/hard\libg.a(libc_a-mallocr.o) (__malloc_lock)
I:/ARM-GN~1.3/133167~1.3RE/bin/../lib/gcc/arm-none-eabi/13.3.1/thumb/v7e-m+fp/hard\libg.a(libc_a-findfp.o)
                              I:/ARM-GN~1.3/133167~1.3RE/bin/../lib/gcc/arm-none-eabi/13.3.1/thumb/v7e-m+fp/hard\libg.a(libc_a-exit.o) (__stdio_exit_handler)
I:/ARM-GN~1.3/133167~1.3RE/bin/../lib/gcc/arm-none-eabi/13.3.1/thumb/v7e-m+fp/hard\libg.a(libc_a-fwalk.o)
                              I:/ARM-GN~1.3/133167~1.3RE/bin/../lib/gcc/arm-none-eabi/13.3.1/thumb/v7e-m+fp/hard\libg.a(libc_a-findfp.o) (_fwalk_sglue)
I:/ARM-GN~1.3/133167~1.3RE/bin/../lib/gcc/arm-none-eabi/13.3.1/thumb/v7e-m+fp/hard\libg.a(libc_a-printf.o)
                              CMakeFiles/CtrBoard-H7_ALL.elf.dir/USER/Task/DMmotor/DMmotor_task.c.obj (printf)
I:/ARM-GN~1.3/133167~1.3RE/bin/../lib/gcc/arm-none-eabi/13.3.1/thumb/v7e-m+fp/hard\libg.a(libc_a-stdio.o)
                              I:/ARM-GN~1.3/133167~1.3RE/bin/../lib/gcc/arm-none-eabi/13.3.1/thumb/v7e-m+fp/hard\libg.a(libc_a-findfp.o) (__sread)
I:/ARM-GN~1.3/133167~1.3RE/bin/../lib/gcc/arm-none-eabi/13.3.1/thumb/v7e-m+fp/hard\libg.a(libc_a-memset.o)
                              I:/ARM-GN~1.3/133167~1.3RE/bin/../lib/gcc/arm-none-eabi/13.3.1/thumb/v7e-m+fp/hard/crt0.o (memset)
I:/ARM-GN~1.3/133167~1.3RE/bin/../lib/gcc/arm-none-eabi/13.3.1/thumb/v7e-m+fp/hard\libg.a(libc_a-closer.o)
                              I:/ARM-GN~1.3/133167~1.3RE/bin/../lib/gcc/arm-none-eabi/13.3.1/thumb/v7e-m+fp/hard\libg.a(libc_a-stdio.o) (_close_r)
[...]
Memory Configuration

Name             Origin             Length             Attributes
ITCMRAM          0x00000000         0x00010000         xrw
DTCMRAM          0x20000000         0x00020000         xrw
FLASH            0x08000000         0x00100000         xr
RAM_D1           0x24000000         0x00050000         xrw
RAM_D2           0x30000000         0x00008000         xrw
RAM_D3           0x38000000         0x00004000         xrw
*default*        0x00000000         0xffffffff

Linker script and memory map

LOAD I:/ARM-GN~1.3/133167~1.3RE/bin/../lib/gcc/arm-none-eabi/13.3.1/thumb/v7e-m+fp/hard/crti.o
LOAD I:/ARM-GN~1.3/133167~1.3RE/bin/../lib/gcc/arm-none-eabi/13.3.1/thumb/v7e-m+fp/hard/crtbegin.o
LOAD I:/ARM-GN~1.3/133167~1.3RE/bin/../lib/gcc/arm-none-eabi/13.3.1/thumb/v7e-m+fp/hard/crt0.o
LOAD CMakeFiles/CtrBoard-H7_ALL.elf.dir/Core/Src/dma.c.obj
LOAD CMakeFiles/CtrBoard-H7_ALL.elf.dir/Core/Src/fdcan.c.obj
LOAD CMakeFiles/CtrBoard-H7_ALL.elf.dir/Core/Src/freertos.c.obj
LOAD CMakeFiles/CtrBoard-H7_ALL.elf.dir/Core/Src/gpio.c.obj
LOAD CMakeFiles/CtrBoard-H7_ALL.elf.dir/Core/Src/main.c.obj
LOAD CMakeFiles/CtrBoard-H7_ALL.elf.dir/Core/Src/memorymap.c.obj
LOAD CMakeFiles/CtrBoard-H7_ALL.elf.dir/Core/Src/stm32h7xx_hal_msp.c.obj
LOAD CMakeFiles/CtrBoard-H7_ALL.elf.dir/Core/Src/stm32h7xx_hal_timebase_tim.c.obj
LOAD CMakeFiles/CtrBoard-H7_ALL.elf.dir/Core/Src/stm32h7xx_it.c.obj
LOAD CMakeFiles/CtrBoard-H7_ALL.elf.dir/Core/Src/syscalls.c.obj
LOAD CMakeFiles/CtrBoard-H7_ALL.elf.dir/Core/Src/sysmem.c.obj
LOAD CMakeFiles/CtrBoard-H7_ALL.elf.dir/Core/Src/system_stm32h7xx.c.obj
LOAD CMakeFiles/CtrBoard-H7_ALL.elf.dir/Core/Src/usart.c.obj
LOAD CMakeFiles/CtrBoard-H7_ALL.elf.dir/Core/Startup/startup_stm32h723vgtx.s.obj
LOAD CMakeFiles/CtrBoard-H7_ALL.elf.dir/Drivers/STM32H7xx_HAL_Driver/Src/stm32h7xx_hal.c.obj
LOAD CMakeFiles/CtrBoard-H7_ALL.elf.dir/Drivers/STM32H7xx_HAL_Driver/Src/stm32h7xx_hal_cortex.c.obj
LOAD CMakeFiles/CtrBoard-H7_ALL.elf.dir/Drivers/STM32H7xx_HAL_Driver/Src/stm32h7xx_hal_dma.c.obj
LOAD CMakeFiles/CtrBoard-H7_ALL.elf.dir/Drivers/STM32H7xx_HAL_Driver/Src/stm32h7xx_hal_dma_ex.c.obj
LOAD CMakeFiles/CtrBoard-H7_ALL.elf.dir/Drivers/STM32H7xx_HAL_Driver/Src/stm32h7xx_hal_exti.c.obj
LOAD CMakeFiles/CtrBoard-H7_ALL.elf.dir/Drivers/STM32H7xx_HAL_Driver/Src/stm32h7xx_hal_fdcan.c.obj
LOAD CMakeFiles/CtrBoard-H7_ALL.elf.dir/Drivers/STM32H7xx_HAL_Driver/Src/stm32h7xx_hal_flash.c.obj
LOAD CMakeFiles/CtrBoard-H7_ALL.elf.dir/Drivers/STM32H7xx_HAL_Driver/Src/stm32h7xx_hal_flash_ex.c.obj
LOAD CMakeFiles/CtrBoard-H7_ALL.elf.dir/Drivers/STM32H7xx_HAL_Driver/Src/stm32h7xx_hal_gpio.c.obj
LOAD CMakeFiles/CtrBoard-H7_ALL.elf.dir/Drivers/STM32H7xx_HAL_Driver/Src/stm32h7xx_hal_hsem.c.obj
LOAD CMakeFiles/CtrBoard-H7_ALL.elf.dir/Drivers/STM32H7xx_HAL_Driver/Src/stm32h7xx_hal_i2c.c.obj
LOAD CMakeFiles/CtrBoard-H7_ALL.elf.dir/Drivers/STM32H7xx_HAL_Driver/Src/stm32h7xx_hal_i2c_ex.c.obj
LOAD CMakeFiles/CtrBoard-H7_ALL.elf.dir/Drivers/STM32H7xx_HAL_Driver/Src/stm32h7xx_hal_mdma.c.obj
LOAD CMakeFiles/CtrBoard-H7_ALL.elf.dir/Drivers/STM32H7xx_HAL_Driver/Src/stm32h7xx_hal_pcd.c.obj
LOAD CMakeFiles/CtrBoard-H7_ALL.elf.dir/Drivers/STM32H7xx_HAL_Driver/Src/stm32h7xx_hal_pcd_ex.c.obj
LOAD CMakeFiles/CtrBoard-H7_ALL.elf.dir/Drivers/STM32H7xx_HAL_Driver/Src/stm32h7xx_hal_pwr.c.obj
LOAD CMakeFiles/CtrBoard-H7_ALL.elf.dir/Drivers/STM32H7xx_HAL_Driver/Src/stm32h7xx_hal_pwr_ex.c.obj
LOAD CMakeFiles/CtrBoard-H7_ALL.elf.dir/Drivers/STM32H7xx_HAL_Driver/Src/stm32h7xx_hal_rcc.c.obj
LOAD CMakeFiles/CtrBoard-H7_ALL.elf.dir/Drivers/STM32H7xx_HAL_Driver/Src/stm32h7xx_hal_rcc_ex.c.obj
LOAD CMakeFiles/CtrBoard-H7_ALL.elf.dir/Drivers/STM32H7xx_HAL_Driver/Src/stm32h7xx_hal_tim.c.obj
LOAD CMakeFiles/CtrBoard-H7_ALL.elf.dir/Drivers/STM32H7xx_HAL_Driver/Src/stm32h7xx_hal_tim_ex.c.obj
LOAD CMakeFiles/CtrBoard-H7_ALL.elf.dir/Drivers/STM32H7xx_HAL_Driver/Src/stm32h7xx_hal_uart.c.obj
LOAD CMakeFiles/CtrBoard-H7_ALL.elf.dir/Drivers/STM32H7xx_HAL_Driver/Src/stm32h7xx_hal_uart_ex.c.obj
LOAD CMakeFiles/CtrBoard-H7_ALL.elf.dir/Drivers/STM32H7xx_HAL_Driver/Src/stm32h7xx_ll_usb.c.obj
LOAD CMakeFiles/CtrBoard-H7_ALL.elf.dir/Middlewares/ST/STM32_USB_Device_Library/Class/CDC/Src/usbd_cdc.c.obj
LOAD CMakeFiles/CtrBoard-H7_ALL.elf.dir/Middlewares/ST/STM32_USB_Device_Library/Core/Src/usbd_core.c.obj
LOAD CMakeFiles/CtrBoard-H7_ALL.elf.dir/Middlewares/ST/STM32_USB_Device_Library/Core/Src/usbd_ctlreq.c.obj
LOAD CMakeFiles/CtrBoard-H7_ALL.elf.dir/Middlewares/ST/STM32_USB_Device_Library/Core/Src/usbd_ioreq.c.obj
LOAD CMakeFiles/CtrBoard-H7_ALL.elf.dir/Middlewares/Third_Party/FreeRTOS/Source/CMSIS_RTOS/cmsis_os.c.obj
LOAD CMakeFiles/CtrBoard-H7_ALL.elf.dir/Middlewares/Third_Party/FreeRTOS/Source/croutine.c.obj
LOAD CMakeFiles/CtrBoard-H7_ALL.elf.dir/Middlewares/Third_Party/FreeRTOS/Source/event_groups.c.obj
LOAD CMakeFiles/CtrBoard-H7_ALL.elf.dir/Middlewares/Third_Party/FreeRTOS/Source/list.c.obj
LOAD CMakeFiles/CtrBoard-H7_ALL.elf.dir/Middlewares/Third_Party/FreeRTOS/Source/portable/GCC/ARM_CM4F/port.c.obj
LOAD CMakeFiles/CtrBoard-H7_ALL.elf.dir/Middlewares/Third_Party/FreeRTOS/Source/portable/MemMang/heap_4.c.obj
LOAD CMakeFiles/CtrBoard-H7_ALL.elf.dir/Middlewares/Third_Party/FreeRTOS/Source/queue.c.obj
LOAD CMakeFiles/CtrBoard-H7_ALL.elf.dir/Middlewares/Third_Party/FreeRTOS/Source/stream_buffer.c.obj
LOAD CMakeFiles/CtrBoard-H7_ALL.elf.dir/Middlewares/Third_Party/FreeRTOS/Source/tasks.c.obj
LOAD CMakeFiles/CtrBoard-H7_ALL.elf.dir/Middlewares/Third_Party/FreeRTOS/Source/timers.c.obj
LOAD CMakeFiles/CtrBoard-H7_ALL.elf.dir/USB_DEVICE/App/usb_device.c.obj
LOAD CMakeFiles/CtrBoard-H7_ALL.elf.dir/USB_DEVICE/App/usbd_cdc_if.c.obj
LOAD CMakeFiles/CtrBoard-H7_ALL.elf.dir/USB_DEVICE/App/usbd_desc.c.obj
LOAD CMakeFiles/CtrBoard-H7_ALL.elf.dir/USB_DEVICE/Target/usbd_conf.c.obj
LOAD CMakeFiles/CtrBoard-H7_ALL.elf.dir/USER/Algorithm/Crc/crc8_crc16.c.obj
LOAD CMakeFiles/CtrBoard-H7_ALL.elf.dir/USER/Algorithm/Dwt/drv_dwt.c.obj
LOAD CMakeFiles/CtrBoard-H7_ALL.elf.dir/USER/Algorithm/Filter/filter32.c.obj
LOAD CMakeFiles/CtrBoard-H7_ALL.elf.dir/USER/Algorithm/MahonyAHRS/MahonyAHRS.c.obj
LOAD CMakeFiles/CtrBoard-H7_ALL.elf.dir/USER/Algorithm/PID/PID.c.obj
LOAD CMakeFiles/CtrBoard-H7_ALL.elf.dir/USER/Algorithm/Ramp/ramp.c.obj
LOAD CMakeFiles/CtrBoard-H7_ALL.elf.dir/USER/Algorithm/User_Lib/user_lib.c.obj
LOAD CMakeFiles/CtrBoard-H7_ALL.elf.dir/USER/Module/DJ_Motor/dj_motor.c.obj
LOAD CMakeFiles/CtrBoard-H7_ALL.elf.dir/USER/Module/DM_Motor_Fdcan/dm_motor_ctrl.c.obj
LOAD CMakeFiles/CtrBoard-H7_ALL.elf.dir/USER/Module/DM_Motor_Fdcan/dm_motor_drv.c.obj
LOAD CMakeFiles/CtrBoard-H7_ALL.elf.dir/USER/Module/Fdcan/bsp_fdcan.c.obj
LOAD CMakeFiles/CtrBoard-H7_ALL.elf.dir/USER/Module/Keyboard/keyboard.c.obj
LOAD CMakeFiles/CtrBoard-H7_ALL.elf.dir/USER/Module/Pump/pump.c.obj
LOAD CMakeFiles/CtrBoard-H7_ALL.elf.dir/USER/Module/Rc/Sbus/rc_sbus.c.obj
LOAD CMakeFiles/CtrBoard-H7_ALL.elf.dir/USER/Module/Referee/referee_system.c.obj
LOAD CMakeFiles/CtrBoard-H7_ALL.elf.dir/USER/Task/Chassis/chassis_task.c.obj
LOAD CMakeFiles/CtrBoard-H7_ALL.elf.dir/USER/Task/Cmd/cmd_task.c.obj
LOAD CMakeFiles/CtrBoard-H7_ALL.elf.dir/USER/Task/DMmotor/DMmotor_task.c.obj
LOAD CMakeFiles/CtrBoard-H7_ALL.elf.dir/USER/Task/H_AND_CALLBACK/HAL_Callback.c.obj
LOAD CMakeFiles/CtrBoard-H7_ALL.elf.dir/USER/Task/Referee/referee_task.c.obj
LOAD CMakeFiles/CtrBoard-H7_ALL.elf.dir/USER/Task/Usart1_Rec/usart1rec_task.c.obj
LOAD D:\GitHub_Project\Engineering_Robot_H723\Middlewares\ST\ARM\DSP\Lib\libarm_cortexM7lfsp_math.a
START GROUP
LOAD I:/ARM-GN~1.3/133167~1.3RE/bin/../lib/gcc/arm-none-eabi/13.3.1/thumb/v7e-m+fp/hard\libgcc.a
LOAD I:/ARM-GN~1.3/133167~1.3RE/bin/../lib/gcc/arm-none-eabi/13.3.1/thumb/v7e-m+fp/hard\libg.a
LOAD I:/ARM-GN~1.3/133167~1.3RE/bin/../lib/gcc/arm-none-eabi/13.3.1/thumb/v7e-m+fp/hard\libc.a
END GROUP
LOAD I:/ARM-GN~1.3/133167~1.3RE/bin/../lib/gcc/arm-none-eabi/13.3.1/thumb/v7e-m+fp/hard/crtend.o
LOAD I:/ARM-GN~1.3/133167~1.3RE/bin/../lib/gcc/arm-none-eabi/13.3.1/thumb/v7e-m+fp/hard/crtn.o
                0x24050000                        _estack = (ORIGIN (RAM_D1) + LENGTH (RAM_D1))
                0x00000400                        _Min_Heap_Size = 0x400
                0x00001000                        _Min_Stack_Size = 0x1000

.isr_vector     0x08000000      0x2cc
                0x08000000                        . = ALIGN (0x4)
 *(.isr_vector)
 .isr_vector    0x08000000      0x2cc CMakeFiles/CtrBoard-H7_ALL.elf.dir/Core/Startup/startup_stm32h723vgtx.s.obj
                0x08000000                g_pfnVectors
                0x080002cc                        . = ALIGN (0x4)

.text           0x08000300    0x158ec
                0x08000300                        . = ALIGN (0x4)
 *(.text)
 .text          0x08000300      0x378 I:/ARM-GN~1.3/133167~1.3RE/bin/../lib/gcc/arm-none-eabi/13.3.1/thumb/v7e-m+fp/hard\libgcc.a(_arm_addsubdf3.o)
                0x08000300                __aeabi_drsub
                0x08000308                __aeabi_dsub
                0x08000308                __subdf3
                0x0800030c                __aeabi_dadd
                0x0800030c                __adddf3
                0x08000584                __floatunsidf
                0x08000584                __aeabi_ui2d
                0x080005a4                __floatsidf
                0x080005a4                __aeabi_i2d
                0x080005c8                __aeabi_f2d
                0x080005c8                __extendsfdf2
                0x0800060c                __floatundidf
                0x0800060c                __aeabi_ul2d
                0x0800061c                __floatdidf
                0x0800061c                __aeabi_l2d
 .text          0x08000678      0x424 I:/ARM-GN~1.3/133167~1.3RE/bin/../lib/gcc/arm-none-eabi/13.3.1/thumb/v7e-m+fp/hard\libgcc.a(_arm_muldivdf3.o)
                0x08000678                __aeabi_dmul
                0x08000678                __muldf3
                0x080008cc                __divdf3
                0x080008cc                __aeabi_ddiv
 .text          0x08000a9c      0x110 I:/ARM-GN~1.3/133167~1.3RE/bin/../lib/gcc/arm-none-eabi/13.3.1/thumb/v7e-m+fp/hard\libgcc.a(_arm_cmpdf2.o)
                0x08000a9c                __gtdf2
                0x08000a9c                __gedf2
                0x08000aa4                __ltdf2
                0x08000aa4                __ledf2
                0x08000aac                __nedf2
                0x08000aac                __eqdf2
                0x08000aac                __cmpdf2
                0x08000b28                __aeabi_cdrcmple
                0x08000b38                __aeabi_cdcmpeq
                0x08000b38                __aeabi_cdcmple
                0x08000b48                __aeabi_dcmpeq
                0x08000b5c                __aeabi_dcmplt
                0x08000b70                __aeabi_dcmple
                0x08000b84                __aeabi_dcmpge
                0x08000b98                __aeabi_dcmpgt
 .text          0x08000bac       0xa0 I:/ARM-GN~1.3/133167~1.3RE/bin/../lib/gcc/arm-none-eabi/13.3.1/thumb/v7e-m+fp/hard\libgcc.a(_arm_truncdfsf2.o)
                0x08000bac                __truncdfsf2
                0x08000bac                __aeabi_d2f
 .text          0x08000c4c       0x30 I:/ARM-GN~1.3/133167~1.3RE/bin/../lib/gcc/arm-none-eabi/13.3.1/thumb/v7e-m+fp/hard\libgcc.a(_aeabi_uldivmod.o)
                0x08000c4c                __aeabi_uldivmod
 .text          0x08000c7c        0x4 I:/ARM-GN~1.3/133167~1.3RE/bin/../lib/gcc/arm-none-eabi/13.3.1/thumb/v7e-m+fp/hard\libgcc.a(_dvmd_tls.o)
                0x08000c7c                __aeabi_idiv0
                0x08000c7c                __aeabi_ldiv0
 .text          0x08000c80      0x134 I:/ARM-GN~1.3/133167~1.3RE/bin/../lib/gcc/arm-none-eabi/13.3.1/thumb/v7e-m+fp/hard\libg.a(libc_a-memcpy.o)
                0x08000c80                memcpy
 *fill*         0x08000db4        0xc 
 .text          0x08000dc0       0xa0 I:/ARM-GN~1.3/133167~1.3RE/bin/../lib/gcc/arm-none-eabi/13.3.1/thumb/v7e-m+fp/hard\libg.a(libc_a-memchr.o)
                0x08000dc0                memchr
 *fill*         0x08000e60       0x20 
 .text          0x08000e80       0xd8 I:/ARM-GN~1.3/133167~1.3RE/bin/../lib/gcc/arm-none-eabi/13.3.1/thumb/v7e-m+fp/hard\libg.a(libc_a-strlen.o)
                0x08000e80                strlen
 .text          0x08000f58       0x2c I:/ARM-GN~1.3/133167~1.3RE/bin/../lib/gcc/arm-none-eabi/13.3.1/thumb/v7e-m+fp/hard\libgcc.a(_arm_unorddf2.o)
                0x08000f58                __unorddf2
                0x08000f58                __aeabi_dcmpun
 .text          0x08000f84       0x50 I:/ARM-GN~1.3/133167~1.3RE/bin/../lib/gcc/arm-none-eabi/13.3.1/thumb/v7e-m+fp/hard\libgcc.a(_arm_fixdfsi.o)
                0x08000f84                __aeabi_d2iz
                0x08000f84                __fixdfsi
 *(.text*)
 .text.deregister_tm_clones
                0x08000fd4       0x1c I:/ARM-GN~1.3/133167~1.3RE/bin/../lib/gcc/arm-none-eabi/13.3.1/thumb/v7e-m+fp/hard/crtbegin.o
 .text.register_tm_clones
                0x08000ff0       0x24 I:/ARM-GN~1.3/133167~1.3RE/bin/../lib/gcc/arm-none-eabi/13.3.1/thumb/v7e-m+fp/hard/crtbegin.o
 .text.__do_global_dtors_aux
                0x08001014       0x28 I:/ARM-GN~1.3/133167~1.3RE/bin/../lib/gcc/arm-none-eabi/13.3.1/thumb/v7e-m+fp/hard/crtbegin.o
 .text.frame_dummy
                0x0800103c       0x24 I:/ARM-GN~1.3/133167~1.3RE/bin/../lib/gcc/arm-none-eabi/13.3.1/thumb/v7e-m+fp/hard/crtbegin.o
 .text.MX_DMA_Init
                0x08001060       0x48 CMakeFiles/CtrBoard-H7_ALL.elf.dir/Core/Src/dma.c.obj
                0x08001060                MX_DMA_Init
 .text.MX_FDCAN1_Init
                0x080010a8       0x68 CMakeFiles/CtrBoard-H7_ALL.elf.dir/Core/Src/fdcan.c.obj
                0x080010a8                MX_FDCAN1_Init
 .text.MX_FDCAN2_Init
                0x08001110       0x68 CMakeFiles/CtrBoard-H7_ALL.elf.dir/Core/Src/fdcan.c.obj
                0x08001110                MX_FDCAN2_Init
 .text.MX_FDCAN3_Init
                0x08001178       0x68 CMakeFiles/CtrBoard-H7_ALL.elf.dir/Core/Src/fdcan.c.obj
                0x08001178                MX_FDCAN3_Init
 .text.HAL_FDCAN_MspInit
                0x080011e0      0x24c CMakeFiles/CtrBoard-H7_ALL.elf.dir/Core/Src/fdcan.c.obj
                0x080011e0                HAL_FDCAN_MspInit
 .text.HAL_FDCAN_MspDeInit
                0x0800142c       0xc0 CMakeFiles/CtrBoard-H7_ALL.elf.dir/Core/Src/fdcan.c.obj
                0x0800142c                HAL_FDCAN_MspDeInit
 .text.AlgorithmTask_Entry
                0x080014ec        0xe CMakeFiles/CtrBoard-H7_ALL.elf.dir/Core/Src/freertos.c.obj
                0x080014ec                AlgorithmTask_Entry
 .text.USART1RecTask_Entry
                0x080014fa        0xa CMakeFiles/CtrBoard-H7_ALL.elf.dir/Core/Src/freertos.c.obj
                0x080014fa                USART1RecTask_Entry
 .text.TransmissionTask_Entry
                0x08001504        0xa CMakeFiles/CtrBoard-H7_ALL.elf.dir/Core/Src/freertos.c.obj
                0x08001504                TransmissionTask_Entry
 *fill*         0x0800150e        0x2 
 .text.vApplicationGetIdleTaskMemory
                0x08001510       0x18 CMakeFiles/CtrBoard-H7_ALL.elf.dir/Core/Src/freertos.c.obj
                0x08001510                vApplicationGetIdleTaskMemory
 .text.vApplicationGetTimerTaskMemory
                0x08001528       0x18 CMakeFiles/CtrBoard-H7_ALL.elf.dir/Core/Src/freertos.c.obj
                0x08001528                vApplicationGetTimerTaskMemory
 .text.MX_FREERTOS_Init
                0x08001540      0x124 CMakeFiles/CtrBoard-H7_ALL.elf.dir/Core/Src/freertos.c.obj
                0x08001540                MX_FREERTOS_Init
 .text.MX_GPIO_Init
                0x08001664      0x30c CMakeFiles/CtrBoard-H7_ALL.elf.dir/Core/Src/gpio.c.obj
                0x08001664                MX_GPIO_Init
 .text.HAL_TIM_PeriodElapsedCallback
                0x08001970       0x18 CMakeFiles/CtrBoard-H7_ALL.elf.dir/Core/Src/main.c.obj
                0x08001970                HAL_TIM_PeriodElapsedCallback
 .text.Error_Handler
                0x08001988        0x4 CMakeFiles/CtrBoard-H7_ALL.elf.dir/Core/Src/main.c.obj
                0x08001988                Error_Handler
 .text.SystemClock_Config
                0x0800198c       0xc0 CMakeFiles/CtrBoard-H7_ALL.elf.dir/Core/Src/main.c.obj
                0x0800198c                SystemClock_Config
 .text.main     0x08001a4c      0x110 CMakeFiles/CtrBoard-H7_ALL.elf.dir/Core/Src/main.c.obj
                0x08001a4c                main
 .text.HAL_MspInit
                0x08001b5c       0x34 CMakeFiles/CtrBoard-H7_ALL.elf.dir/Core/Src/stm32h7xx_hal_msp.c.obj
                0x08001b5c                HAL_MspInit
 .text.HAL_InitTick
                0x08001b90       0x90 CMakeFiles/CtrBoard-H7_ALL.elf.dir/Core/Src/stm32h7xx_hal_timebase_tim.c.obj
                0x08001b90                HAL_InitTick
 .text.NMI_Handler
                0x08001c20        0x2 CMakeFiles/CtrBoard-H7_ALL.elf.dir/Core/Src/stm32h7xx_it.c.obj
                0x08001c20                NMI_Handler
 .text.HardFault_Handler
                0x08001c22        0x2 CMakeFiles/CtrBoard-H7_ALL.elf.dir/Core/Src/stm32h7xx_it.c.obj
                0x08001c22                HardFault_Handler
 .text.MemManage_Handler
                0x08001c24        0x2 CMakeFiles/CtrBoard-H7_ALL.elf.dir/Core/Src/stm32h7xx_it.c.obj
                0x08001c24                MemManage_Handler
 .text.BusFault_Handler
                0x08001c26        0x2 CMakeFiles/CtrBoard-H7_ALL.elf.dir/Core/Src/stm32h7xx_it.c.obj
                0x08001c26                BusFault_Handler
 .text.UsageFault_Handler
                0x08001c28        0x2 CMakeFiles/CtrBoard-H7_ALL.elf.dir/Core/Src/stm32h7xx_it.c.obj
                0x08001c28                UsageFault_Handler
 .text.DebugMon_Handler
                0x08001c2a        0x2 CMakeFiles/CtrBoard-H7_ALL.elf.dir/Core/Src/stm32h7xx_it.c.obj
                0x08001c2a                DebugMon_Handler
 .text.DMA1_Stream0_IRQHandler
                0x08001c2c       0x10 CMakeFiles/CtrBoard-H7_ALL.elf.dir/Core/Src/stm32h7xx_it.c.obj
                0x08001c2c                DMA1_Stream0_IRQHandler
 .text.DMA1_Stream1_IRQHandler
                0x08001c3c       0x10 CMakeFiles/CtrBoard-H7_ALL.elf.dir/Core/Src/stm32h7xx_it.c.obj
                0x08001c3c                DMA1_Stream1_IRQHandler
 .text.FDCAN1_IT0_IRQHandler
                0x08001c4c       0x10 CMakeFiles/CtrBoard-H7_ALL.elf.dir/Core/Src/stm32h7xx_it.c.obj
                0x08001c4c                FDCAN1_IT0_IRQHandler
 .text.FDCAN2_IT0_IRQHandler
                0x08001c5c       0x10 CMakeFiles/CtrBoard-H7_ALL.elf.dir/Core/Src/stm32h7xx_it.c.obj
                0x08001c5c                FDCAN2_IT0_IRQHandler
 .text.FDCAN1_IT1_IRQHandler
                0x08001c6c       0x10 CMakeFiles/CtrBoard-H7_ALL.elf.dir/Core/Src/stm32h7xx_it.c.obj
                0x08001c6c                FDCAN1_IT1_IRQHandler
 .text.FDCAN2_IT1_IRQHandler
                0x08001c7c       0x10 CMakeFiles/CtrBoard-H7_ALL.elf.dir/Core/Src/stm32h7xx_it.c.obj
                0x08001c7c                FDCAN2_IT1_IRQHandler
 .text.USART1_IRQHandler
                0x08001c8c       0x10 CMakeFiles/CtrBoard-H7_ALL.elf.dir/Core/Src/stm32h7xx_it.c.obj
                0x08001c8c                USART1_IRQHandler
 .text.UART5_IRQHandler
                0x08001c9c       0x10 CMakeFiles/CtrBoard-H7_ALL.elf.dir/Core/Src/stm32h7xx_it.c.obj
                0x08001c9c                UART5_IRQHandler
 .text.FDCAN_CAL_IRQHandler
                0x08001cac       0x18 CMakeFiles/CtrBoard-H7_ALL.elf.dir/Core/Src/stm32h7xx_it.c.obj
                0x08001cac                FDCAN_CAL_IRQHandler
 .text.OTG_HS_IRQHandler
                0x08001cc4       0x10 CMakeFiles/CtrBoard-H7_ALL.elf.dir/Core/Src/stm32h7xx_it.c.obj
                0x08001cc4                OTG_HS_IRQHandler
 .text.FDCAN3_IT0_IRQHandler
                0x08001cd4       0x10 CMakeFiles/CtrBoard-H7_ALL.elf.dir/Core/Src/stm32h7xx_it.c.obj
                0x08001cd4                FDCAN3_IT0_IRQHandler
 .text.FDCAN3_IT1_IRQHandler
                0x08001ce4       0x10 CMakeFiles/CtrBoard-H7_ALL.elf.dir/Core/Src/stm32h7xx_it.c.obj
                0x08001ce4                FDCAN3_IT1_IRQHandler
 .text.TIM23_IRQHandler
                0x08001cf4       0x10 CMakeFiles/CtrBoard-H7_ALL.elf.dir/Core/Src/stm32h7xx_it.c.obj
                0x08001cf4                TIM23_IRQHandler
 .text._getpid  0x08001d04        0x4 CMakeFiles/CtrBoard-H7_ALL.elf.dir/Core/Src/syscalls.c.obj
                0x08001d04                _getpid
 .text._kill    0x08001d08       0x10 CMakeFiles/CtrBoard-H7_ALL.elf.dir/Core/Src/syscalls.c.obj
                0x08001d08                _kill
 .text._exit    0x08001d18        0xc CMakeFiles/CtrBoard-H7_ALL.elf.dir/Core/Src/syscalls.c.obj
                0x08001d18                _exit
 .text._read    0x08001d24       0x20 CMakeFiles/CtrBoard-H7_ALL.elf.dir/Core/Src/syscalls.c.obj
                0x08001d24                _read
 .text._write   0x08001d44       0x1c CMakeFiles/CtrBoard-H7_ALL.elf.dir/Core/Src/syscalls.c.obj
                0x08001d44                _write
 .text._close   0x08001d60        0x6 CMakeFiles/CtrBoard-H7_ALL.elf.dir/Core/Src/syscalls.c.obj
                0x08001d60                _close
 .text._fstat   0x08001d66        0xa CMakeFiles/CtrBoard-H7_ALL.elf.dir/Core/Src/syscalls.c.obj
                0x08001d66                _fstat
 .text._isatty  0x08001d70        0x4 CMakeFiles/CtrBoard-H7_ALL.elf.dir/Core/Src/syscalls.c.obj
                0x08001d70                _isatty
 .text._lseek   0x08001d74        0x4 CMakeFiles/CtrBoard-H7_ALL.elf.dir/Core/Src/syscalls.c.obj
                0x08001d74                _lseek
 .text._sbrk    0x08001d78       0x48 CMakeFiles/CtrBoard-H7_ALL.elf.dir/Core/Src/sysmem.c.obj
                0x08001d78                _sbrk
 .text.SystemInit
                0x08001dc0       0xac CMakeFiles/CtrBoard-H7_ALL.elf.dir/Core/Src/system_stm32h7xx.c.obj
                0x08001dc0                SystemInit
 .text.MX_UART5_Init
                0x08001e6c       0x78 CMakeFiles/CtrBoard-H7_ALL.elf.dir/Core/Src/usart.c.obj
                0x08001e6c                MX_UART5_Init
 .text.MX_USART1_UART_Init
                0x08001ee4       0x68 CMakeFiles/CtrBoard-H7_ALL.elf.dir/Core/Src/usart.c.obj
                0x08001ee4                MX_USART1_UART_Init
 .text.HAL_UART_MspInit
                0x08001f4c      0x1ec CMakeFiles/CtrBoard-H7_ALL.elf.dir/Core/Src/usart.c.obj
                0x08001f4c                HAL_UART_MspInit
 .text.Reset_Handler
                0x08002138       0x50 CMakeFiles/CtrBoard-H7_ALL.elf.dir/Core/Startup/startup_stm32h723vgtx.s.obj
                0x08002138                Reset_Handler
 .text.Default_Handler
                0x08002188        0x2 CMakeFiles/CtrBoard-H7_ALL.elf.dir/Core/Startup/startup_stm32h723vgtx.s.obj
                0x08002188                RTC_Alarm_IRQHandler
                0x08002188                EXTI2_IRQHandler
                0x08002188                TIM8_CC_IRQHandler
                0x08002188                UART8_IRQHandler
                0x08002188                SPI4_IRQHandler
                0x08002188                TIM1_CC_IRQHandler
                0x08002188                BDMA_Channel6_IRQHandler
                0x08002188                DMA2_Stream5_IRQHandler
                0x08002188                DMA1_Stream5_IRQHandler
                0x08002188                CORDIC_IRQHandler
                0x08002188                BDMA_Channel1_IRQHandler
                0x08002188                TAMP_STAMP_IRQHandler
                0x08002188                EXTI3_IRQHandler
                0x08002188                LPTIM4_IRQHandler
                0x08002188                TIM8_TRG_COM_TIM14_IRQHandler
                0x08002188                LPTIM2_IRQHandler
                0x08002188                DFSDM1_FLT1_IRQHandler
                0x08002188                DMAMUX2_OVR_IRQHandler
                0x08002188                TIM8_UP_TIM13_IRQHandler
                0x08002188                I2C3_ER_IRQHandler
                0x08002188                DFSDM1_FLT2_IRQHandler
                0x08002188                I2C5_EV_IRQHandler
                0x08002188                USART10_IRQHandler
                0x08002188                MDMA_IRQHandler
                0x08002188                LPTIM3_IRQHandler
                0x08002188                HSEM1_IRQHandler
                0x08002188                EXTI0_IRQHandler
                0x08002188                I2C2_EV_IRQHandler
                0x08002188                DMA1_Stream2_IRQHandler
                0x08002188                FPU_IRQHandler
                0x08002188                OTG_HS_WKUP_IRQHandler
                0x08002188                LTDC_ER_IRQHandler
                0x08002188                DMA2_Stream2_IRQHandler
                0x08002188                SPI1_IRQHandler
                0x08002188                OCTOSPI1_IRQHandler
                0x08002188                TIM6_DAC_IRQHandler
                0x08002188                DMA2_Stream3_IRQHandler
                0x08002188                OCTOSPI2_IRQHandler
                0x08002188                DFSDM1_FLT3_IRQHandler
                0x08002188                USART6_IRQHandler
                0x08002188                TIM17_IRQHandler
                0x08002188                USART3_IRQHandler
                0x08002188                BDMA_Channel7_IRQHandler
                0x08002188                LPTIM5_IRQHandler
                0x08002188                ADC3_IRQHandler
                0x08002188                DMA2_Stream0_IRQHandler
                0x08002188                TIM4_IRQHandler
                0x08002188                BDMA_Channel2_IRQHandler
                0x08002188                I2C1_EV_IRQHandler
                0x08002188                DMA1_Stream6_IRQHandler
                0x08002188                DMAMUX1_OVR_IRQHandler
                0x08002188                TIM16_IRQHandler
                0x08002188                UART4_IRQHandler
                0x08002188                BDMA_Channel5_IRQHandler
                0x08002188                TIM3_IRQHandler
                0x08002188                RCC_IRQHandler
                0x08002188                UART9_IRQHandler
                0x08002188                TIM8_BRK_TIM12_IRQHandler
                0x08002188                TIM1_TRG_COM_IRQHandler
                0x08002188                Default_Handler
                0x08002188                ECC_IRQHandler
                0x08002188                FMAC_IRQHandler
                0x08002188                CEC_IRQHandler
                0x08002188                EXTI15_10_IRQHandler
                0x08002188                BDMA_Channel0_IRQHandler
                0x08002188                ADC_IRQHandler
                0x08002188                I2C5_ER_IRQHandler
                0x08002188                DMA1_Stream7_IRQHandler
                0x08002188                SPI5_IRQHandler
                0x08002188                TIM7_IRQHandler
                0x08002188                SDMMC1_IRQHandler
                0x08002188                TIM5_IRQHandler
                0x08002188                DMA2_Stream7_IRQHandler
                0x08002188                TIM15_IRQHandler
                0x08002188                PVD_AVD_IRQHandler
                0x08002188                I2C3_EV_IRQHandler
                0x08002188                EXTI9_5_IRQHandler
                0x08002188                RTC_WKUP_IRQHandler
                0x08002188                LTDC_IRQHandler
                0x08002188                ETH_WKUP_IRQHandler
                0x08002188                SPDIF_RX_IRQHandler
                0x08002188                SPI2_IRQHandler
                0x08002188                OTG_HS_EP1_IN_IRQHandler
                0x08002188                TIM24_IRQHandler
                0x08002188                CRS_IRQHandler
                0x08002188                EXTI4_IRQHandler
                0x08002188                RNG_IRQHandler
                0x08002188                ETH_IRQHandler
                0x08002188                TIM1_UP_IRQHandler
                0x08002188                BDMA_Channel4_IRQHandler
                0x08002188                OTG_HS_EP1_OUT_IRQHandler
                0x08002188                WWDG_IRQHandler
                0x08002188                SPI6_IRQHandler
                0x08002188                MDIOS_IRQHandler
                0x08002188                I2C4_EV_IRQHandler
                0x08002188                LPUART1_IRQHandler
                0x08002188                TIM2_IRQHandler
                0x08002188                DMA2D_IRQHandler
                0x08002188                TIM1_BRK_IRQHandler
                0x08002188                EXTI1_IRQHandler
                0x08002188                SDMMC2_IRQHandler
                0x08002188                BDMA_Channel3_IRQHandler
                0x08002188                DTS_IRQHandler
                0x08002188                UART7_IRQHandler
                0x08002188                MDIOS_WKUP_IRQHandler
                0x08002188                USART2_IRQHandler
                0x08002188                DFSDM1_FLT0_IRQHandler
                0x08002188                SAI4_IRQHandler
                0x08002188                I2C2_ER_IRQHandler
                0x08002188                DMA2_Stream1_IRQHandler
                0x08002188                FLASH_IRQHandler
                0x08002188                DMA2_Stream4_IRQHandler
                0x08002188                SPI3_IRQHandler
                0x08002188                WAKEUP_PIN_IRQHandler
                0x08002188                DMA1_Stream4_IRQHandler
                0x08002188                I2C1_ER_IRQHandler
                0x08002188                FMC_IRQHandler
                0x08002188                SWPMI1_IRQHandler
                0x08002188                COMP1_IRQHandler
                0x08002188                LPTIM1_IRQHandler
                0x08002188                DCMI_PSSI_IRQHandler
                0x08002188                I2C4_ER_IRQHandler
                0x08002188                DMA2_Stream6_IRQHandler
                0x08002188                SAI1_IRQHandler
                0x08002188                DMA1_Stream3_IRQHandler
 *fill*         0x0800218a        0x2 
 .text.HAL_Init
                0x0800218c       0x5c CMakeFiles/CtrBoard-H7_ALL.elf.dir/Drivers/STM32H7xx_HAL_Driver/Src/stm32h7xx_hal.c.obj
                0x0800218c                HAL_Init
 .text.HAL_IncTick
                0x080021e8       0x18 CMakeFiles/CtrBoard-H7_ALL.elf.dir/Drivers/STM32H7xx_HAL_Driver/Src/stm32h7xx_hal.c.obj
                0x080021e8                HAL_IncTick
 .text.HAL_GetTick
                0x08002200        0xc CMakeFiles/CtrBoard-H7_ALL.elf.dir/Drivers/STM32H7xx_HAL_Driver/Src/stm32h7xx_hal.c.obj
                0x08002200                HAL_GetTick
 .text.HAL_Delay
                0x0800220c       0x28 CMakeFiles/CtrBoard-H7_ALL.elf.dir/Drivers/STM32H7xx_HAL_Driver/Src/stm32h7xx_hal.c.obj
                0x0800220c                HAL_Delay
 .text.HAL_SYSCFG_AnalogSwitchConfig
                0x08002234       0x14 CMakeFiles/CtrBoard-H7_ALL.elf.dir/Drivers/STM32H7xx_HAL_Driver/Src/stm32h7xx_hal.c.obj
                0x08002234                HAL_SYSCFG_AnalogSwitchConfig
 .text.__NVIC_EnableIRQ
                0x08002248       0x1c CMakeFiles/CtrBoard-H7_ALL.elf.dir/Drivers/STM32H7xx_HAL_Driver/Src/stm32h7xx_hal_cortex.c.obj
 .text.__NVIC_DisableIRQ
                0x08002264       0x24 CMakeFiles/CtrBoard-H7_ALL.elf.dir/Drivers/STM32H7xx_HAL_Driver/Src/stm32h7xx_hal_cortex.c.obj
 .text.__NVIC_SetPriority
                0x08002288       0x24 CMakeFiles/CtrBoard-H7_ALL.elf.dir/Drivers/STM32H7xx_HAL_Driver/Src/stm32h7xx_hal_cortex.c.obj
 .text.NVIC_EncodePriority
                0x080022ac       0x3e CMakeFiles/CtrBoard-H7_ALL.elf.dir/Drivers/STM32H7xx_HAL_Driver/Src/stm32h7xx_hal_cortex.c.obj
 *fill*         0x080022ea        0x2 
 .text.HAL_NVIC_SetPriorityGrouping
                0x080022ec       0x24 CMakeFiles/CtrBoard-H7_ALL.elf.dir/Drivers/STM32H7xx_HAL_Driver/Src/stm32h7xx_hal_cortex.c.obj
                0x080022ec                HAL_NVIC_SetPriorityGrouping
 .text.HAL_NVIC_SetPriority
                0x08002310       0x20 CMakeFiles/CtrBoard-H7_ALL.elf.dir/Drivers/STM32H7xx_HAL_Driver/Src/stm32h7xx_hal_cortex.c.obj
                0x08002310                HAL_NVIC_SetPriority
 .text.HAL_NVIC_EnableIRQ
                0x08002330        0x8 CMakeFiles/CtrBoard-H7_ALL.elf.dir/Drivers/STM32H7xx_HAL_Driver/Src/stm32h7xx_hal_cortex.c.obj
                0x08002330                HAL_NVIC_EnableIRQ
 .text.HAL_NVIC_DisableIRQ
                0x08002338        0x8 CMakeFiles/CtrBoard-H7_ALL.elf.dir/Drivers/STM32H7xx_HAL_Driver/Src/stm32h7xx_hal_cortex.c.obj
                0x08002338                HAL_NVIC_DisableIRQ
 .text.DMA_SetConfig
                0x08002340      0x1b4 CMakeFiles/CtrBoard-H7_ALL.elf.dir/Drivers/STM32H7xx_HAL_Driver/Src/stm32h7xx_hal_dma.c.obj
 .text.DMA_CalcBaseAndBitshift
                0x080024f4       0xb0 CMakeFiles/CtrBoard-H7_ALL.elf.dir/Drivers/STM32H7xx_HAL_Driver/Src/stm32h7xx_hal_dma.c.obj
 .text.DMA_CheckFifoParam
                0x080025a4       0x92 CMakeFiles/CtrBoard-H7_ALL.elf.dir/Drivers/STM32H7xx_HAL_Driver/Src/stm32h7xx_hal_dma.c.obj
 *fill*         0x08002636        0x2 
 .text.DMA_CalcDMAMUXChannelBaseAndMask
                0x08002638       0xac CMakeFiles/CtrBoard-H7_ALL.elf.dir/Drivers/STM32H7xx_HAL_Driver/Src/stm32h7xx_hal_dma.c.obj
 .text.DMA_CalcDMAMUXRequestGenBaseAndMask
                0x080026e4       0x7c CMakeFiles/CtrBoard-H7_ALL.elf.dir/Drivers/STM32H7xx_HAL_Driver/Src/stm32h7xx_hal_dma.c.obj
 .text.HAL_DMA_Init
                0x08002760      0x39c CMakeFiles/CtrBoard-H7_ALL.elf.dir/Drivers/STM32H7xx_HAL_Driver/Src/stm32h7xx_hal_dma.c.obj
                0x08002760                HAL_DMA_Init
 .text.HAL_DMA_Start_IT
                0x08002afc      0x298 CMakeFiles/CtrBoard-H7_ALL.elf.dir/Drivers/STM32H7xx_HAL_Driver/Src/stm32h7xx_hal_dma.c.obj
                0x08002afc                HAL_DMA_Start_IT
 .text.HAL_DMA_Abort
                0x08002d94      0x340 CMakeFiles/CtrBoard-H7_ALL.elf.dir/Drivers/STM32H7xx_HAL_Driver/Src/stm32h7xx_hal_dma.c.obj
                0x08002d94                HAL_DMA_Abort
 .text.HAL_DMA_Abort_IT
                0x080030d4      0x270 CMakeFiles/CtrBoard-H7_ALL.elf.dir/Drivers/STM32H7xx_HAL_Driver/Src/stm32h7xx_hal_dma.c.obj
                0x080030d4                HAL_DMA_Abort_IT
 .text.HAL_DMA_IRQHandler
                0x08003344      0x738 CMakeFiles/CtrBoard-H7_ALL.elf.dir/Drivers/STM32H7xx_HAL_Driver/Src/stm32h7xx_hal_dma.c.obj
                0x08003344                HAL_DMA_IRQHandler
 .text.FDCAN_CalcultateRamBlockAddresses
                0x08003a7c      0x1d4 CMakeFiles/CtrBoard-H7_ALL.elf.dir/Drivers/STM32H7xx_HAL_Driver/Src/stm32h7xx_hal_fdcan.c.obj
 .text.FDCAN_CopyMessageToRAM
                0x08003c50       0x8c CMakeFiles/CtrBoard-H7_ALL.elf.dir/Drivers/STM32H7xx_HAL_Driver/Src/stm32h7xx_hal_fdcan.c.obj
 .text.HAL_FDCAN_Init
                0x08003cdc      0x294 CMakeFiles/CtrBoard-H7_ALL.elf.dir/Drivers/STM32H7xx_HAL_Driver/Src/stm32h7xx_hal_fdcan.c.obj
                0x08003cdc                HAL_FDCAN_Init
 .text.HAL_FDCAN_ConfigFilter
                0x08003f70       0x8a CMakeFiles/CtrBoard-H7_ALL.elf.dir/Drivers/STM32H7xx_HAL_Driver/Src/stm32h7xx_hal_fdcan.c.obj
                0x08003f70                HAL_FDCAN_ConfigFilter
 .text.HAL_FDCAN_ConfigGlobalFilter
                0x08003ffa       0x36 CMakeFiles/CtrBoard-H7_ALL.elf.dir/Drivers/STM32H7xx_HAL_Driver/Src/stm32h7xx_hal_fdcan.c.obj
                0x08003ffa                HAL_FDCAN_ConfigGlobalFilter
 .text.HAL_FDCAN_ConfigFifoWatermark
                0x08004030       0x5e CMakeFiles/CtrBoard-H7_ALL.elf.dir/Drivers/STM32H7xx_HAL_Driver/Src/stm32h7xx_hal_fdcan.c.obj
                0x08004030                HAL_FDCAN_ConfigFifoWatermark
 .text.HAL_FDCAN_Start
                0x0800408e       0x34 CMakeFiles/CtrBoard-H7_ALL.elf.dir/Drivers/STM32H7xx_HAL_Driver/Src/stm32h7xx_hal_fdcan.c.obj
                0x0800408e                HAL_FDCAN_Start
 .text.HAL_FDCAN_Stop
                0x080040c2       0x98 CMakeFiles/CtrBoard-H7_ALL.elf.dir/Drivers/STM32H7xx_HAL_Driver/Src/stm32h7xx_hal_fdcan.c.obj
                0x080040c2                HAL_FDCAN_Stop
 .text.HAL_FDCAN_DeInit
                0x0800415a       0x2a CMakeFiles/CtrBoard-H7_ALL.elf.dir/Drivers/STM32H7xx_HAL_Driver/Src/stm32h7xx_hal_fdcan.c.obj
                0x0800415a                HAL_FDCAN_DeInit
 .text.HAL_FDCAN_AddMessageToTxFifoQ
                0x08004184       0x76 CMakeFiles/CtrBoard-H7_ALL.elf.dir/Drivers/STM32H7xx_HAL_Driver/Src/stm32h7xx_hal_fdcan.c.obj
                0x08004184                HAL_FDCAN_AddMessageToTxFifoQ
 *fill*         0x080041fa        0x2 
 .text.HAL_FDCAN_GetRxMessage
                0x080041fc      0x1e4 CMakeFiles/CtrBoard-H7_ALL.elf.dir/Drivers/STM32H7xx_HAL_Driver/Src/stm32h7xx_hal_fdcan.c.obj
                0x080041fc                HAL_FDCAN_GetRxMessage
 .text.HAL_FDCAN_GetRxFifoFillLevel
                0x080043e0       0x1c CMakeFiles/CtrBoard-H7_ALL.elf.dir/Drivers/STM32H7xx_HAL_Driver/Src/stm32h7xx_hal_fdcan.c.obj
                0x080043e0                HAL_FDCAN_GetRxFifoFillLevel
 .text.HAL_FDCAN_ActivateNotification
                0x080043fc       0x90 CMakeFiles/CtrBoard-H7_ALL.elf.dir/Drivers/STM32H7xx_HAL_Driver/Src/stm32h7xx_hal_fdcan.c.obj
                0x080043fc                HAL_FDCAN_ActivateNotification
 .text.HAL_FDCAN_ClockCalibrationCallback
                0x0800448c        0x2 CMakeFiles/CtrBoard-H7_ALL.elf.dir/Drivers/STM32H7xx_HAL_Driver/Src/stm32h7xx_hal_fdcan.c.obj
                0x0800448c                HAL_FDCAN_ClockCalibrationCallback
 .text.HAL_FDCAN_TxEventFifoCallback
                0x0800448e        0x2 CMakeFiles/CtrBoard-H7_ALL.elf.dir/Drivers/STM32H7xx_HAL_Driver/Src/stm32h7xx_hal_fdcan.c.obj
                0x0800448e                HAL_FDCAN_TxEventFifoCallback
 .text.HAL_FDCAN_RxFifo1Callback
                0x08004490        0x2 CMakeFiles/CtrBoard-H7_ALL.elf.dir/Drivers/STM32H7xx_HAL_Driver/Src/stm32h7xx_hal_fdcan.c.obj
                0x08004490                HAL_FDCAN_RxFifo1Callback
 .text.HAL_FDCAN_TxFifoEmptyCallback
                0x08004492        0x2 CMakeFiles/CtrBoard-H7_ALL.elf.dir/Drivers/STM32H7xx_HAL_Driver/Src/stm32h7xx_hal_fdcan.c.obj
                0x08004492                HAL_FDCAN_TxFifoEmptyCallback
 .text.HAL_FDCAN_TxBufferCompleteCallback
                0x08004494        0x2 CMakeFiles/CtrBoard-H7_ALL.elf.dir/Drivers/STM32H7xx_HAL_Driver/Src/stm32h7xx_hal_fdcan.c.obj
                0x08004494                HAL_FDCAN_TxBufferCompleteCallback
 .text.HAL_FDCAN_TxBufferAbortCallback
                0x08004496        0x2 CMakeFiles/CtrBoard-H7_ALL.elf.dir/Drivers/STM32H7xx_HAL_Driver/Src/stm32h7xx_hal_fdcan.c.obj
                0x08004496                HAL_FDCAN_TxBufferAbortCallback
 .text.HAL_FDCAN_RxBufferNewMessageCallback
                0x08004498        0x2 CMakeFiles/CtrBoard-H7_ALL.elf.dir/Drivers/STM32H7xx_HAL_Driver/Src/stm32h7xx_hal_fdcan.c.obj
                0x08004498                HAL_FDCAN_RxBufferNewMessageCallback
 .text.HAL_FDCAN_TimestampWraparoundCallback
                0x0800449a        0x2 CMakeFiles/CtrBoard-H7_ALL.elf.dir/Drivers/STM32H7xx_HAL_Driver/Src/stm32h7xx_hal_fdcan.c.obj
                0x0800449a                HAL_FDCAN_TimestampWraparoundCallback
 .text.HAL_FDCAN_TimeoutOccurredCallback
                0x0800449c        0x2 CMakeFiles/CtrBoard-H7_ALL.elf.dir/Drivers/STM32H7xx_HAL_Driver/Src/stm32h7xx_hal_fdcan.c.obj
                0x0800449c                HAL_FDCAN_TimeoutOccurredCallback
 .text.HAL_FDCAN_HighPriorityMessageCallback
                0x0800449e        0x2 CMakeFiles/CtrBoard-H7_ALL.elf.dir/Drivers/STM32H7xx_HAL_Driver/Src/stm32h7xx_hal_fdcan.c.obj
                0x0800449e                HAL_FDCAN_HighPriorityMessageCallback
 .text.HAL_FDCAN_ErrorCallback
                0x080044a0        0x2 CMakeFiles/CtrBoard-H7_ALL.elf.dir/Drivers/STM32H7xx_HAL_Driver/Src/stm32h7xx_hal_fdcan.c.obj
                0x080044a0                HAL_FDCAN_ErrorCallback
 .text.HAL_FDCAN_TT_ScheduleSyncCallback
                0x080044a2        0x2 CMakeFiles/CtrBoard-H7_ALL.elf.dir/Drivers/STM32H7xx_HAL_Driver/Src/stm32h7xx_hal_fdcan.c.obj
                0x080044a2                HAL_FDCAN_TT_ScheduleSyncCallback
 .text.HAL_FDCAN_TT_TimeMarkCallback
                0x080044a4        0x2 CMakeFiles/CtrBoard-H7_ALL.elf.dir/Drivers/STM32H7xx_HAL_Driver/Src/stm32h7xx_hal_fdcan.c.obj
                0x080044a4                HAL_FDCAN_TT_TimeMarkCallback
 .text.HAL_FDCAN_TT_StopWatchCallback
                0x080044a6        0x2 CMakeFiles/CtrBoard-H7_ALL.elf.dir/Drivers/STM32H7xx_HAL_Driver/Src/stm32h7xx_hal_fdcan.c.obj
                0x080044a6                HAL_FDCAN_TT_StopWatchCallback
 .text.HAL_FDCAN_TT_GlobalTimeCallback
                0x080044a8        0x2 CMakeFiles/CtrBoard-H7_ALL.elf.dir/Drivers/STM32H7xx_HAL_Driver/Src/stm32h7xx_hal_fdcan.c.obj
                0x080044a8                HAL_FDCAN_TT_GlobalTimeCallback
 *fill*         0x080044aa        0x2 
 .text.HAL_FDCAN_IRQHandler
                0x080044ac      0x320 CMakeFiles/CtrBoard-H7_ALL.elf.dir/Drivers/STM32H7xx_HAL_Driver/Src/stm32h7xx_hal_fdcan.c.obj
                0x080044ac                HAL_FDCAN_IRQHandler
 .text.HAL_GPIO_Init
                0x080047cc      0x214 CMakeFiles/CtrBoard-H7_ALL.elf.dir/Drivers/STM32H7xx_HAL_Driver/Src/stm32h7xx_hal_gpio.c.obj
                0x080047cc                HAL_GPIO_Init
 .text.HAL_GPIO_DeInit
                0x080049e0      0x144 CMakeFiles/CtrBoard-H7_ALL.elf.dir/Drivers/STM32H7xx_HAL_Driver/Src/stm32h7xx_hal_gpio.c.obj
                0x080049e0                HAL_GPIO_DeInit
 .text.HAL_GPIO_WritePin
                0x08004b24        0xc CMakeFiles/CtrBoard-H7_ALL.elf.dir/Drivers/STM32H7xx_HAL_Driver/Src/stm32h7xx_hal_gpio.c.obj
                0x08004b24                HAL_GPIO_WritePin
 .text.PCD_WriteEmptyTxFifo
                0x08004b30       0xd0 CMakeFiles/CtrBoard-H7_ALL.elf.dir/Drivers/STM32H7xx_HAL_Driver/Src/stm32h7xx_hal_pcd.c.obj
 .text.HAL_PCD_Init
                0x08004c00      0x102 CMakeFiles/CtrBoard-H7_ALL.elf.dir/Drivers/STM32H7xx_HAL_Driver/Src/stm32h7xx_hal_pcd.c.obj
                0x08004c00                HAL_PCD_Init
 .text.HAL_PCD_Start
                0x08004d02       0x44 CMakeFiles/CtrBoard-H7_ALL.elf.dir/Drivers/STM32H7xx_HAL_Driver/Src/stm32h7xx_hal_pcd.c.obj
                0x08004d02                HAL_PCD_Start
 *fill*         0x08004d46        0x2 
 .text.PCD_EP_OutXfrComplete_int
                0x08004d48      0x104 CMakeFiles/CtrBoard-H7_ALL.elf.dir/Drivers/STM32H7xx_HAL_Driver/Src/stm32h7xx_hal_pcd.c.obj
 .text.PCD_EP_OutSetupPacket_int
                0x08004e4c       0x50 CMakeFiles/CtrBoard-H7_ALL.elf.dir/Drivers/STM32H7xx_HAL_Driver/Src/stm32h7xx_hal_pcd.c.obj
 .text.HAL_PCD_SetAddress
                0x08004e9c       0x26 CMakeFiles/CtrBoard-H7_ALL.elf.dir/Drivers/STM32H7xx_HAL_Driver/Src/stm32h7xx_hal_pcd.c.obj
                0x08004e9c                HAL_PCD_SetAddress
 .text.HAL_PCD_EP_Open
                0x08004ec2       0x8c CMakeFiles/CtrBoard-H7_ALL.elf.dir/Drivers/STM32H7xx_HAL_Driver/Src/stm32h7xx_hal_pcd.c.obj
                0x08004ec2                HAL_PCD_EP_Open
 .text.HAL_PCD_EP_Close
                0x08004f4e       0x70 CMakeFiles/CtrBoard-H7_ALL.elf.dir/Drivers/STM32H7xx_HAL_Driver/Src/stm32h7xx_hal_pcd.c.obj
                0x08004f4e                HAL_PCD_EP_Close
 .text.HAL_PCD_EP_Receive
                0x08004fbe       0x4a CMakeFiles/CtrBoard-H7_ALL.elf.dir/Drivers/STM32H7xx_HAL_Driver/Src/stm32h7xx_hal_pcd.c.obj
                0x08004fbe                HAL_PCD_EP_Receive
 .text.HAL_PCD_EP_GetRxCount
                0x08005008       0x12 CMakeFiles/CtrBoard-H7_ALL.elf.dir/Drivers/STM32H7xx_HAL_Driver/Src/stm32h7xx_hal_pcd.c.obj
                0x08005008                HAL_PCD_EP_GetRxCount
 .text.HAL_PCD_EP_Transmit
                0x0800501a       0x4a CMakeFiles/CtrBoard-H7_ALL.elf.dir/Drivers/STM32H7xx_HAL_Driver/Src/stm32h7xx_hal_pcd.c.obj
                0x0800501a                HAL_PCD_EP_Transmit
 .text.HAL_PCD_EP_SetStall
                0x08005064       0x86 CMakeFiles/CtrBoard-H7_ALL.elf.dir/Drivers/STM32H7xx_HAL_Driver/Src/stm32h7xx_hal_pcd.c.obj
                0x08005064                HAL_PCD_EP_SetStall
 .text.HAL_PCD_EP_ClrStall
                0x080050ea       0x74 CMakeFiles/CtrBoard-H7_ALL.elf.dir/Drivers/STM32H7xx_HAL_Driver/Src/stm32h7xx_hal_pcd.c.obj
                0x080050ea                HAL_PCD_EP_ClrStall
 .text.HAL_PCD_EP_Abort
                0x0800515e       0x34 CMakeFiles/CtrBoard-H7_ALL.elf.dir/Drivers/STM32H7xx_HAL_Driver/Src/stm32h7xx_hal_pcd.c.obj
                0x0800515e                HAL_PCD_EP_Abort
 .text.HAL_PCD_IRQHandler
                0x08005192      0x600 CMakeFiles/CtrBoard-H7_ALL.elf.dir/Drivers/STM32H7xx_HAL_Driver/Src/stm32h7xx_hal_pcd.c.obj
                0x08005192                HAL_PCD_IRQHandler
 .text.HAL_PCDEx_SetTxFiFo
                0x08005792       0x4c CMakeFiles/CtrBoard-H7_ALL.elf.dir/Drivers/STM32H7xx_HAL_Driver/Src/stm32h7xx_hal_pcd_ex.c.obj
                0x08005792                HAL_PCDEx_SetTxFiFo
 .text.HAL_PCDEx_SetRxFiFo
                0x080057de        0x8 CMakeFiles/CtrBoard-H7_ALL.elf.dir/Drivers/STM32H7xx_HAL_Driver/Src/stm32h7xx_hal_pcd_ex.c.obj
                0x080057de                HAL_PCDEx_SetRxFiFo
 *fill*         0x080057e6        0x2 
 .text.HAL_PCDEx_ActivateLPM
                0x080057e8       0x28 CMakeFiles/CtrBoard-H7_ALL.elf.dir/Drivers/STM32H7xx_HAL_Driver/Src/stm32h7xx_hal_pcd_ex.c.obj
                0x080057e8                HAL_PCDEx_ActivateLPM
 .text.HAL_PCDEx_LPM_Callback
                0x08005810        0x2 CMakeFiles/CtrBoard-H7_ALL.elf.dir/Drivers/STM32H7xx_HAL_Driver/Src/stm32h7xx_hal_pcd_ex.c.obj
                0x08005810                HAL_PCDEx_LPM_Callback
 *fill*         0x08005812        0x2 
 .text.HAL_PWREx_ConfigSupply
                0x08005814       0x54 CMakeFiles/CtrBoard-H7_ALL.elf.dir/Drivers/STM32H7xx_HAL_Driver/Src/stm32h7xx_hal_pwr_ex.c.obj
                0x08005814                HAL_PWREx_ConfigSupply
 .text.HAL_PWREx_EnableUSBVoltageDetector
                0x08005868       0x10 CMakeFiles/CtrBoard-H7_ALL.elf.dir/Drivers/STM32H7xx_HAL_Driver/Src/stm32h7xx_hal_pwr_ex.c.obj
                0x08005868                HAL_PWREx_EnableUSBVoltageDetector
 .text.HAL_RCC_OscConfig
                0x08005878      0x5e4 CMakeFiles/CtrBoard-H7_ALL.elf.dir/Drivers/STM32H7xx_HAL_Driver/Src/stm32h7xx_hal_rcc.c.obj
                0x08005878                HAL_RCC_OscConfig
 .text.HAL_RCC_MCOConfig
                0x08005e5c       0xa4 CMakeFiles/CtrBoard-H7_ALL.elf.dir/Drivers/STM32H7xx_HAL_Driver/Src/stm32h7xx_hal_rcc.c.obj
                0x08005e5c                HAL_RCC_MCOConfig
 .text.HAL_RCC_GetSysClockFreq
                0x08005f00      0x1f8 CMakeFiles/CtrBoard-H7_ALL.elf.dir/Drivers/STM32H7xx_HAL_Driver/Src/stm32h7xx_hal_rcc.c.obj
                0x08005f00                HAL_RCC_GetSysClockFreq
 .text.HAL_RCC_ClockConfig
                0x080060f8      0x294 CMakeFiles/CtrBoard-H7_ALL.elf.dir/Drivers/STM32H7xx_HAL_Driver/Src/stm32h7xx_hal_rcc.c.obj
                0x080060f8                HAL_RCC_ClockConfig
 .text.HAL_RCC_GetHCLKFreq
                0x0800638c       0x44 CMakeFiles/CtrBoard-H7_ALL.elf.dir/Drivers/STM32H7xx_HAL_Driver/Src/stm32h7xx_hal_rcc.c.obj
                0x0800638c                HAL_RCC_GetHCLKFreq
 .text.HAL_RCC_GetPCLK1Freq
                0x080063d0       0x24 CMakeFiles/CtrBoard-H7_ALL.elf.dir/Drivers/STM32H7xx_HAL_Driver/Src/stm32h7xx_hal_rcc.c.obj
                0x080063d0                HAL_RCC_GetPCLK1Freq
 .text.HAL_RCC_GetPCLK2Freq
                0x080063f4       0x24 CMakeFiles/CtrBoard-H7_ALL.elf.dir/Drivers/STM32H7xx_HAL_Driver/Src/stm32h7xx_hal_rcc.c.obj
                0x080063f4                HAL_RCC_GetPCLK2Freq
 .text.HAL_RCC_GetClockConfig
                0x08006418       0x54 CMakeFiles/CtrBoard-H7_ALL.elf.dir/Drivers/STM32H7xx_HAL_Driver/Src/stm32h7xx_hal_rcc.c.obj
                0x08006418                HAL_RCC_GetClockConfig
 .text.RCCEx_PLL2_Config
                0x0800646c      0x108 CMakeFiles/CtrBoard-H7_ALL.elf.dir/Drivers/STM32H7xx_HAL_Driver/Src/stm32h7xx_hal_rcc_ex.c.obj
 .text.RCCEx_PLL3_Config
                0x08006574      0x108 CMakeFiles/CtrBoard-H7_ALL.elf.dir/Drivers/STM32H7xx_HAL_Driver/Src/stm32h7xx_hal_rcc_ex.c.obj
 .text.HAL_RCCEx_PeriphCLKConfig
                0x0800667c      0xa2c CMakeFiles/CtrBoard-H7_ALL.elf.dir/Drivers/STM32H7xx_HAL_Driver/Src/stm32h7xx_hal_rcc_ex.c.obj
                0x0800667c                HAL_RCCEx_PeriphCLKConfig
 .text.HAL_RCCEx_GetD3PCLK1Freq
                0x080070a8       0x24 CMakeFiles/CtrBoard-H7_ALL.elf.dir/Drivers/STM32H7xx_HAL_Driver/Src/stm32h7xx_hal_rcc_ex.c.obj
                0x080070a8                HAL_RCCEx_GetD3PCLK1Freq
 .text.HAL_RCCEx_GetPLL2ClockFreq
                0x080070cc      0x200 CMakeFiles/CtrBoard-H7_ALL.elf.dir/Drivers/STM32H7xx_HAL_Driver/Src/stm32h7xx_hal_rcc_ex.c.obj
                0x080070cc                HAL_RCCEx_GetPLL2ClockFreq
 .text.HAL_RCCEx_GetPLL3ClockFreq
                0x080072cc      0x200 CMakeFiles/CtrBoard-H7_ALL.elf.dir/Drivers/STM32H7xx_HAL_Driver/Src/stm32h7xx_hal_rcc_ex.c.obj
                0x080072cc                HAL_RCCEx_GetPLL3ClockFreq
 .text.HAL_TIM_Base_MspInit
                0x080074cc        0x2 CMakeFiles/CtrBoard-H7_ALL.elf.dir/Drivers/STM32H7xx_HAL_Driver/Src/stm32h7xx_hal_tim.c.obj
                0x080074cc                HAL_TIM_Base_MspInit
 *fill*         0x080074ce        0x2 
 .text.HAL_TIM_Base_Start_IT
                0x080074d0       0xa0 CMakeFiles/CtrBoard-H7_ALL.elf.dir/Drivers/STM32H7xx_HAL_Driver/Src/stm32h7xx_hal_tim.c.obj
                0x080074d0                HAL_TIM_Base_Start_IT
 .text.HAL_TIM_OC_DelayElapsedCallback
                0x08007570        0x2 CMakeFiles/CtrBoard-H7_ALL.elf.dir/Drivers/STM32H7xx_HAL_Driver/Src/stm32h7xx_hal_tim.c.obj
                0x08007570                HAL_TIM_OC_DelayElapsedCallback
 .text.HAL_TIM_IC_CaptureCallback
                0x08007572        0x2 CMakeFiles/CtrBoard-H7_ALL.elf.dir/Drivers/STM32H7xx_HAL_Driver/Src/stm32h7xx_hal_tim.c.obj
                0x08007572                HAL_TIM_IC_CaptureCallback
 .text.HAL_TIM_PWM_PulseFinishedCallback
                0x08007574        0x2 CMakeFiles/CtrBoard-H7_ALL.elf.dir/Drivers/STM32H7xx_HAL_Driver/Src/stm32h7xx_hal_tim.c.obj
                0x08007574                HAL_TIM_PWM_PulseFinishedCallback
 .text.HAL_TIM_TriggerCallback
                0x08007576        0x2 CMakeFiles/CtrBoard-H7_ALL.elf.dir/Drivers/STM32H7xx_HAL_Driver/Src/stm32h7xx_hal_tim.c.obj
                0x08007576                HAL_TIM_TriggerCallback
 .text.HAL_TIM_IRQHandler
                0x08007578      0x17a CMakeFiles/CtrBoard-H7_ALL.elf.dir/Drivers/STM32H7xx_HAL_Driver/Src/stm32h7xx_hal_tim.c.obj
                0x08007578                HAL_TIM_IRQHandler
 *fill*         0x080076f2        0x2 
 .text.TIM_Base_SetConfig
                0x080076f4      0x120 CMakeFiles/CtrBoard-H7_ALL.elf.dir/Drivers/STM32H7xx_HAL_Driver/Src/stm32h7xx_hal_tim.c.obj
                0x080076f4                TIM_Base_SetConfig
 .text.HAL_TIM_Base_Init
                0x08007814       0x60 CMakeFiles/CtrBoard-H7_ALL.elf.dir/Drivers/STM32H7xx_HAL_Driver/Src/stm32h7xx_hal_tim.c.obj
                0x08007814                HAL_TIM_Base_Init
 .text.HAL_TIMEx_CommutCallback
                0x08007874        0x2 CMakeFiles/CtrBoard-H7_ALL.elf.dir/Drivers/STM32H7xx_HAL_Driver/Src/stm32h7xx_hal_tim_ex.c.obj
                0x08007874                HAL_TIMEx_CommutCallback
 .text.HAL_TIMEx_BreakCallback
                0x08007876        0x2 CMakeFiles/CtrBoard-H7_ALL.elf.dir/Drivers/STM32H7xx_HAL_Driver/Src/stm32h7xx_hal_tim_ex.c.obj
                0x08007876                HAL_TIMEx_BreakCallback
 .text.HAL_TIMEx_Break2Callback
                0x08007878        0x2 CMakeFiles/CtrBoard-H7_ALL.elf.dir/Drivers/STM32H7xx_HAL_Driver/Src/stm32h7xx_hal_tim_ex.c.obj
                0x08007878                HAL_TIMEx_Break2Callback
 .text.UART_EndTxTransfer
                0x0800787a       0x32 CMakeFiles/CtrBoard-H7_ALL.elf.dir/Drivers/STM32H7xx_HAL_Driver/Src/stm32h7xx_hal_uart.c.obj
 .text.UART_EndRxTransfer
                0x080078ac       0x58 CMakeFiles/CtrBoard-H7_ALL.elf.dir/Drivers/STM32H7xx_HAL_Driver/Src/stm32h7xx_hal_uart.c.obj
 .text.HAL_UART_TxCpltCallback
                0x08007904        0x2 CMakeFiles/CtrBoard-H7_ALL.elf.dir/Drivers/STM32H7xx_HAL_Driver/Src/stm32h7xx_hal_uart.c.obj
                0x08007904                HAL_UART_TxCpltCallback
 .text.UART_EndTransmit_IT
                0x08007906       0x24 CMakeFiles/CtrBoard-H7_ALL.elf.dir/Drivers/STM32H7xx_HAL_Driver/Src/stm32h7xx_hal_uart.c.obj
 .text.HAL_UART_RxCpltCallback
                0x0800792a        0x2 CMakeFiles/CtrBoard-H7_ALL.elf.dir/Drivers/STM32H7xx_HAL_Driver/Src/stm32h7xx_hal_uart.c.obj
                0x0800792a                HAL_UART_RxCpltCallback
 .text.HAL_UART_RxHalfCpltCallback
                0x0800792c        0x2 CMakeFiles/CtrBoard-H7_ALL.elf.dir/Drivers/STM32H7xx_HAL_Driver/Src/stm32h7xx_hal_uart.c.obj
                0x0800792c                HAL_UART_RxHalfCpltCallback
 .text.UART_DMAError
                0x0800792e       0x58 CMakeFiles/CtrBoard-H7_ALL.elf.dir/Drivers/STM32H7xx_HAL_Driver/Src/stm32h7xx_hal_uart.c.obj
 .text.UART_DMAAbortOnError
                0x08007986       0x10 CMakeFiles/CtrBoard-H7_ALL.elf.dir/Drivers/STM32H7xx_HAL_Driver/Src/stm32h7xx_hal_uart.c.obj
 *fill*         0x08007996        0x2 
 .text.HAL_UART_IRQHandler
                0x08007998      0x3d0 CMakeFiles/CtrBoard-H7_ALL.elf.dir/Drivers/STM32H7xx_HAL_Driver/Src/stm32h7xx_hal_uart.c.obj
                0x08007998                HAL_UART_IRQHandler
 .text.UART_DMARxHalfCplt
                0x08007d68       0x20 CMakeFiles/CtrBoard-H7_ALL.elf.dir/Drivers/STM32H7xx_HAL_Driver/Src/stm32h7xx_hal_uart.c.obj
 .text.UART_DMAReceiveCplt
                0x08007d88       0x90 CMakeFiles/CtrBoard-H7_ALL.elf.dir/Drivers/STM32H7xx_HAL_Driver/Src/stm32h7xx_hal_uart.c.obj
 .text.UART_SetConfig
                0x08007e18      0x6c4 CMakeFiles/CtrBoard-H7_ALL.elf.dir/Drivers/STM32H7xx_HAL_Driver/Src/stm32h7xx_hal_uart.c.obj
                0x08007e18                UART_SetConfig
 .text.UART_AdvFeatureConfig
                0x080084dc       0xca CMakeFiles/CtrBoard-H7_ALL.elf.dir/Drivers/STM32H7xx_HAL_Driver/Src/stm32h7xx_hal_uart.c.obj
                0x080084dc                UART_AdvFeatureConfig
 .text.UART_WaitOnFlagUntilTimeout
                0x080085a6       0xa6 CMakeFiles/CtrBoard-H7_ALL.elf.dir/Drivers/STM32H7xx_HAL_Driver/Src/stm32h7xx_hal_uart.c.obj
                0x080085a6                UART_WaitOnFlagUntilTimeout
 .text.UART_CheckIdleState
                0x0800864c       0xca CMakeFiles/CtrBoard-H7_ALL.elf.dir/Drivers/STM32H7xx_HAL_Driver/Src/stm32h7xx_hal_uart.c.obj
                0x0800864c                UART_CheckIdleState
 .text.HAL_UART_Init
                0x08008716       0x66 CMakeFiles/CtrBoard-H7_ALL.elf.dir/Drivers/STM32H7xx_HAL_Driver/Src/stm32h7xx_hal_uart.c.obj
                0x08008716                HAL_UART_Init
 .text.UART_Start_Receive_DMA
                0x0800877c       0xb0 CMakeFiles/CtrBoard-H7_ALL.elf.dir/Drivers/STM32H7xx_HAL_Driver/Src/stm32h7xx_hal_uart.c.obj
                0x0800877c                UART_Start_Receive_DMA
 .text.UARTEx_SetNbDataToProcess
                0x0800882c       0x4c CMakeFiles/CtrBoard-H7_ALL.elf.dir/Drivers/STM32H7xx_HAL_Driver/Src/stm32h7xx_hal_uart_ex.c.obj
 .text.HAL_UARTEx_WakeupCallback
                0x08008878        0x2 CMakeFiles/CtrBoard-H7_ALL.elf.dir/Drivers/STM32H7xx_HAL_Driver/Src/stm32h7xx_hal_uart_ex.c.obj
                0x08008878                HAL_UARTEx_WakeupCallback
 .text.HAL_UARTEx_RxFifoFullCallback
                0x0800887a        0x2 CMakeFiles/CtrBoard-H7_ALL.elf.dir/Drivers/STM32H7xx_HAL_Driver/Src/stm32h7xx_hal_uart_ex.c.obj
                0x0800887a                HAL_UARTEx_RxFifoFullCallback
 .text.HAL_UARTEx_TxFifoEmptyCallback
                0x0800887c        0x2 CMakeFiles/CtrBoard-H7_ALL.elf.dir/Drivers/STM32H7xx_HAL_Driver/Src/stm32h7xx_hal_uart_ex.c.obj
                0x0800887c                HAL_UARTEx_TxFifoEmptyCallback
 .text.HAL_UARTEx_DisableFifoMode
                0x0800887e       0x3e CMakeFiles/CtrBoard-H7_ALL.elf.dir/Drivers/STM32H7xx_HAL_Driver/Src/stm32h7xx_hal_uart_ex.c.obj
                0x0800887e                HAL_UARTEx_DisableFifoMode
 .text.HAL_UARTEx_SetTxFifoThreshold
                0x080088bc       0x4a CMakeFiles/CtrBoard-H7_ALL.elf.dir/Drivers/STM32H7xx_HAL_Driver/Src/stm32h7xx_hal_uart_ex.c.obj
                0x080088bc                HAL_UARTEx_SetTxFifoThreshold
 .text.HAL_UARTEx_SetRxFifoThreshold
                0x08008906       0x4a CMakeFiles/CtrBoard-H7_ALL.elf.dir/Drivers/STM32H7xx_HAL_Driver/Src/stm32h7xx_hal_uart_ex.c.obj
                0x08008906                HAL_UARTEx_SetRxFifoThreshold
 .text.HAL_UARTEx_ReceiveToIdle_DMA
                0x08008950       0x50 CMakeFiles/CtrBoard-H7_ALL.elf.dir/Drivers/STM32H7xx_HAL_Driver/Src/stm32h7xx_hal_uart_ex.c.obj
                0x08008950                HAL_UARTEx_ReceiveToIdle_DMA
 .text.USB_CoreReset
                0x080089a0       0x4a CMakeFiles/CtrBoard-H7_ALL.elf.dir/Drivers/STM32H7xx_HAL_Driver/Src/stm32h7xx_ll_usb.c.obj
 *fill*         0x080089ea        0x2 
 .text.USB_CoreInit
                0x080089ec       0xa4 CMakeFiles/CtrBoard-H7_ALL.elf.dir/Drivers/STM32H7xx_HAL_Driver/Src/stm32h7xx_ll_usb.c.obj
                0x080089ec                USB_CoreInit
 .text.USB_SetTurnaroundTime
                0x08008a90       0xe4 CMakeFiles/CtrBoard-H7_ALL.elf.dir/Drivers/STM32H7xx_HAL_Driver/Src/stm32h7xx_ll_usb.c.obj
                0x08008a90                USB_SetTurnaroundTime
 .text.USB_EnableGlobalInt
                0x08008b74        0xc CMakeFiles/CtrBoard-H7_ALL.elf.dir/Drivers/STM32H7xx_HAL_Driver/Src/stm32h7xx_ll_usb.c.obj
                0x08008b74                USB_EnableGlobalInt
 .text.USB_DisableGlobalInt
                0x08008b80        0xc CMakeFiles/CtrBoard-H7_ALL.elf.dir/Drivers/STM32H7xx_HAL_Driver/Src/stm32h7xx_ll_usb.c.obj
                0x08008b80                USB_DisableGlobalInt
 .text.USB_FlushTxFifo
                0x08008b8c       0x4a CMakeFiles/CtrBoard-H7_ALL.elf.dir/Drivers/STM32H7xx_HAL_Driver/Src/stm32h7xx_ll_usb.c.obj
                0x08008b8c                USB_FlushTxFifo
 .text.USB_FlushRxFifo
                0x08008bd6       0x46 CMakeFiles/CtrBoard-H7_ALL.elf.dir/Drivers/STM32H7xx_HAL_Driver/Src/stm32h7xx_ll_usb.c.obj
                0x08008bd6                USB_FlushRxFifo
 .text.USB_SetDevSpeed
                0x08008c1c        0xe CMakeFiles/CtrBoard-H7_ALL.elf.dir/Drivers/STM32H7xx_HAL_Driver/Src/stm32h7xx_ll_usb.c.obj
                0x08008c1c                USB_SetDevSpeed
 *fill*         0x08008c2a        0x2 
 .text.USB_DevInit
                0x08008c2c      0x18c CMakeFiles/CtrBoard-H7_ALL.elf.dir/Drivers/STM32H7xx_HAL_Driver/Src/stm32h7xx_ll_usb.c.obj
                0x08008c2c                USB_DevInit
 .text.USB_GetDevSpeed
                0x08008db8       0x22 CMakeFiles/CtrBoard-H7_ALL.elf.dir/Drivers/STM32H7xx_HAL_Driver/Src/stm32h7xx_ll_usb.c.obj
                0x08008db8                USB_GetDevSpeed
 *fill*         0x08008dda        0x2 
 .text.USB_ActivateEndpoint
                0x08008ddc       0x98 CMakeFiles/CtrBoard-H7_ALL.elf.dir/Drivers/STM32H7xx_HAL_Driver/Src/stm32h7xx_ll_usb.c.obj
                0x08008ddc                USB_ActivateEndpoint
 .text.USB_DeactivateEndpoint
                0x08008e74       0xe0 CMakeFiles/CtrBoard-H7_ALL.elf.dir/Drivers/STM32H7xx_HAL_Driver/Src/stm32h7xx_ll_usb.c.obj
                0x08008e74                USB_DeactivateEndpoint
 .text.USB_EPStopXfer
                0x08008f54       0xbe CMakeFiles/CtrBoard-H7_ALL.elf.dir/Drivers/STM32H7xx_HAL_Driver/Src/stm32h7xx_ll_usb.c.obj
                0x08008f54                USB_EPStopXfer
 .text.USB_WritePacket
                0x08009012       0x2e CMakeFiles/CtrBoard-H7_ALL.elf.dir/Drivers/STM32H7xx_HAL_Driver/Src/stm32h7xx_ll_usb.c.obj
                0x08009012                USB_WritePacket
 .text.USB_EPStartXfer
                0x08009040      0x244 CMakeFiles/CtrBoard-H7_ALL.elf.dir/Drivers/STM32H7xx_HAL_Driver/Src/stm32h7xx_ll_usb.c.obj
                0x08009040                USB_EPStartXfer
 .text.USB_ReadPacket
                0x08009284       0x46 CMakeFiles/CtrBoard-H7_ALL.elf.dir/Drivers/STM32H7xx_HAL_Driver/Src/stm32h7xx_ll_usb.c.obj
                0x08009284                USB_ReadPacket
 .text.USB_EPSetStall
                0x080092ca       0x5a CMakeFiles/CtrBoard-H7_ALL.elf.dir/Drivers/STM32H7xx_HAL_Driver/Src/stm32h7xx_ll_usb.c.obj
                0x080092ca                USB_EPSetStall
 .text.USB_EPClearStall
                0x08009324       0x5c CMakeFiles/CtrBoard-H7_ALL.elf.dir/Drivers/STM32H7xx_HAL_Driver/Src/stm32h7xx_ll_usb.c.obj
                0x08009324                USB_EPClearStall
 .text.USB_SetDevAddress
                0x08009380       0x20 CMakeFiles/CtrBoard-H7_ALL.elf.dir/Drivers/STM32H7xx_HAL_Driver/Src/stm32h7xx_ll_usb.c.obj
                0x08009380                USB_SetDevAddress
 .text.USB_DevConnect
                0x080093a0       0x1c CMakeFiles/CtrBoard-H7_ALL.elf.dir/Drivers/STM32H7xx_HAL_Driver/Src/stm32h7xx_ll_usb.c.obj
                0x080093a0                USB_DevConnect
 .text.USB_DevDisconnect
                0x080093bc       0x1c CMakeFiles/CtrBoard-H7_ALL.elf.dir/Drivers/STM32H7xx_HAL_Driver/Src/stm32h7xx_ll_usb.c.obj
                0x080093bc                USB_DevDisconnect
 .text.USB_ReadInterrupts
                0x080093d8        0x8 CMakeFiles/CtrBoard-H7_ALL.elf.dir/Drivers/STM32H7xx_HAL_Driver/Src/stm32h7xx_ll_usb.c.obj
                0x080093d8                USB_ReadInterrupts
 .text.USB_ReadDevAllOutEpInterrupt
                0x080093e0       0x10 CMakeFiles/CtrBoard-H7_ALL.elf.dir/Drivers/STM32H7xx_HAL_Driver/Src/stm32h7xx_ll_usb.c.obj
                0x080093e0                USB_ReadDevAllOutEpInterrupt
 .text.USB_ReadDevAllInEpInterrupt
                0x080093f0       0x10 CMakeFiles/CtrBoard-H7_ALL.elf.dir/Drivers/STM32H7xx_HAL_Driver/Src/stm32h7xx_ll_usb.c.obj
                0x080093f0                USB_ReadDevAllInEpInterrupt
 .text.USB_ReadDevOutEPInterrupt
                0x08009400       0x12 CMakeFiles/CtrBoard-H7_ALL.elf.dir/Drivers/STM32H7xx_HAL_Driver/Src/stm32h7xx_ll_usb.c.obj
                0x08009400                USB_ReadDevOutEPInterrupt
 .text.USB_ReadDevInEPInterrupt
                0x08009412       0x24 CMakeFiles/CtrBoard-H7_ALL.elf.dir/Drivers/STM32H7xx_HAL_Driver/Src/stm32h7xx_ll_usb.c.obj
                0x08009412                USB_ReadDevInEPInterrupt
 .text.USB_GetMode
                0x08009436        0x8 CMakeFiles/CtrBoard-H7_ALL.elf.dir/Drivers/STM32H7xx_HAL_Driver/Src/stm32h7xx_ll_usb.c.obj
                0x08009436                USB_GetMode
 .text.USB_SetCurrentMode
                0x0800943e       0x62 CMakeFiles/CtrBoard-H7_ALL.elf.dir/Drivers/STM32H7xx_HAL_Driver/Src/stm32h7xx_ll_usb.c.obj
                0x0800943e                USB_SetCurrentMode
 .text.USB_ActivateSetup
                0x080094a0       0x1c CMakeFiles/CtrBoard-H7_ALL.elf.dir/Drivers/STM32H7xx_HAL_Driver/Src/stm32h7xx_ll_usb.c.obj
                0x080094a0                USB_ActivateSetup
 .text.USB_EP0_OutStart
                0x080094bc       0x60 CMakeFiles/CtrBoard-H7_ALL.elf.dir/Drivers/STM32H7xx_HAL_Driver/Src/stm32h7xx_ll_usb.c.obj
                0x080094bc                USB_EP0_OutStart
 .text.USBD_CDC_EP0_RxReady
                0x0800951c       0x40 CMakeFiles/CtrBoard-H7_ALL.elf.dir/Middlewares/ST/STM32_USB_Device_Library/Class/CDC/Src/usbd_cdc.c.obj
 .text.USBD_CDC_GetDeviceQualifierDescriptor
                0x0800955c        0xc CMakeFiles/CtrBoard-H7_ALL.elf.dir/Middlewares/ST/STM32_USB_Device_Library/Class/CDC/Src/usbd_cdc.c.obj
                0x0800955c                USBD_CDC_GetDeviceQualifierDescriptor
 .text.USBD_CDC_GetOtherSpeedCfgDesc
                0x08009568       0x48 CMakeFiles/CtrBoard-H7_ALL.elf.dir/Middlewares/ST/STM32_USB_Device_Library/Class/CDC/Src/usbd_cdc.c.obj
 .text.USBD_CDC_GetFSCfgDesc
                0x080095b0       0x48 CMakeFiles/CtrBoard-H7_ALL.elf.dir/Middlewares/ST/STM32_USB_Device_Library/Class/CDC/Src/usbd_cdc.c.obj
 .text.USBD_CDC_GetHSCfgDesc
                0x080095f8       0x48 CMakeFiles/CtrBoard-H7_ALL.elf.dir/Middlewares/ST/STM32_USB_Device_Library/Class/CDC/Src/usbd_cdc.c.obj
 .text.USBD_CDC_DataOut
                0x08009640       0x38 CMakeFiles/CtrBoard-H7_ALL.elf.dir/Middlewares/ST/STM32_USB_Device_Library/Class/CDC/Src/usbd_cdc.c.obj
 .text.USBD_CDC_DataIn
                0x08009678       0x7c CMakeFiles/CtrBoard-H7_ALL.elf.dir/Middlewares/ST/STM32_USB_Device_Library/Class/CDC/Src/usbd_cdc.c.obj
 .text.USBD_CDC_Setup
                0x080096f4      0x11a CMakeFiles/CtrBoard-H7_ALL.elf.dir/Middlewares/ST/STM32_USB_Device_Library/Class/CDC/Src/usbd_cdc.c.obj
 .text.USBD_CDC_DeInit
                0x0800980e       0x64 CMakeFiles/CtrBoard-H7_ALL.elf.dir/Middlewares/ST/STM32_USB_Device_Library/Class/CDC/Src/usbd_cdc.c.obj
 .text.USBD_CDC_Init
                0x08009872       0xee CMakeFiles/CtrBoard-H7_ALL.elf.dir/Middlewares/ST/STM32_USB_Device_Library/Class/CDC/Src/usbd_cdc.c.obj
 .text.USBD_CDC_RegisterInterface
                0x08009960       0x16 CMakeFiles/CtrBoard-H7_ALL.elf.dir/Middlewares/ST/STM32_USB_Device_Library/Class/CDC/Src/usbd_cdc.c.obj
                0x08009960                USBD_CDC_RegisterInterface
 .text.USBD_CDC_SetTxBuffer
                0x08009976       0x1c CMakeFiles/CtrBoard-H7_ALL.elf.dir/Middlewares/ST/STM32_USB_Device_Library/Class/CDC/Src/usbd_cdc.c.obj
                0x08009976                USBD_CDC_SetTxBuffer
 .text.USBD_CDC_SetRxBuffer
                0x08009992       0x18 CMakeFiles/CtrBoard-H7_ALL.elf.dir/Middlewares/ST/STM32_USB_Device_Library/Class/CDC/Src/usbd_cdc.c.obj
                0x08009992                USBD_CDC_SetRxBuffer
 .text.USBD_CDC_ReceivePacket
                0x080099aa       0x38 CMakeFiles/CtrBoard-H7_ALL.elf.dir/Middlewares/ST/STM32_USB_Device_Library/Class/CDC/Src/usbd_cdc.c.obj
                0x080099aa                USBD_CDC_ReceivePacket
 .text.USBD_Init
                0x080099e2       0x2e CMakeFiles/CtrBoard-H7_ALL.elf.dir/Middlewares/ST/STM32_USB_Device_Library/Core/Src/usbd_core.c.obj
                0x080099e2                USBD_Init
 .text.USBD_RegisterClass
                0x08009a10       0x40 CMakeFiles/CtrBoard-H7_ALL.elf.dir/Middlewares/ST/STM32_USB_Device_Library/Core/Src/usbd_core.c.obj
                0x08009a10                USBD_RegisterClass
 .text.USBD_Start
                0x08009a50        0x8 CMakeFiles/CtrBoard-H7_ALL.elf.dir/Middlewares/ST/STM32_USB_Device_Library/Core/Src/usbd_core.c.obj
                0x08009a50                USBD_Start
 .text.USBD_SetClassConfig
                0x08009a58       0x12 CMakeFiles/CtrBoard-H7_ALL.elf.dir/Middlewares/ST/STM32_USB_Device_Library/Core/Src/usbd_core.c.obj
                0x08009a58                USBD_SetClassConfig
 .text.USBD_ClrClassConfig
                0x08009a6a       0x12 CMakeFiles/CtrBoard-H7_ALL.elf.dir/Middlewares/ST/STM32_USB_Device_Library/Core/Src/usbd_core.c.obj
                0x08009a6a                USBD_ClrClassConfig
 .text.USBD_LL_SetupStage
                0x08009a7c       0x58 CMakeFiles/CtrBoard-H7_ALL.elf.dir/Middlewares/ST/STM32_USB_Device_Library/Core/Src/usbd_core.c.obj
                0x08009a7c                USBD_LL_SetupStage
 .text.USBD_LL_Reset
                0x08009ad4       0x64 CMakeFiles/CtrBoard-H7_ALL.elf.dir/Middlewares/ST/STM32_USB_Device_Library/Core/Src/usbd_core.c.obj
                0x08009ad4                USBD_LL_Reset
 .text.USBD_LL_SetSpeed
                0x08009b38        0x6 CMakeFiles/CtrBoard-H7_ALL.elf.dir/Middlewares/ST/STM32_USB_Device_Library/Core/Src/usbd_core.c.obj
                0x08009b38                USBD_LL_SetSpeed
 .text.USBD_LL_Suspend
                0x08009b3e       0x1e CMakeFiles/CtrBoard-H7_ALL.elf.dir/Middlewares/ST/STM32_USB_Device_Library/Core/Src/usbd_core.c.obj
                0x08009b3e                USBD_LL_Suspend
 .text.USBD_LL_Resume
                0x08009b5c       0x1a CMakeFiles/CtrBoard-H7_ALL.elf.dir/Middlewares/ST/STM32_USB_Device_Library/Core/Src/usbd_core.c.obj
                0x08009b5c                USBD_LL_Resume
 .text.USBD_LL_SOF
                0x08009b76       0x22 CMakeFiles/CtrBoard-H7_ALL.elf.dir/Middlewares/ST/STM32_USB_Device_Library/Core/Src/usbd_core.c.obj
                0x08009b76                USBD_LL_SOF
 .text.USBD_LL_IsoINIncomplete
                0x08009b98       0x2e CMakeFiles/CtrBoard-H7_ALL.elf.dir/Middlewares/ST/STM32_USB_Device_Library/Core/Src/usbd_core.c.obj
                0x08009b98                USBD_LL_IsoINIncomplete
 .text.USBD_LL_IsoOUTIncomplete
                0x08009bc6       0x2e CMakeFiles/CtrBoard-H7_ALL.elf.dir/Middlewares/ST/STM32_USB_Device_Library/Core/Src/usbd_core.c.obj
                0x08009bc6                USBD_LL_IsoOUTIncomplete
 .text.USBD_LL_DevConnected
                0x08009bf4        0x4 CMakeFiles/CtrBoard-H7_ALL.elf.dir/Middlewares/ST/STM32_USB_Device_Library/Core/Src/usbd_core.c.obj
                0x08009bf4                USBD_LL_DevConnected
 .text.USBD_LL_DevDisconnected
                0x08009bf8       0x20 CMakeFiles/CtrBoard-H7_ALL.elf.dir/Middlewares/ST/STM32_USB_Device_Library/Core/Src/usbd_core.c.obj
                0x08009bf8                USBD_LL_DevDisconnected
 .text.USBD_CoreFindIF
                0x08009c18        0x4 CMakeFiles/CtrBoard-H7_ALL.elf.dir/Middlewares/ST/STM32_USB_Device_Library/Core/Src/usbd_core.c.obj
                0x08009c18                USBD_CoreFindIF
 .text.USBD_CoreFindEP
                0x08009c1c        0x4 CMakeFiles/CtrBoard-H7_ALL.elf.dir/Middlewares/ST/STM32_USB_Device_Library/Core/Src/usbd_core.c.obj
                0x08009c1c                USBD_CoreFindEP
 .text.USBD_LL_DataOutStage
                0x08009c20       0xc4 CMakeFiles/CtrBoard-H7_ALL.elf.dir/Middlewares/ST/STM32_USB_Device_Library/Core/Src/usbd_core.c.obj
                0x08009c20                USBD_LL_DataOutStage
 .text.USBD_LL_DataInStage
                0x08009ce4       0xd6 CMakeFiles/CtrBoard-H7_ALL.elf.dir/Middlewares/ST/STM32_USB_Device_Library/Core/Src/usbd_core.c.obj
                0x08009ce4                USBD_LL_DataInStage
 .text.USBD_GetNextDesc
                0x08009dba        0xe CMakeFiles/CtrBoard-H7_ALL.elf.dir/Middlewares/ST/STM32_USB_Device_Library/Core/Src/usbd_core.c.obj
                0x08009dba                USBD_GetNextDesc
 .text.USBD_GetEpDesc
                0x08009dc8       0x3e CMakeFiles/CtrBoard-H7_ALL.elf.dir/Middlewares/ST/STM32_USB_Device_Library/Core/Src/usbd_core.c.obj
                0x08009dc8                USBD_GetEpDesc
 .text.USBD_GetLen
                0x08009e06       0x14 CMakeFiles/CtrBoard-H7_ALL.elf.dir/Middlewares/ST/STM32_USB_Device_Library/Core/Src/usbd_ctlreq.c.obj
 .text.USBD_ParseSetupRequest
                0x08009e1a       0x28 CMakeFiles/CtrBoard-H7_ALL.elf.dir/Middlewares/ST/STM32_USB_Device_Library/Core/Src/usbd_ctlreq.c.obj
                0x08009e1a                USBD_ParseSetupRequest
 .text.USBD_CtlError
                0x08009e42       0x14 CMakeFiles/CtrBoard-H7_ALL.elf.dir/Middlewares/ST/STM32_USB_Device_Library/Core/Src/usbd_ctlreq.c.obj
                0x08009e42                USBD_CtlError
 .text.USBD_GetDescriptor
                0x08009e56      0x1ac CMakeFiles/CtrBoard-H7_ALL.elf.dir/Middlewares/ST/STM32_USB_Device_Library/Core/Src/usbd_ctlreq.c.obj
 .text.USBD_SetAddress
                0x0800a002       0x50 CMakeFiles/CtrBoard-H7_ALL.elf.dir/Middlewares/ST/STM32_USB_Device_Library/Core/Src/usbd_ctlreq.c.obj
 *fill*         0x0800a052        0x2 
 .text.USBD_SetConfig
                0x0800a054       0xcc CMakeFiles/CtrBoard-H7_ALL.elf.dir/Middlewares/ST/STM32_USB_Device_Library/Core/Src/usbd_ctlreq.c.obj
 .text.USBD_GetConfig
                0x0800a120       0x40 CMakeFiles/CtrBoard-H7_ALL.elf.dir/Middlewares/ST/STM32_USB_Device_Library/Core/Src/usbd_ctlreq.c.obj
 .text.USBD_GetStatus
                0x0800a160       0x38 CMakeFiles/CtrBoard-H7_ALL.elf.dir/Middlewares/ST/STM32_USB_Device_Library/Core/Src/usbd_ctlreq.c.obj
 .text.USBD_SetFeature
                0x0800a198       0x2a CMakeFiles/CtrBoard-H7_ALL.elf.dir/Middlewares/ST/STM32_USB_Device_Library/Core/Src/usbd_ctlreq.c.obj
 .text.USBD_ClrFeature
                0x0800a1c2       0x26 CMakeFiles/CtrBoard-H7_ALL.elf.dir/Middlewares/ST/STM32_USB_Device_Library/Core/Src/usbd_ctlreq.c.obj
 .text.USBD_StdDevReq
                0x0800a1e8       0x76 CMakeFiles/CtrBoard-H7_ALL.elf.dir/Middlewares/ST/STM32_USB_Device_Library/Core/Src/usbd_ctlreq.c.obj
                0x0800a1e8                USBD_StdDevReq
 .text.USBD_StdItfReq
                0x0800a25e       0x84 CMakeFiles/CtrBoard-H7_ALL.elf.dir/Middlewares/ST/STM32_USB_Device_Library/Core/Src/usbd_ctlreq.c.obj
                0x0800a25e                USBD_StdItfReq
 .text.USBD_StdEPReq
                0x0800a2e2      0x232 CMakeFiles/CtrBoard-H7_ALL.elf.dir/Middlewares/ST/STM32_USB_Device_Library/Core/Src/usbd_ctlreq.c.obj
                0x0800a2e2                USBD_StdEPReq
 .text.USBD_GetString
                0x0800a514       0x46 CMakeFiles/CtrBoard-H7_ALL.elf.dir/Middlewares/ST/STM32_USB_Device_Library/Core/Src/usbd_ctlreq.c.obj
                0x0800a514                USBD_GetString
 .text.USBD_CtlSendData
                0x0800a55a       0x1a CMakeFiles/CtrBoard-H7_ALL.elf.dir/Middlewares/ST/STM32_USB_Device_Library/Core/Src/usbd_ioreq.c.obj
                0x0800a55a                USBD_CtlSendData
 .text.USBD_CtlContinueSendData
                0x0800a574       0x10 CMakeFiles/CtrBoard-H7_ALL.elf.dir/Middlewares/ST/STM32_USB_Device_Library/Core/Src/usbd_ioreq.c.obj
                0x0800a574                USBD_CtlContinueSendData
 .text.USBD_CtlPrepareRx
                0x0800a584       0x1e CMakeFiles/CtrBoard-H7_ALL.elf.dir/Middlewares/ST/STM32_USB_Device_Library/Core/Src/usbd_ioreq.c.obj
                0x0800a584                USBD_CtlPrepareRx
 .text.USBD_CtlContinueRx
                0x0800a5a2       0x10 CMakeFiles/CtrBoard-H7_ALL.elf.dir/Middlewares/ST/STM32_USB_Device_Library/Core/Src/usbd_ioreq.c.obj
                0x0800a5a2                USBD_CtlContinueRx
 .text.USBD_CtlSendStatus
                0x0800a5b2       0x16 CMakeFiles/CtrBoard-H7_ALL.elf.dir/Middlewares/ST/STM32_USB_Device_Library/Core/Src/usbd_ioreq.c.obj
                0x0800a5b2                USBD_CtlSendStatus
 .text.USBD_CtlReceiveStatus
                0x0800a5c8       0x16 CMakeFiles/CtrBoard-H7_ALL.elf.dir/Middlewares/ST/STM32_USB_Device_Library/Core/Src/usbd_ioreq.c.obj
                0x0800a5c8                USBD_CtlReceiveStatus
 .text.makeFreeRtosPriority
                0x0800a5de        0xc CMakeFiles/CtrBoard-H7_ALL.elf.dir/Middlewares/Third_Party/FreeRTOS/Source/CMSIS_RTOS/cmsis_os.c.obj
 .text.osKernelStart
                0x0800a5ea        0xa CMakeFiles/CtrBoard-H7_ALL.elf.dir/Middlewares/Third_Party/FreeRTOS/Source/CMSIS_RTOS/cmsis_os.c.obj
                0x0800a5ea                osKernelStart
 .text.osThreadCreate
                0x0800a5f4       0x66 CMakeFiles/CtrBoard-H7_ALL.elf.dir/Middlewares/Third_Party/FreeRTOS/Source/CMSIS_RTOS/cmsis_os.c.obj
                0x0800a5f4                osThreadCreate
 .text.osDelay  0x0800a65a        0xe CMakeFiles/CtrBoard-H7_ALL.elf.dir/Middlewares/Third_Party/FreeRTOS/Source/CMSIS_RTOS/cmsis_os.c.obj
                0x0800a65a                osDelay
 .text.vListInitialise
                0x0800a668       0x16 CMakeFiles/CtrBoard-H7_ALL.elf.dir/Middlewares/Third_Party/FreeRTOS/Source/list.c.obj
                0x0800a668                vListInitialise
 .text.vListInitialiseItem
                0x0800a67e        0x6 CMakeFiles/CtrBoard-H7_ALL.elf.dir/Middlewares/Third_Party/FreeRTOS/Source/list.c.obj
                0x0800a67e                vListInitialiseItem
 .text.vListInsertEnd
                0x0800a684       0x16 CMakeFiles/CtrBoard-H7_ALL.elf.dir/Middlewares/Third_Party/FreeRTOS/Source/list.c.obj
                0x0800a684                vListInsertEnd
 .text.vListInsert
                0x0800a69a       0x32 CMakeFiles/CtrBoard-H7_ALL.elf.dir/Middlewares/Third_Party/FreeRTOS/Source/list.c.obj
                0x0800a69a                vListInsert
 .text.uxListRemove
                0x0800a6cc       0x26 CMakeFiles/CtrBoard-H7_ALL.elf.dir/Middlewares/Third_Party/FreeRTOS/Source/list.c.obj
                0x0800a6cc                uxListRemove
 *fill*         0x0800a6f2        0x2 
 .text.prvTaskExitError
                0x0800a6f4       0x40 CMakeFiles/CtrBoard-H7_ALL.elf.dir/Middlewares/Third_Party/FreeRTOS/Source/portable/GCC/ARM_CM4F/port.c.obj
 .text.prvPortStartFirstTask
                0x0800a734       0x28 CMakeFiles/CtrBoard-H7_ALL.elf.dir/Middlewares/Third_Party/FreeRTOS/Source/portable/GCC/ARM_CM4F/port.c.obj
 .text.vPortEnableVFP
                0x0800a75c       0x14 CMakeFiles/CtrBoard-H7_ALL.elf.dir/Middlewares/Third_Party/FreeRTOS/Source/portable/GCC/ARM_CM4F/port.c.obj
 .text.pxPortInitialiseStack
                0x0800a770       0x2c CMakeFiles/CtrBoard-H7_ALL.elf.dir/Middlewares/Third_Party/FreeRTOS/Source/portable/GCC/ARM_CM4F/port.c.obj
                0x0800a770                pxPortInitialiseStack
 *fill*         0x0800a79c        0x4 
 .text.SVC_Handler
                0x0800a7a0       0x24 CMakeFiles/CtrBoard-H7_ALL.elf.dir/Middlewares/Third_Party/FreeRTOS/Source/portable/GCC/ARM_CM4F/port.c.obj
                0x0800a7a0                SVC_Handler
 .text.vPortEnterCritical
                0x0800a7c4       0x44 CMakeFiles/CtrBoard-H7_ALL.elf.dir/Middlewares/Third_Party/FreeRTOS/Source/portable/GCC/ARM_CM4F/port.c.obj
                0x0800a7c4                vPortEnterCritical
 .text.vPortExitCritical
                0x0800a808       0x2c CMakeFiles/CtrBoard-H7_ALL.elf.dir/Middlewares/Third_Party/FreeRTOS/Source/portable/GCC/ARM_CM4F/port.c.obj
                0x0800a808                vPortExitCritical
 *fill*         0x0800a834        0xc 
 .text.PendSV_Handler
                0x0800a840       0x64 CMakeFiles/CtrBoard-H7_ALL.elf.dir/Middlewares/Third_Party/FreeRTOS/Source/portable/GCC/ARM_CM4F/port.c.obj
                0x0800a840                PendSV_Handler
 .text.SysTick_Handler
                0x0800a8a4       0x2c CMakeFiles/CtrBoard-H7_ALL.elf.dir/Middlewares/Third_Party/FreeRTOS/Source/portable/GCC/ARM_CM4F/port.c.obj
                0x0800a8a4                SysTick_Handler
 .text.vPortSetupTimerInterrupt
                0x0800a8d0       0x28 CMakeFiles/CtrBoard-H7_ALL.elf.dir/Middlewares/Third_Party/FreeRTOS/Source/portable/GCC/ARM_CM4F/port.c.obj
                0x0800a8d0                vPortSetupTimerInterrupt
 .text.xPortStartScheduler
                0x0800a8f8      0x118 CMakeFiles/CtrBoard-H7_ALL.elf.dir/Middlewares/Third_Party/FreeRTOS/Source/portable/GCC/ARM_CM4F/port.c.obj
                0x0800a8f8                xPortStartScheduler
 .text.vPortValidateInterruptPriority
                0x0800aa10       0x5c CMakeFiles/CtrBoard-H7_ALL.elf.dir/Middlewares/Third_Party/FreeRTOS/Source/portable/GCC/ARM_CM4F/port.c.obj
                0x0800aa10                vPortValidateInterruptPriority
 .text.prvHeapInit
                0x0800aa6c       0x64 CMakeFiles/CtrBoard-H7_ALL.elf.dir/Middlewares/Third_Party/FreeRTOS/Source/portable/MemMang/heap_4.c.obj
 .text.prvInsertBlockIntoFreeList
                0x0800aad0       0x64 CMakeFiles/CtrBoard-H7_ALL.elf.dir/Middlewares/Third_Party/FreeRTOS/Source/portable/MemMang/heap_4.c.obj
 .text.pvPortMalloc
                0x0800ab34      0x104 CMakeFiles/CtrBoard-H7_ALL.elf.dir/Middlewares/Third_Party/FreeRTOS/Source/portable/MemMang/heap_4.c.obj
                0x0800ab34                pvPortMalloc
 .text.vPortFree
                0x0800ac38       0x7c CMakeFiles/CtrBoard-H7_ALL.elf.dir/Middlewares/Third_Party/FreeRTOS/Source/portable/MemMang/heap_4.c.obj
                0x0800ac38                vPortFree
 .text.prvGetDisinheritPriorityAfterTimeout
                0x0800acb4       0x10 CMakeFiles/CtrBoard-H7_ALL.elf.dir/Middlewares/Third_Party/FreeRTOS/Source/queue.c.obj
 .text.prvIsQueueFull
                0x0800acc4       0x1e CMakeFiles/CtrBoard-H7_ALL.elf.dir/Middlewares/Third_Party/FreeRTOS/Source/queue.c.obj
 .text.prvIsQueueEmpty
                0x0800ace2       0x1a CMakeFiles/CtrBoard-H7_ALL.elf.dir/Middlewares/Third_Party/FreeRTOS/Source/queue.c.obj
 .text.prvCopyDataToQueue
                0x0800acfc       0x76 CMakeFiles/CtrBoard-H7_ALL.elf.dir/Middlewares/Third_Party/FreeRTOS/Source/queue.c.obj
 .text.prvCopyDataFromQueue
                0x0800ad72       0x24 CMakeFiles/CtrBoard-H7_ALL.elf.dir/Middlewares/Third_Party/FreeRTOS/Source/queue.c.obj
 .text.prvUnlockQueue
                0x0800ad96       0x6e CMakeFiles/CtrBoard-H7_ALL.elf.dir/Middlewares/Third_Party/FreeRTOS/Source/queue.c.obj
 .text.xQueueGenericReset
                0x0800ae04       0x84 CMakeFiles/CtrBoard-H7_ALL.elf.dir/Middlewares/Third_Party/FreeRTOS/Source/queue.c.obj
                0x0800ae04                xQueueGenericReset
 .text.prvInitialiseNewQueue
                0x0800ae88       0x22 CMakeFiles/CtrBoard-H7_ALL.elf.dir/Middlewares/Third_Party/FreeRTOS/Source/queue.c.obj
 .text.xQueueGenericCreateStatic
                0x0800aeaa       0xa6 CMakeFiles/CtrBoard-H7_ALL.elf.dir/Middlewares/Third_Party/FreeRTOS/Source/queue.c.obj
                0x0800aeaa                xQueueGenericCreateStatic
 .text.xQueueGenericCreate
                0x0800af50       0x48 CMakeFiles/CtrBoard-H7_ALL.elf.dir/Middlewares/Third_Party/FreeRTOS/Source/queue.c.obj
                0x0800af50                xQueueGenericCreate
 .text.xQueueGenericSend
                0x0800af98      0x188 CMakeFiles/CtrBoard-H7_ALL.elf.dir/Middlewares/Third_Party/FreeRTOS/Source/queue.c.obj
                0x0800af98                xQueueGenericSend
 .text.prvInitialiseMutex
                0x0800b120       0x18 CMakeFiles/CtrBoard-H7_ALL.elf.dir/Middlewares/Third_Party/FreeRTOS/Source/queue.c.obj
 .text.xQueueCreateMutex
                0x0800b138       0x16 CMakeFiles/CtrBoard-H7_ALL.elf.dir/Middlewares/Third_Party/FreeRTOS/Source/queue.c.obj
                0x0800b138                xQueueCreateMutex
 .text.xQueueGenericSendFromISR
                0x0800b14e       0xce CMakeFiles/CtrBoard-H7_ALL.elf.dir/Middlewares/Third_Party/FreeRTOS/Source/queue.c.obj
                0x0800b14e                xQueueGenericSendFromISR
 .text.xQueueGiveFromISR
                0x0800b21c       0xb2 CMakeFiles/CtrBoard-H7_ALL.elf.dir/Middlewares/Third_Party/FreeRTOS/Source/queue.c.obj
                0x0800b21c                xQueueGiveFromISR
 .text.xQueueReceive
                0x0800b2ce      0x15e CMakeFiles/CtrBoard-H7_ALL.elf.dir/Middlewares/Third_Party/FreeRTOS/Source/queue.c.obj
                0x0800b2ce                xQueueReceive
 .text.xQueueSemaphoreTake
                0x0800b42c      0x1a6 CMakeFiles/CtrBoard-H7_ALL.elf.dir/Middlewares/Third_Party/FreeRTOS/Source/queue.c.obj
                0x0800b42c                xQueueSemaphoreTake
 *fill*         0x0800b5d2        0x2 
 .text.vQueueAddToRegistry
                0x0800b5d4       0x28 CMakeFiles/CtrBoard-H7_ALL.elf.dir/Middlewares/Third_Party/FreeRTOS/Source/queue.c.obj
                0x0800b5d4                vQueueAddToRegistry
 .text.vQueueWaitForMessageRestricted
                0x0800b5fc       0x52 CMakeFiles/CtrBoard-H7_ALL.elf.dir/Middlewares/Third_Party/FreeRTOS/Source/queue.c.obj
                0x0800b5fc                vQueueWaitForMessageRestricted
 *fill*         0x0800b64e        0x2 
 .text.prvResetNextTaskUnblockTime
                0x0800b650       0x2c CMakeFiles/CtrBoard-H7_ALL.elf.dir/Middlewares/Third_Party/FreeRTOS/Source/tasks.c.obj
 .text.prvInitialiseNewTask
                0x0800b67c       0xa2 CMakeFiles/CtrBoard-H7_ALL.elf.dir/Middlewares/Third_Party/FreeRTOS/Source/tasks.c.obj
 *fill*         0x0800b71e        0x2 
 .text.prvInitialiseTaskLists
                0x0800b720       0x68 CMakeFiles/CtrBoard-H7_ALL.elf.dir/Middlewares/Third_Party/FreeRTOS/Source/tasks.c.obj
 .text.prvAddNewTaskToReadyList
                0x0800b788       0xac CMakeFiles/CtrBoard-H7_ALL.elf.dir/Middlewares/Third_Party/FreeRTOS/Source/tasks.c.obj
 .text.prvDeleteTCB
                0x0800b834       0x38 CMakeFiles/CtrBoard-H7_ALL.elf.dir/Middlewares/Third_Party/FreeRTOS/Source/tasks.c.obj
 .text.prvCheckTasksWaitingTermination
                0x0800b86c       0x4c CMakeFiles/CtrBoard-H7_ALL.elf.dir/Middlewares/Third_Party/FreeRTOS/Source/tasks.c.obj
 .text.prvIdleTask
                0x0800b8b8       0x28 CMakeFiles/CtrBoard-H7_ALL.elf.dir/Middlewares/Third_Party/FreeRTOS/Source/tasks.c.obj
 .text.prvAddCurrentTaskToDelayedList
                0x0800b8e0       0xa0 CMakeFiles/CtrBoard-H7_ALL.elf.dir/Middlewares/Third_Party/FreeRTOS/Source/tasks.c.obj
 .text.xTaskCreateStatic
                0x0800b980       0x76 CMakeFiles/CtrBoard-H7_ALL.elf.dir/Middlewares/Third_Party/FreeRTOS/Source/tasks.c.obj
                0x0800b980                xTaskCreateStatic
 .text.xTaskCreate
                0x0800b9f6       0x64 CMakeFiles/CtrBoard-H7_ALL.elf.dir/Middlewares/Third_Party/FreeRTOS/Source/tasks.c.obj
                0x0800b9f6                xTaskCreate
 *fill*         0x0800ba5a        0x2 
 .text.vTaskStartScheduler
                0x0800ba5c       0x98 CMakeFiles/CtrBoard-H7_ALL.elf.dir/Middlewares/Third_Party/FreeRTOS/Source/tasks.c.obj
                0x0800ba5c                vTaskStartScheduler
 .text.vTaskSuspendAll
                0x0800baf4       0x10 CMakeFiles/CtrBoard-H7_ALL.elf.dir/Middlewares/Third_Party/FreeRTOS/Source/tasks.c.obj
                0x0800baf4                vTaskSuspendAll
 .text.xTaskGetTickCount
                0x0800bb04        0xc CMakeFiles/CtrBoard-H7_ALL.elf.dir/Middlewares/Third_Party/FreeRTOS/Source/tasks.c.obj
                0x0800bb04                xTaskGetTickCount
 .text.xTaskIncrementTick
                0x0800bb10      0x118 CMakeFiles/CtrBoard-H7_ALL.elf.dir/Middlewares/Third_Party/FreeRTOS/Source/tasks.c.obj
                0x0800bb10                xTaskIncrementTick
 .text.xTaskResumeAll
                0x0800bc28       0xf8 CMakeFiles/CtrBoard-H7_ALL.elf.dir/Middlewares/Third_Party/FreeRTOS/Source/tasks.c.obj
                0x0800bc28                xTaskResumeAll
 .text.vTaskDelay
                0x0800bd20       0x4c CMakeFiles/CtrBoard-H7_ALL.elf.dir/Middlewares/Third_Party/FreeRTOS/Source/tasks.c.obj
                0x0800bd20                vTaskDelay
 .text.vTaskSwitchContext
                0x0800bd6c       0x98 CMakeFiles/CtrBoard-H7_ALL.elf.dir/Middlewares/Third_Party/FreeRTOS/Source/tasks.c.obj
                0x0800bd6c                vTaskSwitchContext
 .text.vTaskPlaceOnEventList
                0x0800be04       0x30 CMakeFiles/CtrBoard-H7_ALL.elf.dir/Middlewares/Third_Party/FreeRTOS/Source/tasks.c.obj
                0x0800be04                vTaskPlaceOnEventList
 .text.vTaskPlaceOnEventListRestricted
                0x0800be34       0x38 CMakeFiles/CtrBoard-H7_ALL.elf.dir/Middlewares/Third_Party/FreeRTOS/Source/tasks.c.obj
                0x0800be34                vTaskPlaceOnEventListRestricted
 .text.xTaskRemoveFromEventList
                0x0800be6c       0x8c CMakeFiles/CtrBoard-H7_ALL.elf.dir/Middlewares/Third_Party/FreeRTOS/Source/tasks.c.obj
                0x0800be6c                xTaskRemoveFromEventList
 .text.vTaskInternalSetTimeOutState
                0x0800bef8       0x18 CMakeFiles/CtrBoard-H7_ALL.elf.dir/Middlewares/Third_Party/FreeRTOS/Source/tasks.c.obj
                0x0800bef8                vTaskInternalSetTimeOutState
 .text.xTaskCheckForTimeOut
                0x0800bf10       0x84 CMakeFiles/CtrBoard-H7_ALL.elf.dir/Middlewares/Third_Party/FreeRTOS/Source/tasks.c.obj
                0x0800bf10                xTaskCheckForTimeOut
 .text.vTaskMissedYield
                0x0800bf94        0xc CMakeFiles/CtrBoard-H7_ALL.elf.dir/Middlewares/Third_Party/FreeRTOS/Source/tasks.c.obj
                0x0800bf94                vTaskMissedYield
 .text.xTaskGetSchedulerState
                0x0800bfa0       0x20 CMakeFiles/CtrBoard-H7_ALL.elf.dir/Middlewares/Third_Party/FreeRTOS/Source/tasks.c.obj
                0x0800bfa0                xTaskGetSchedulerState
 .text.xTaskPriorityInherit
                0x0800bfc0       0xac CMakeFiles/CtrBoard-H7_ALL.elf.dir/Middlewares/Third_Party/FreeRTOS/Source/tasks.c.obj
                0x0800bfc0                xTaskPriorityInherit
 .text.xTaskPriorityDisinherit
                0x0800c06c       0xb0 CMakeFiles/CtrBoard-H7_ALL.elf.dir/Middlewares/Third_Party/FreeRTOS/Source/tasks.c.obj
                0x0800c06c                xTaskPriorityDisinherit
 .text.vTaskPriorityDisinheritAfterTimeout
                0x0800c11c       0xb4 CMakeFiles/CtrBoard-H7_ALL.elf.dir/Middlewares/Third_Party/FreeRTOS/Source/tasks.c.obj
                0x0800c11c                vTaskPriorityDisinheritAfterTimeout
 .text.pvTaskIncrementMutexHeldCount
                0x0800c1d0       0x1c CMakeFiles/CtrBoard-H7_ALL.elf.dir/Middlewares/Third_Party/FreeRTOS/Source/tasks.c.obj
                0x0800c1d0                pvTaskIncrementMutexHeldCount
 .text.prvGetNextExpireTime
                0x0800c1ec       0x20 CMakeFiles/CtrBoard-H7_ALL.elf.dir/Middlewares/Third_Party/FreeRTOS/Source/timers.c.obj
 .text.prvInsertTimerInActiveList
                0x0800c20c       0x50 CMakeFiles/CtrBoard-H7_ALL.elf.dir/Middlewares/Third_Party/FreeRTOS/Source/timers.c.obj
 .text.prvCheckForValidListAndQueue
                0x0800c25c       0x70 CMakeFiles/CtrBoard-H7_ALL.elf.dir/Middlewares/Third_Party/FreeRTOS/Source/timers.c.obj
 .text.xTimerCreateTimerTask
                0x0800c2cc       0x64 CMakeFiles/CtrBoard-H7_ALL.elf.dir/Middlewares/Third_Party/FreeRTOS/Source/timers.c.obj
                0x0800c2cc                xTimerCreateTimerTask
 .text.xTimerGenericCommand
                0x0800c330       0x6c CMakeFiles/CtrBoard-H7_ALL.elf.dir/Middlewares/Third_Party/FreeRTOS/Source/timers.c.obj
                0x0800c330                xTimerGenericCommand
 .text.prvSwitchTimerLists
                0x0800c39c       0x7c CMakeFiles/CtrBoard-H7_ALL.elf.dir/Middlewares/Third_Party/FreeRTOS/Source/timers.c.obj
 .text.prvSampleTimeNow
                0x0800c418       0x2c CMakeFiles/CtrBoard-H7_ALL.elf.dir/Middlewares/Third_Party/FreeRTOS/Source/timers.c.obj
 .text.prvProcessExpiredTimer
                0x0800c444       0x6c CMakeFiles/CtrBoard-H7_ALL.elf.dir/Middlewares/Third_Party/FreeRTOS/Source/timers.c.obj
 .text.prvProcessTimerOrBlockTask
                0x0800c4b0       0x78 CMakeFiles/CtrBoard-H7_ALL.elf.dir/Middlewares/Third_Party/FreeRTOS/Source/timers.c.obj
 .text.prvProcessReceivedCommands
                0x0800c528      0x10c CMakeFiles/CtrBoard-H7_ALL.elf.dir/Middlewares/Third_Party/FreeRTOS/Source/timers.c.obj
 .text.prvTimerTask
                0x0800c634       0x16 CMakeFiles/CtrBoard-H7_ALL.elf.dir/Middlewares/Third_Party/FreeRTOS/Source/timers.c.obj
 *fill*         0x0800c64a        0x2 
 .text.MX_USB_DEVICE_Init
                0x0800c64c       0x58 CMakeFiles/CtrBoard-H7_ALL.elf.dir/USB_DEVICE/App/usb_device.c.obj
                0x0800c64c                MX_USB_DEVICE_Init
 .text.CDC_DeInit_HS
                0x0800c6a4        0x4 CMakeFiles/CtrBoard-H7_ALL.elf.dir/USB_DEVICE/App/usbd_cdc_if.c.obj
 .text.CDC_Control_HS
                0x0800c6a8        0x4 CMakeFiles/CtrBoard-H7_ALL.elf.dir/USB_DEVICE/App/usbd_cdc_if.c.obj
 .text.CDC_TransmitCplt_HS
                0x0800c6ac        0x4 CMakeFiles/CtrBoard-H7_ALL.elf.dir/USB_DEVICE/App/usbd_cdc_if.c.obj
 .text.CDC_Receive_HS
                0x0800c6b0       0x1c CMakeFiles/CtrBoard-H7_ALL.elf.dir/USB_DEVICE/App/usbd_cdc_if.c.obj
 .text.CDC_Init_HS
                0x0800c6cc       0x28 CMakeFiles/CtrBoard-H7_ALL.elf.dir/USB_DEVICE/App/usbd_cdc_if.c.obj
 .text.USBD_HS_DeviceDescriptor
                0x0800c6f4        0xc CMakeFiles/CtrBoard-H7_ALL.elf.dir/USB_DEVICE/App/usbd_desc.c.obj
                0x0800c6f4                USBD_HS_DeviceDescriptor
 .text.USBD_HS_LangIDStrDescriptor
                0x0800c700        0xc CMakeFiles/CtrBoard-H7_ALL.elf.dir/USB_DEVICE/App/usbd_desc.c.obj
                0x0800c700                USBD_HS_LangIDStrDescriptor
 .text.IntToUnicode
                0x0800c70c       0x46 CMakeFiles/CtrBoard-H7_ALL.elf.dir/USB_DEVICE/App/usbd_desc.c.obj
 *fill*         0x0800c752        0x2 
 .text.Get_SerialNum
                0x0800c754       0x38 CMakeFiles/CtrBoard-H7_ALL.elf.dir/USB_DEVICE/App/usbd_desc.c.obj
 .text.USBD_HS_SerialStrDescriptor
                0x0800c78c       0x14 CMakeFiles/CtrBoard-H7_ALL.elf.dir/USB_DEVICE/App/usbd_desc.c.obj
                0x0800c78c                USBD_HS_SerialStrDescriptor
 .text.USBD_HS_ProductStrDescriptor
                0x0800c7a0       0x24 CMakeFiles/CtrBoard-H7_ALL.elf.dir/USB_DEVICE/App/usbd_desc.c.obj
                0x0800c7a0                USBD_HS_ProductStrDescriptor
 .text.USBD_HS_ManufacturerStrDescriptor
                0x0800c7c4       0x1c CMakeFiles/CtrBoard-H7_ALL.elf.dir/USB_DEVICE/App/usbd_desc.c.obj